Archive member included to satisfy reference by file (symbol)

c:/st/stm32cubeide_1.12.1/stm32cubeide/plugins/com.st.stm32cube.ide.mcu.externaltools.gnu-tools-for-stm32.10.3-2021.10.win32_1.0.200.202301161003/tools/bin/../lib/gcc/arm-none-eabi/10.3.1/../../../../arm-none-eabi/lib/thumb/v7-m/nofp\libc_nano.a(lib_a-atoi.o)
                              ./Core/Src/main.o (atoi)
c:/st/stm32cubeide_1.12.1/stm32cubeide/plugins/com.st.stm32cube.ide.mcu.externaltools.gnu-tools-for-stm32.10.3-2021.10.win32_1.0.200.202301161003/tools/bin/../lib/gcc/arm-none-eabi/10.3.1/../../../../arm-none-eabi/lib/thumb/v7-m/nofp\libc_nano.a(lib_a-errno.o)
                              ./Core/Src/syscalls.o (__errno)
c:/st/stm32cubeide_1.12.1/stm32cubeide/plugins/com.st.stm32cube.ide.mcu.externaltools.gnu-tools-for-stm32.10.3-2021.10.win32_1.0.200.202301161003/tools/bin/../lib/gcc/arm-none-eabi/10.3.1/../../../../arm-none-eabi/lib/thumb/v7-m/nofp\libc_nano.a(lib_a-exit.o)
                              c:/st/stm32cubeide_1.12.1/stm32cubeide/plugins/com.st.stm32cube.ide.mcu.externaltools.gnu-tools-for-stm32.10.3-2021.10.win32_1.0.200.202301161003/tools/bin/../lib/gcc/arm-none-eabi/10.3.1/../../../../arm-none-eabi/lib/thumb/v7-m/nofp/crt0.o (exit)
c:/st/stm32cubeide_1.12.1/stm32cubeide/plugins/com.st.stm32cube.ide.mcu.externaltools.gnu-tools-for-stm32.10.3-2021.10.win32_1.0.200.202301161003/tools/bin/../lib/gcc/arm-none-eabi/10.3.1/../../../../arm-none-eabi/lib/thumb/v7-m/nofp\libc_nano.a(lib_a-impure.o)
                              c:/st/stm32cubeide_1.12.1/stm32cubeide/plugins/com.st.stm32cube.ide.mcu.externaltools.gnu-tools-for-stm32.10.3-2021.10.win32_1.0.200.202301161003/tools/bin/../lib/gcc/arm-none-eabi/10.3.1/../../../../arm-none-eabi/lib/thumb/v7-m/nofp\libc_nano.a(lib_a-exit.o) (_global_impure_ptr)
c:/st/stm32cubeide_1.12.1/stm32cubeide/plugins/com.st.stm32cube.ide.mcu.externaltools.gnu-tools-for-stm32.10.3-2021.10.win32_1.0.200.202301161003/tools/bin/../lib/gcc/arm-none-eabi/10.3.1/../../../../arm-none-eabi/lib/thumb/v7-m/nofp\libc_nano.a(lib_a-init.o)
                              c:/st/stm32cubeide_1.12.1/stm32cubeide/plugins/com.st.stm32cube.ide.mcu.externaltools.gnu-tools-for-stm32.10.3-2021.10.win32_1.0.200.202301161003/tools/bin/../lib/gcc/arm-none-eabi/10.3.1/../../../../arm-none-eabi/lib/thumb/v7-m/nofp/crt0.o (__libc_init_array)
c:/st/stm32cubeide_1.12.1/stm32cubeide/plugins/com.st.stm32cube.ide.mcu.externaltools.gnu-tools-for-stm32.10.3-2021.10.win32_1.0.200.202301161003/tools/bin/../lib/gcc/arm-none-eabi/10.3.1/../../../../arm-none-eabi/lib/thumb/v7-m/nofp\libc_nano.a(lib_a-memcpy-stub.o)
                              ./Core/Src/rc522.o (memcpy)
c:/st/stm32cubeide_1.12.1/stm32cubeide/plugins/com.st.stm32cube.ide.mcu.externaltools.gnu-tools-for-stm32.10.3-2021.10.win32_1.0.200.202301161003/tools/bin/../lib/gcc/arm-none-eabi/10.3.1/../../../../arm-none-eabi/lib/thumb/v7-m/nofp\libc_nano.a(lib_a-memset.o)
                              c:/st/stm32cubeide_1.12.1/stm32cubeide/plugins/com.st.stm32cube.ide.mcu.externaltools.gnu-tools-for-stm32.10.3-2021.10.win32_1.0.200.202301161003/tools/bin/../lib/gcc/arm-none-eabi/10.3.1/../../../../arm-none-eabi/lib/thumb/v7-m/nofp/crt0.o (memset)
c:/st/stm32cubeide_1.12.1/stm32cubeide/plugins/com.st.stm32cube.ide.mcu.externaltools.gnu-tools-for-stm32.10.3-2021.10.win32_1.0.200.202301161003/tools/bin/../lib/gcc/arm-none-eabi/10.3.1/../../../../arm-none-eabi/lib/thumb/v7-m/nofp\libc_nano.a(lib_a-sprintf.o)
                              ./Core/Src/main.o (sprintf)
c:/st/stm32cubeide_1.12.1/stm32cubeide/plugins/com.st.stm32cube.ide.mcu.externaltools.gnu-tools-for-stm32.10.3-2021.10.win32_1.0.200.202301161003/tools/bin/../lib/gcc/arm-none-eabi/10.3.1/../../../../arm-none-eabi/lib/thumb/v7-m/nofp\libc_nano.a(lib_a-strlen.o)
                              ./Core/Src/main.o (strlen)
c:/st/stm32cubeide_1.12.1/stm32cubeide/plugins/com.st.stm32cube.ide.mcu.externaltools.gnu-tools-for-stm32.10.3-2021.10.win32_1.0.200.202301161003/tools/bin/../lib/gcc/arm-none-eabi/10.3.1/../../../../arm-none-eabi/lib/thumb/v7-m/nofp\libc_nano.a(lib_a-strncpy.o)
                              ./Core/Src/main.o (strncpy)
c:/st/stm32cubeide_1.12.1/stm32cubeide/plugins/com.st.stm32cube.ide.mcu.externaltools.gnu-tools-for-stm32.10.3-2021.10.win32_1.0.200.202301161003/tools/bin/../lib/gcc/arm-none-eabi/10.3.1/../../../../arm-none-eabi/lib/thumb/v7-m/nofp\libc_nano.a(lib_a-strtol.o)
                              c:/st/stm32cubeide_1.12.1/stm32cubeide/plugins/com.st.stm32cube.ide.mcu.externaltools.gnu-tools-for-stm32.10.3-2021.10.win32_1.0.200.202301161003/tools/bin/../lib/gcc/arm-none-eabi/10.3.1/../../../../arm-none-eabi/lib/thumb/v7-m/nofp\libc_nano.a(lib_a-atoi.o) (_strtol_r)
[...]
Memory Configuration

Name             Origin             Length             Attributes
RAM              0x0000000020000000 0x0000000000005000 xrw
FLASH            0x0000000008000000 0x0000000000020000 xr
*default*        0x0000000000000000 0xffffffffffffffff

Linker script and memory map

LOAD c:/st/stm32cubeide_1.12.1/stm32cubeide/plugins/com.st.stm32cube.ide.mcu.externaltools.gnu-tools-for-stm32.10.3-2021.10.win32_1.0.200.202301161003/tools/bin/../lib/gcc/arm-none-eabi/10.3.1/thumb/v7-m/nofp/crti.o
LOAD c:/st/stm32cubeide_1.12.1/stm32cubeide/plugins/com.st.stm32cube.ide.mcu.externaltools.gnu-tools-for-stm32.10.3-2021.10.win32_1.0.200.202301161003/tools/bin/../lib/gcc/arm-none-eabi/10.3.1/thumb/v7-m/nofp/crtbegin.o
LOAD c:/st/stm32cubeide_1.12.1/stm32cubeide/plugins/com.st.stm32cube.ide.mcu.externaltools.gnu-tools-for-stm32.10.3-2021.10.win32_1.0.200.202301161003/tools/bin/../lib/gcc/arm-none-eabi/10.3.1/../../../../arm-none-eabi/lib/thumb/v7-m/nofp/crt0.o
LOAD ./Core/Src/geotextLib.o
LOAD ./Core/Src/liquidcrystal_i2c.o
LOAD ./Core/Src/main.o
LOAD ./Core/Src/quectelCommands.o
LOAD ./Core/Src/rc522.o
LOAD ./Core/Src/stm32f1xx_hal_msp.o
LOAD ./Core/Src/stm32f1xx_it.o
LOAD ./Core/Src/switchSounds.o
LOAD ./Core/Src/syscalls.o
LOAD ./Core/Src/sysmem.o
LOAD ./Core/Src/system_stm32f1xx.o
LOAD ./Core/Startup/startup_stm32f103cbtx.o
LOAD ./Drivers/STM32F1xx_HAL_Driver/Src/stm32f1xx_hal.o
LOAD ./Drivers/STM32F1xx_HAL_Driver/Src/stm32f1xx_hal_cortex.o
LOAD ./Drivers/STM32F1xx_HAL_Driver/Src/stm32f1xx_hal_dma.o
LOAD ./Drivers/STM32F1xx_HAL_Driver/Src/stm32f1xx_hal_exti.o
LOAD ./Drivers/STM32F1xx_HAL_Driver/Src/stm32f1xx_hal_flash.o
LOAD ./Drivers/STM32F1xx_HAL_Driver/Src/stm32f1xx_hal_flash_ex.o
LOAD ./Drivers/STM32F1xx_HAL_Driver/Src/stm32f1xx_hal_gpio.o
LOAD ./Drivers/STM32F1xx_HAL_Driver/Src/stm32f1xx_hal_gpio_ex.o
LOAD ./Drivers/STM32F1xx_HAL_Driver/Src/stm32f1xx_hal_i2c.o
LOAD ./Drivers/STM32F1xx_HAL_Driver/Src/stm32f1xx_hal_pwr.o
LOAD ./Drivers/STM32F1xx_HAL_Driver/Src/stm32f1xx_hal_rcc.o
LOAD ./Drivers/STM32F1xx_HAL_Driver/Src/stm32f1xx_hal_rcc_ex.o
LOAD ./Drivers/STM32F1xx_HAL_Driver/Src/stm32f1xx_hal_spi.o
LOAD ./Drivers/STM32F1xx_HAL_Driver/Src/stm32f1xx_hal_tim.o
LOAD ./Drivers/STM32F1xx_HAL_Driver/Src/stm32f1xx_hal_tim_ex.o
LOAD ./Drivers/STM32F1xx_HAL_Driver/Src/stm32f1xx_hal_uart.o
START GROUP
LOAD c:/st/stm32cubeide_1.12.1/stm32cubeide/plugins/com.st.stm32cube.ide.mcu.externaltools.gnu-tools-for-stm32.10.3-2021.10.win32_1.0.200.202301161003/tools/bin/../lib/gcc/arm-none-eabi/10.3.1/../../../../arm-none-eabi/lib/thumb/v7-m/nofp\libc_nano.a
LOAD c:/st/stm32cubeide_1.12.1/stm32cubeide/plugins/com.st.stm32cube.ide.mcu.externaltools.gnu-tools-for-stm32.10.3-2021.10.win32_1.0.200.202301161003/tools/bin/../lib/gcc/arm-none-eabi/10.3.1/../../../../arm-none-eabi/lib/thumb/v7-m/nofp\libm.a
END GROUP
START GROUP
LOAD c:/st/stm32cubeide_1.12.1/stm32cubeide/plugins/com.st.stm32cube.ide.mcu.externaltools.gnu-tools-for-stm32.10.3-2021.10.win32_1.0.200.202301161003/tools/bin/../lib/gcc/arm-none-eabi/10.3.1/thumb/v7-m/nofp\libgcc.a
LOAD c:/st/stm32cubeide_1.12.1/stm32cubeide/plugins/com.st.stm32cube.ide.mcu.externaltools.gnu-tools-for-stm32.10.3-2021.10.win32_1.0.200.202301161003/tools/bin/../lib/gcc/arm-none-eabi/10.3.1/../../../../arm-none-eabi/lib/thumb/v7-m/nofp\libc_nano.a
END GROUP
START GROUP
LOAD c:/st/stm32cubeide_1.12.1/stm32cubeide/plugins/com.st.stm32cube.ide.mcu.externaltools.gnu-tools-for-stm32.10.3-2021.10.win32_1.0.200.202301161003/tools/bin/../lib/gcc/arm-none-eabi/10.3.1/thumb/v7-m/nofp\libgcc.a
LOAD c:/st/stm32cubeide_1.12.1/stm32cubeide/plugins/com.st.stm32cube.ide.mcu.externaltools.gnu-tools-for-stm32.10.3-2021.10.win32_1.0.200.202301161003/tools/bin/../lib/gcc/arm-none-eabi/10.3.1/../../../../arm-none-eabi/lib/thumb/v7-m/nofp\libc_nano.a
LOAD c:/st/stm32cubeide_1.12.1/stm32cubeide/plugins/com.st.stm32cube.ide.mcu.externaltools.gnu-tools-for-stm32.10.3-2021.10.win32_1.0.200.202301161003/tools/bin/../lib/gcc/arm-none-eabi/10.3.1/../../../../arm-none-eabi/lib/thumb/v7-m/nofp\libnosys.a
END GROUP
START GROUP
LOAD c:/st/stm32cubeide_1.12.1/stm32cubeide/plugins/com.st.stm32cube.ide.mcu.externaltools.gnu-tools-for-stm32.10.3-2021.10.win32_1.0.200.202301161003/tools/bin/../lib/gcc/arm-none-eabi/10.3.1/thumb/v7-m/nofp\libgcc.a
LOAD c:/st/stm32cubeide_1.12.1/stm32cubeide/plugins/com.st.stm32cube.ide.mcu.externaltools.gnu-tools-for-stm32.10.3-2021.10.win32_1.0.200.202301161003/tools/bin/../lib/gcc/arm-none-eabi/10.3.1/../../../../arm-none-eabi/lib/thumb/v7-m/nofp\libc_nano.a
LOAD c:/st/stm32cubeide_1.12.1/stm32cubeide/plugins/com.st.stm32cube.ide.mcu.externaltools.gnu-tools-for-stm32.10.3-2021.10.win32_1.0.200.202301161003/tools/bin/../lib/gcc/arm-none-eabi/10.3.1/../../../../arm-none-eabi/lib/thumb/v7-m/nofp\libnosys.a
END GROUP
LOAD c:/st/stm32cubeide_1.12.1/stm32cubeide/plugins/com.st.stm32cube.ide.mcu.externaltools.gnu-tools-for-stm32.10.3-2021.10.win32_1.0.200.202301161003/tools/bin/../lib/gcc/arm-none-eabi/10.3.1/thumb/v7-m/nofp/crtend.o
LOAD c:/st/stm32cubeide_1.12.1/stm32cubeide/plugins/com.st.stm32cube.ide.mcu.externaltools.gnu-tools-for-stm32.10.3-2021.10.win32_1.0.200.202301161003/tools/bin/../lib/gcc/arm-none-eabi/10.3.1/thumb/v7-m/nofp/crtn.o
                0x0000000020005000                _estack = (ORIGIN (RAM) + LENGTH (RAM))
                0x0000000000000200                _Min_Heap_Size = 0x200
                0x0000000000000400                _Min_Stack_Size = 0x400

.isr_vector     0x0000000008000000      0x10c
                0x0000000008000000                . = ALIGN (0x4)
 *(.isr_vector)
 .isr_vector    0x0000000008000000      0x10c ./Core/Startup/startup_stm32f103cbtx.o
                0x0000000008000000                g_pfnVectors
                0x000000000800010c                . = ALIGN (0x4)

.text           0x000000000800010c     0x5878
                0x000000000800010c                . = ALIGN (0x4)
 *(.text)
 .text          0x000000000800010c       0x40 c:/st/stm32cubeide_1.12.1/stm32cubeide/plugins/com.st.stm32cube.ide.mcu.externaltools.gnu-tools-for-stm32.10.3-2021.10.win32_1.0.200.202301161003/tools/bin/../lib/gcc/arm-none-eabi/10.3.1/thumb/v7-m/nofp/crtbegin.o
 .text          0x000000000800014c       0x10 c:/st/stm32cubeide_1.12.1/stm32cubeide/plugins/com.st.stm32cube.ide.mcu.externaltools.gnu-tools-for-stm32.10.3-2021.10.win32_1.0.200.202301161003/tools/bin/../lib/gcc/arm-none-eabi/10.3.1/../../../../arm-none-eabi/lib/thumb/v7-m/nofp\libc_nano.a(lib_a-strlen.o)
                0x000000000800014c                strlen
 *(.text*)
 .text.printMzadVar
                0x000000000800015c      0x128 ./Core/Src/geotextLib.o
                0x000000000800015c                printMzadVar
 .text.printUcxoBaratia
                0x0000000008000284      0x174 ./Core/Src/geotextLib.o
                0x0000000008000284                printUcxoBaratia
 .text.printBlansiAraa
                0x00000000080003f8      0x158 ./Core/Src/geotextLib.o
                0x00000000080003f8                printBlansiAraa
 .text.printMiadetBarati
                0x0000000008000550      0x1a0 ./Core/Src/geotextLib.o
                0x0000000008000550                printMiadetBarati
 .text.printShecdoma
                0x00000000080006f0      0x120 ./Core/Src/geotextLib.o
                0x00000000080006f0                printShecdoma
 .text.printDaicadet
                0x0000000008000810      0x11c ./Core/Src/geotextLib.o
                0x0000000008000810                printDaicadet
 .text.printBalansi
                0x000000000800092c      0x104 ./Core/Src/geotextLib.o
                0x000000000800092c                printBalansi
 .text.HD44780_Init
                0x0000000008000a30      0x108 ./Core/Src/liquidcrystal_i2c.o
                0x0000000008000a30                HD44780_Init
 .text.HD44780_Clear
                0x0000000008000b38       0x16 ./Core/Src/liquidcrystal_i2c.o
                0x0000000008000b38                HD44780_Clear
 .text.HD44780_Home
                0x0000000008000b4e       0x16 ./Core/Src/liquidcrystal_i2c.o
                0x0000000008000b4e                HD44780_Home
 .text.HD44780_SetCursor
                0x0000000008000b64       0x64 ./Core/Src/liquidcrystal_i2c.o
                0x0000000008000b64                HD44780_SetCursor
 .text.HD44780_Display
                0x0000000008000bc8       0x2c ./Core/Src/liquidcrystal_i2c.o
                0x0000000008000bc8                HD44780_Display
 .text.HD44780_CreateSpecialChar
                0x0000000008000bf4       0x52 ./Core/Src/liquidcrystal_i2c.o
                0x0000000008000bf4                HD44780_CreateSpecialChar
 .text.HD44780_PrintSpecialChar
                0x0000000008000c46       0x1a ./Core/Src/liquidcrystal_i2c.o
                0x0000000008000c46                HD44780_PrintSpecialChar
 .text.HD44780_PrintStr
                0x0000000008000c60       0x2a ./Core/Src/liquidcrystal_i2c.o
                0x0000000008000c60                HD44780_PrintStr
 .text.SendCommand
                0x0000000008000c8a       0x1c ./Core/Src/liquidcrystal_i2c.o
 .text.SendChar
                0x0000000008000ca6       0x1c ./Core/Src/liquidcrystal_i2c.o
 .text.Send     0x0000000008000cc2       0x42 ./Core/Src/liquidcrystal_i2c.o
 .text.Write4Bits
                0x0000000008000d04       0x22 ./Core/Src/liquidcrystal_i2c.o
 *fill*         0x0000000008000d26        0x2 
 .text.ExpanderWrite
                0x0000000008000d28       0x38 ./Core/Src/liquidcrystal_i2c.o
 .text.PulseEnable
                0x0000000008000d60       0x3a ./Core/Src/liquidcrystal_i2c.o
 *fill*         0x0000000008000d9a        0x2 
 .text.DelayInit
                0x0000000008000d9c       0x50 ./Core/Src/liquidcrystal_i2c.o
 .text.DelayUS  0x0000000008000dec       0x4c ./Core/Src/liquidcrystal_i2c.o
 .text.HAL_UART_RxCpltCallback
                0x0000000008000e38       0x60 ./Core/Src/main.o
                0x0000000008000e38                HAL_UART_RxCpltCallback
 .text.takeStatus
                0x0000000008000e98       0x68 ./Core/Src/main.o
                0x0000000008000e98                takeStatus
 .text.takeData
                0x0000000008000f00       0x98 ./Core/Src/main.o
                0x0000000008000f00                takeData
 .text.main     0x0000000008000f98      0x498 ./Core/Src/main.o
                0x0000000008000f98                main
 .text.SystemClock_Config
                0x0000000008001430       0x8a ./Core/Src/main.o
                0x0000000008001430                SystemClock_Config
 *fill*         0x00000000080014ba        0x2 
 .text.MX_I2C1_Init
                0x00000000080014bc       0x5c ./Core/Src/main.o
 .text.MX_SPI1_Init
                0x0000000008001518       0x6c ./Core/Src/main.o
 .text.MX_USART1_UART_Init
                0x0000000008001584       0x54 ./Core/Src/main.o
 .text.MX_USART2_UART_Init
                0x00000000080015d8       0x54 ./Core/Src/main.o
 .text.MX_GPIO_Init
                0x000000000800162c      0x104 ./Core/Src/main.o
 .text.Error_Handler
                0x0000000008001730        0xa ./Core/Src/main.o
                0x0000000008001730                Error_Handler
 *fill*         0x000000000800173a        0x2 
 .text.MQTTPubToTopic
                0x000000000800173c       0x38 ./Core/Src/quectelCommands.o
                0x000000000800173c                MQTTPubToTopic
 .text.SPI1SendByte
                0x0000000008001774       0x30 ./Core/Src/rc522.o
                0x0000000008001774                SPI1SendByte
 .text.SPI1_WriteReg
                0x00000000080017a4       0x40 ./Core/Src/rc522.o
                0x00000000080017a4                SPI1_WriteReg
 .text.SPI1_ReadReg
                0x00000000080017e4       0x40 ./Core/Src/rc522.o
                0x00000000080017e4                SPI1_ReadReg
 .text.MFRC522_WriteRegister
                0x0000000008001824       0x30 ./Core/Src/rc522.o
                0x0000000008001824                MFRC522_WriteRegister
 .text.MFRC522_ReadRegister
                0x0000000008001854       0x34 ./Core/Src/rc522.o
                0x0000000008001854                MFRC522_ReadRegister
 .text.MFRC522_SetBitMask
                0x0000000008001888       0x34 ./Core/Src/rc522.o
                0x0000000008001888                MFRC522_SetBitMask
 .text.MFRC522_ClearBitMask
                0x00000000080018bc       0x3c ./Core/Src/rc522.o
                0x00000000080018bc                MFRC522_ClearBitMask
 .text.MFRC522_Request
                0x00000000080018f8       0x4a ./Core/Src/rc522.o
                0x00000000080018f8                MFRC522_Request
 .text.MFRC522_ToCard
                0x0000000008001942      0x19e ./Core/Src/rc522.o
                0x0000000008001942                MFRC522_ToCard
 .text.MFRC522_Anticoll
                0x0000000008001ae0       0x7a ./Core/Src/rc522.o
                0x0000000008001ae0                MFRC522_Anticoll
 .text.MFRC522_CalculateCRC
                0x0000000008001b5a       0x92 ./Core/Src/rc522.o
                0x0000000008001b5a                MFRC522_CalculateCRC
 .text.MFRC522_SelectTag
                0x0000000008001bec       0x84 ./Core/Src/rc522.o
                0x0000000008001bec                MFRC522_SelectTag
 .text.MFRC522_Auth
                0x0000000008001c70       0xa6 ./Core/Src/rc522.o
                0x0000000008001c70                MFRC522_Auth
 .text.MFRC522_Read
                0x0000000008001d16       0x58 ./Core/Src/rc522.o
                0x0000000008001d16                MFRC522_Read
 .text.MFRC522_Init
                0x0000000008001d6e       0x48 ./Core/Src/rc522.o
                0x0000000008001d6e                MFRC522_Init
 .text.MFRC522_Reset
                0x0000000008001db6       0x10 ./Core/Src/rc522.o
                0x0000000008001db6                MFRC522_Reset
 .text.MFRC522_AntennaOn
                0x0000000008001dc6       0x2a ./Core/Src/rc522.o
                0x0000000008001dc6                MFRC522_AntennaOn
 .text.cardOperationWithBlockedSector
                0x0000000008001df0      0x2d4 ./Core/Src/rc522.o
                0x0000000008001df0                cardOperationWithBlockedSector
 .text.led      0x00000000080020c4       0x50 ./Core/Src/rc522.o
                0x00000000080020c4                led
 .text.HAL_MspInit
                0x0000000008002114       0x64 ./Core/Src/stm32f1xx_hal_msp.o
                0x0000000008002114                HAL_MspInit
 .text.HAL_I2C_MspInit
                0x0000000008002178       0x7c ./Core/Src/stm32f1xx_hal_msp.o
                0x0000000008002178                HAL_I2C_MspInit
 .text.HAL_SPI_MspInit
                0x00000000080021f4       0x94 ./Core/Src/stm32f1xx_hal_msp.o
                0x00000000080021f4                HAL_SPI_MspInit
 .text.HAL_UART_MspInit
                0x0000000008002288      0x118 ./Core/Src/stm32f1xx_hal_msp.o
                0x0000000008002288                HAL_UART_MspInit
 .text.__NVIC_SystemReset
                0x00000000080023a0       0x2c ./Core/Src/stm32f1xx_it.o
 .text.NMI_Handler
                0x00000000080023cc        0x6 ./Core/Src/stm32f1xx_it.o
                0x00000000080023cc                NMI_Handler
 .text.HardFault_Handler
                0x00000000080023d2        0x8 ./Core/Src/stm32f1xx_it.o
                0x00000000080023d2                HardFault_Handler
 .text.MemManage_Handler
                0x00000000080023da        0x6 ./Core/Src/stm32f1xx_it.o
                0x00000000080023da                MemManage_Handler
 .text.BusFault_Handler
                0x00000000080023e0        0x6 ./Core/Src/stm32f1xx_it.o
                0x00000000080023e0                BusFault_Handler
 .text.UsageFault_Handler
                0x00000000080023e6        0x6 ./Core/Src/stm32f1xx_it.o
                0x00000000080023e6                UsageFault_Handler
 .text.SVC_Handler
                0x00000000080023ec        0xc ./Core/Src/stm32f1xx_it.o
                0x00000000080023ec                SVC_Handler
 .text.DebugMon_Handler
                0x00000000080023f8        0xc ./Core/Src/stm32f1xx_it.o
                0x00000000080023f8                DebugMon_Handler
 .text.PendSV_Handler
                0x0000000008002404        0xc ./Core/Src/stm32f1xx_it.o
                0x0000000008002404                PendSV_Handler
 .text.SysTick_Handler
                0x0000000008002410        0xc ./Core/Src/stm32f1xx_it.o
                0x0000000008002410                SysTick_Handler
 .text.USART1_IRQHandler
                0x000000000800241c       0x14 ./Core/Src/stm32f1xx_it.o
                0x000000000800241c                USART1_IRQHandler
 .text.AppruveSound
                0x0000000008002430       0x60 ./Core/Src/switchSounds.o
                0x0000000008002430                AppruveSound
 .text.RelaySwitch
                0x0000000008002490       0x24 ./Core/Src/switchSounds.o
                0x0000000008002490                RelaySwitch
 .text.ErrorSound
                0x00000000080024b4       0x44 ./Core/Src/switchSounds.o
                0x00000000080024b4                ErrorSound
 .text.CardReadSound
                0x00000000080024f8       0x24 ./Core/Src/switchSounds.o
                0x00000000080024f8                CardReadSound
 .text._sbrk    0x000000000800251c       0x6c ./Core/Src/sysmem.o
                0x000000000800251c                _sbrk
 .text.SystemInit
                0x0000000008002588        0xc ./Core/Src/system_stm32f1xx.o
                0x0000000008002588                SystemInit
 .text.Reset_Handler
                0x0000000008002594       0x48 ./Core/Startup/startup_stm32f103cbtx.o
                0x0000000008002594                Reset_Handler
 .text.Default_Handler
                0x00000000080025dc        0x2 ./Core/Startup/startup_stm32f103cbtx.o
                0x00000000080025dc                RTC_Alarm_IRQHandler
                0x00000000080025dc                EXTI2_IRQHandler
                0x00000000080025dc                TIM1_CC_IRQHandler
                0x00000000080025dc                PVD_IRQHandler
                0x00000000080025dc                EXTI3_IRQHandler
                0x00000000080025dc                EXTI0_IRQHandler
                0x00000000080025dc                I2C2_EV_IRQHandler
                0x00000000080025dc                ADC1_2_IRQHandler
                0x00000000080025dc                SPI1_IRQHandler
                0x00000000080025dc                TAMPER_IRQHandler
                0x00000000080025dc                DMA1_Channel4_IRQHandler
                0x00000000080025dc                USART3_IRQHandler
                0x00000000080025dc                RTC_IRQHandler
                0x00000000080025dc                DMA1_Channel7_IRQHandler
                0x00000000080025dc                CAN1_RX1_IRQHandler
                0x00000000080025dc                TIM4_IRQHandler
                0x00000000080025dc                I2C1_EV_IRQHandler
                0x00000000080025dc                DMA1_Channel6_IRQHandler
                0x00000000080025dc                TIM3_IRQHandler
                0x00000000080025dc                RCC_IRQHandler
                0x00000000080025dc                TIM1_TRG_COM_IRQHandler
                0x00000000080025dc                DMA1_Channel1_IRQHandler
                0x00000000080025dc                Default_Handler
                0x00000000080025dc                EXTI15_10_IRQHandler
                0x00000000080025dc                EXTI9_5_IRQHandler
                0x00000000080025dc                SPI2_IRQHandler
                0x00000000080025dc                DMA1_Channel5_IRQHandler
                0x00000000080025dc                EXTI4_IRQHandler
                0x00000000080025dc                USB_LP_CAN1_RX0_IRQHandler
                0x00000000080025dc                USB_HP_CAN1_TX_IRQHandler
                0x00000000080025dc                DMA1_Channel3_IRQHandler
                0x00000000080025dc                TIM1_UP_IRQHandler
                0x00000000080025dc                WWDG_IRQHandler
                0x00000000080025dc                TIM2_IRQHandler
                0x00000000080025dc                TIM1_BRK_IRQHandler
                0x00000000080025dc                EXTI1_IRQHandler
                0x00000000080025dc                USART2_IRQHandler
                0x00000000080025dc                I2C2_ER_IRQHandler
                0x00000000080025dc                DMA1_Channel2_IRQHandler
                0x00000000080025dc                CAN1_SCE_IRQHandler
                0x00000000080025dc                FLASH_IRQHandler
                0x00000000080025dc                I2C1_ER_IRQHandler
                0x00000000080025dc                USBWakeUp_IRQHandler
 *fill*         0x00000000080025de        0x2 
 .text.HAL_Init
                0x00000000080025e0       0x2c ./Drivers/STM32F1xx_HAL_Driver/Src/stm32f1xx_hal.o
                0x00000000080025e0                HAL_Init
 .text.HAL_InitTick
                0x000000000800260c       0x60 ./Drivers/STM32F1xx_HAL_Driver/Src/stm32f1xx_hal.o
                0x000000000800260c                HAL_InitTick
 .text.HAL_IncTick
                0x000000000800266c       0x24 ./Drivers/STM32F1xx_HAL_Driver/Src/stm32f1xx_hal.o
                0x000000000800266c                HAL_IncTick
 .text.HAL_GetTick
                0x0000000008002690       0x14 ./Drivers/STM32F1xx_HAL_Driver/Src/stm32f1xx_hal.o
                0x0000000008002690                HAL_GetTick
 .text.HAL_Delay
                0x00000000080026a4       0x48 ./Drivers/STM32F1xx_HAL_Driver/Src/stm32f1xx_hal.o
                0x00000000080026a4                HAL_Delay
 .text.__NVIC_SetPriorityGrouping
                0x00000000080026ec       0x48 ./Drivers/STM32F1xx_HAL_Driver/Src/stm32f1xx_hal_cortex.o
 .text.__NVIC_GetPriorityGrouping
                0x0000000008002734       0x1c ./Drivers/STM32F1xx_HAL_Driver/Src/stm32f1xx_hal_cortex.o
 .text.__NVIC_EnableIRQ
                0x0000000008002750       0x38 ./Drivers/STM32F1xx_HAL_Driver/Src/stm32f1xx_hal_cortex.o
 .text.__NVIC_SetPriority
                0x0000000008002788       0x54 ./Drivers/STM32F1xx_HAL_Driver/Src/stm32f1xx_hal_cortex.o
 .text.NVIC_EncodePriority
                0x00000000080027dc       0x64 ./Drivers/STM32F1xx_HAL_Driver/Src/stm32f1xx_hal_cortex.o
 .text.__NVIC_SystemReset
                0x0000000008002840       0x2c ./Drivers/STM32F1xx_HAL_Driver/Src/stm32f1xx_hal_cortex.o
 .text.SysTick_Config
                0x000000000800286c       0x44 ./Drivers/STM32F1xx_HAL_Driver/Src/stm32f1xx_hal_cortex.o
 .text.HAL_NVIC_SetPriorityGrouping
                0x00000000080028b0       0x16 ./Drivers/STM32F1xx_HAL_Driver/Src/stm32f1xx_hal_cortex.o
                0x00000000080028b0                HAL_NVIC_SetPriorityGrouping
 .text.HAL_NVIC_SetPriority
                0x00000000080028c6       0x38 ./Drivers/STM32F1xx_HAL_Driver/Src/stm32f1xx_hal_cortex.o
                0x00000000080028c6                HAL_NVIC_SetPriority
 .text.HAL_NVIC_EnableIRQ
                0x00000000080028fe       0x1c ./Drivers/STM32F1xx_HAL_Driver/Src/stm32f1xx_hal_cortex.o
                0x00000000080028fe                HAL_NVIC_EnableIRQ
 .text.HAL_NVIC_SystemReset
                0x000000000800291a        0x8 ./Drivers/STM32F1xx_HAL_Driver/Src/stm32f1xx_hal_cortex.o
                0x000000000800291a                HAL_NVIC_SystemReset
 .text.HAL_SYSTICK_Config
                0x0000000008002922       0x18 ./Drivers/STM32F1xx_HAL_Driver/Src/stm32f1xx_hal_cortex.o
                0x0000000008002922                HAL_SYSTICK_Config
 .text.HAL_DMA_Abort
                0x000000000800293a       0x74 ./Drivers/STM32F1xx_HAL_Driver/Src/stm32f1xx_hal_dma.o
                0x000000000800293a                HAL_DMA_Abort
 *fill*         0x00000000080029ae        0x2 
 .text.HAL_DMA_Abort_IT
                0x00000000080029b0       0xec ./Drivers/STM32F1xx_HAL_Driver/Src/stm32f1xx_hal_dma.o
                0x00000000080029b0                HAL_DMA_Abort_IT
 .text.HAL_GPIO_Init
                0x0000000008002a9c      0x308 ./Drivers/STM32F1xx_HAL_Driver/Src/stm32f1xx_hal_gpio.o
                0x0000000008002a9c                HAL_GPIO_Init
 .text.HAL_GPIO_WritePin
                0x0000000008002da4       0x30 ./Drivers/STM32F1xx_HAL_Driver/Src/stm32f1xx_hal_gpio.o
                0x0000000008002da4                HAL_GPIO_WritePin
 .text.HAL_GPIO_TogglePin
                0x0000000008002dd4       0x32 ./Drivers/STM32F1xx_HAL_Driver/Src/stm32f1xx_hal_gpio.o
                0x0000000008002dd4                HAL_GPIO_TogglePin
 *fill*         0x0000000008002e06        0x2 
 .text.HAL_I2C_Init
                0x0000000008002e08      0x288 ./Drivers/STM32F1xx_HAL_Driver/Src/stm32f1xx_hal_i2c.o
                0x0000000008002e08                HAL_I2C_Init
 .text.HAL_I2C_Master_Transmit
                0x0000000008003090      0x1fc ./Drivers/STM32F1xx_HAL_Driver/Src/stm32f1xx_hal_i2c.o
                0x0000000008003090                HAL_I2C_Master_Transmit
 .text.I2C_MasterRequestWrite
                0x000000000800328c      0x104 ./Drivers/STM32F1xx_HAL_Driver/Src/stm32f1xx_hal_i2c.o
 .text.I2C_WaitOnFlagUntilTimeout
                0x0000000008003390       0xae ./Drivers/STM32F1xx_HAL_Driver/Src/stm32f1xx_hal_i2c.o
 .text.I2C_WaitOnMasterAddressFlagUntilTimeout
                0x000000000800343e       0xfe ./Drivers/STM32F1xx_HAL_Driver/Src/stm32f1xx_hal_i2c.o
 .text.I2C_WaitOnTXEFlagUntilTimeout
                0x000000000800353c       0x82 ./Drivers/STM32F1xx_HAL_Driver/Src/stm32f1xx_hal_i2c.o
 .text.I2C_WaitOnBTFFlagUntilTimeout
                0x00000000080035be       0x82 ./Drivers/STM32F1xx_HAL_Driver/Src/stm32f1xx_hal_i2c.o
 .text.I2C_IsAcknowledgeFailed
                0x0000000008003640       0x5c ./Drivers/STM32F1xx_HAL_Driver/Src/stm32f1xx_hal_i2c.o
 .text.HAL_RCC_OscConfig
                0x000000000800369c      0x504 ./Drivers/STM32F1xx_HAL_Driver/Src/stm32f1xx_hal_rcc.o
                0x000000000800369c                HAL_RCC_OscConfig
 .text.HAL_RCC_ClockConfig
                0x0000000008003ba0      0x1d4 ./Drivers/STM32F1xx_HAL_Driver/Src/stm32f1xx_hal_rcc.o
                0x0000000008003ba0                HAL_RCC_ClockConfig
 .text.HAL_RCC_GetSysClockFreq
                0x0000000008003d74       0xbc ./Drivers/STM32F1xx_HAL_Driver/Src/stm32f1xx_hal_rcc.o
                0x0000000008003d74                HAL_RCC_GetSysClockFreq
 .text.HAL_RCC_GetHCLKFreq
                0x0000000008003e30       0x14 ./Drivers/STM32F1xx_HAL_Driver/Src/stm32f1xx_hal_rcc.o
                0x0000000008003e30                HAL_RCC_GetHCLKFreq
 .text.HAL_RCC_GetPCLK1Freq
                0x0000000008003e44       0x28 ./Drivers/STM32F1xx_HAL_Driver/Src/stm32f1xx_hal_rcc.o
                0x0000000008003e44                HAL_RCC_GetPCLK1Freq
 .text.HAL_RCC_GetPCLK2Freq
                0x0000000008003e6c       0x28 ./Drivers/STM32F1xx_HAL_Driver/Src/stm32f1xx_hal_rcc.o
                0x0000000008003e6c                HAL_RCC_GetPCLK2Freq
 .text.RCC_Delay
                0x0000000008003e94       0x3c ./Drivers/STM32F1xx_HAL_Driver/Src/stm32f1xx_hal_rcc.o
 .text.HAL_SPI_Init
                0x0000000008003ed0      0x108 ./Drivers/STM32F1xx_HAL_Driver/Src/stm32f1xx_hal_spi.o
                0x0000000008003ed0                HAL_SPI_Init
 .text.HAL_SPI_TransmitReceive
                0x0000000008003fd8      0x344 ./Drivers/STM32F1xx_HAL_Driver/Src/stm32f1xx_hal_spi.o
                0x0000000008003fd8                HAL_SPI_TransmitReceive
 .text.SPI_WaitFlagStateUntilTimeout
                0x000000000800431c      0x110 ./Drivers/STM32F1xx_HAL_Driver/Src/stm32f1xx_hal_spi.o
 .text.SPI_EndRxTxTransaction
                0x000000000800442c       0x3c ./Drivers/STM32F1xx_HAL_Driver/Src/stm32f1xx_hal_spi.o
 .text.HAL_UART_Init
                0x0000000008004468       0x9a ./Drivers/STM32F1xx_HAL_Driver/Src/stm32f1xx_hal_uart.o
                0x0000000008004468                HAL_UART_Init
 .text.HAL_UART_Transmit
                0x0000000008004502      0x124 ./Drivers/STM32F1xx_HAL_Driver/Src/stm32f1xx_hal_uart.o
                0x0000000008004502                HAL_UART_Transmit
 .text.HAL_UART_Receive_IT
                0x0000000008004626       0x60 ./Drivers/STM32F1xx_HAL_Driver/Src/stm32f1xx_hal_uart.o
                0x0000000008004626                HAL_UART_Receive_IT
 *fill*         0x0000000008004686        0x2 
 .text.HAL_UART_IRQHandler
                0x0000000008004688      0x354 ./Drivers/STM32F1xx_HAL_Driver/Src/stm32f1xx_hal_uart.o
                0x0000000008004688                HAL_UART_IRQHandler
 .text.HAL_UART_TxCpltCallback
                0x00000000080049dc       0x12 ./Drivers/STM32F1xx_HAL_Driver/Src/stm32f1xx_hal_uart.o
                0x00000000080049dc                HAL_UART_TxCpltCallback
 .text.HAL_UART_ErrorCallback
                0x00000000080049ee       0x12 ./Drivers/STM32F1xx_HAL_Driver/Src/stm32f1xx_hal_uart.o
                0x00000000080049ee                HAL_UART_ErrorCallback
 .text.HAL_UARTEx_RxEventCallback
                0x0000000008004a00       0x16 ./Drivers/STM32F1xx_HAL_Driver/Src/stm32f1xx_hal_uart.o
                0x0000000008004a00                HAL_UARTEx_RxEventCallback
 .text.UART_WaitOnFlagUntilTimeout
                0x0000000008004a16       0x94 ./Drivers/STM32F1xx_HAL_Driver/Src/stm32f1xx_hal_uart.o
 .text.UART_Start_Receive_IT
                0x0000000008004aaa       0x72 ./Drivers/STM32F1xx_HAL_Driver/Src/stm32f1xx_hal_uart.o
                0x0000000008004aaa                UART_Start_Receive_IT
 .text.UART_EndRxTransfer
                0x0000000008004b1c       0x58 ./Drivers/STM32F1xx_HAL_Driver/Src/stm32f1xx_hal_uart.o
 .text.UART_DMAAbortOnError
                0x0000000008004b74       0x28 ./Drivers/STM32F1xx_HAL_Driver/Src/stm32f1xx_hal_uart.o
 .text.UART_Transmit_IT
                0x0000000008004b9c       0x9e ./Drivers/STM32F1xx_HAL_Driver/Src/stm32f1xx_hal_uart.o
 .text.UART_EndTransmit_IT
                0x0000000008004c3a       0x30 ./Drivers/STM32F1xx_HAL_Driver/Src/stm32f1xx_hal_uart.o
 .text.UART_Receive_IT
                0x0000000008004c6a      0x152 ./Drivers/STM32F1xx_HAL_Driver/Src/stm32f1xx_hal_uart.o
 .text.UART_SetConfig
                0x0000000008004dbc      0x11c ./Drivers/STM32F1xx_HAL_Driver/Src/stm32f1xx_hal_uart.o
 .text.atoi     0x0000000008004ed8        0x8 c:/st/stm32cubeide_1.12.1/stm32cubeide/plugins/com.st.stm32cube.ide.mcu.externaltools.gnu-tools-for-stm32.10.3-2021.10.win32_1.0.200.202301161003/tools/bin/../lib/gcc/arm-none-eabi/10.3.1/../../../../arm-none-eabi/lib/thumb/v7-m/nofp\libc_nano.a(lib_a-atoi.o)
                0x0000000008004ed8                atoi
 .text.__errno  0x0000000008004ee0        0xc c:/st/stm32cubeide_1.12.1/stm32cubeide/plugins/com.st.stm32cube.ide.mcu.externaltools.gnu-tools-for-stm32.10.3-2021.10.win32_1.0.200.202301161003/tools/bin/../lib/gcc/arm-none-eabi/10.3.1/../../../../arm-none-eabi/lib/thumb/v7-m/nofp\libc_nano.a(lib_a-errno.o)
                0x0000000008004ee0                __errno
 .text.__libc_init_array
                0x0000000008004eec       0x48 c:/st/stm32cubeide_1.12.1/stm32cubeide/plugins/com.st.stm32cube.ide.mcu.externaltools.gnu-tools-for-stm32.10.3-2021.10.win32_1.0.200.202301161003/tools/bin/../lib/gcc/arm-none-eabi/10.3.1/../../../../arm-none-eabi/lib/thumb/v7-m/nofp\libc_nano.a(lib_a-init.o)
                0x0000000008004eec                __libc_init_array
 .text.memcpy   0x0000000008004f34       0x1c c:/st/stm32cubeide_1.12.1/stm32cubeide/plugins/com.st.stm32cube.ide.mcu.externaltools.gnu-tools-for-stm32.10.3-2021.10.win32_1.0.200.202301161003/tools/bin/../lib/gcc/arm-none-eabi/10.3.1/../../../../arm-none-eabi/lib/thumb/v7-m/nofp\libc_nano.a(lib_a-memcpy-stub.o)
                0x0000000008004f34                memcpy
 .text.memset   0x0000000008004f50       0x10 c:/st/stm32cubeide_1.12.1/stm32cubeide/plugins/com.st.stm32cube.ide.mcu.externaltools.gnu-tools-for-stm32.10.3-2021.10.win32_1.0.200.202301161003/tools/bin/../lib/gcc/arm-none-eabi/10.3.1/../../../../arm-none-eabi/lib/thumb/v7-m/nofp\libc_nano.a(lib_a-memset.o)
                0x0000000008004f50                memset
 .text.sprintf  0x0000000008004f60       0x40 c:/st/stm32cubeide_1.12.1/stm32cubeide/plugins/com.st.stm32cube.ide.mcu.externaltools.gnu-tools-for-stm32.10.3-2021.10.win32_1.0.200.202301161003/tools/bin/../lib/gcc/arm-none-eabi/10.3.1/../../../../arm-none-eabi/lib/thumb/v7-m/nofp\libc_nano.a(lib_a-sprintf.o)
                0x0000000008004f60                siprintf
                0x0000000008004f60                sprintf
 .text.strncpy  0x0000000008004fa0       0x26 c:/st/stm32cubeide_1.12.1/stm32cubeide/plugins/com.st.stm32cube.ide.mcu.externaltools.gnu-tools-for-stm32.10.3-2021.10.win32_1.0.200.202301161003/tools/bin/../lib/gcc/arm-none-eabi/10.3.1/../../../../arm-none-eabi/lib/thumb/v7-m/nofp\libc_nano.a(lib_a-strncpy.o)
                0x0000000008004fa0                strncpy
 *fill*         0x0000000008004fc6        0x2 
 .text._strtol_l.constprop.0
                0x0000000008004fc8       0xf8 c:/st/stm32cubeide_1.12.1/stm32cubeide/plugins/com.st.stm32cube.ide.mcu.externaltools.gnu-tools-for-stm32.10.3-2021.10.win32_1.0.200.202301161003/tools/bin/../lib/gcc/arm-none-eabi/10.3.1/../../../../arm-none-eabi/lib/thumb/v7-m/nofp\libc_nano.a(lib_a-strtol.o)
 .text.strtol   0x00000000080050c0       0x14 c:/st/stm32cubeide_1.12.1/stm32cubeide/plugins/com.st.stm32cube.ide.mcu.externaltools.gnu-tools-for-stm32.10.3-2021.10.win32_1.0.200.202301161003/tools/bin/../lib/gcc/arm-none-eabi/10.3.1/../../../../arm-none-eabi/lib/thumb/v7-m/nofp\libc_nano.a(lib_a-strtol.o)
                0x00000000080050c0                strtol
 .text.__ssputs_r
                0x00000000080050d4       0xb6 c:/st/stm32cubeide_1.12.1/stm32cubeide/plugins/com.st.stm32cube.ide.mcu.externaltools.gnu-tools-for-stm32.10.3-2021.10.win32_1.0.200.202301161003/tools/bin/../lib/gcc/arm-none-eabi/10.3.1/../../../../arm-none-eabi/lib/thumb/v7-m/nofp\libc_nano.a(lib_a-nano-svfprintf.o)
                0x00000000080050d4                __ssputs_r
 *fill*         0x000000000800518a        0x2 
 .text._svfprintf_r
                0x000000000800518c      0x200 c:/st/stm32cubeide_1.12.1/stm32cubeide/plugins/com.st.stm32cube.ide.mcu.externaltools.gnu-tools-for-stm32.10.3-2021.10.win32_1.0.200.202301161003/tools/bin/../lib/gcc/arm-none-eabi/10.3.1/../../../../arm-none-eabi/lib/thumb/v7-m/nofp\libc_nano.a(lib_a-nano-svfprintf.o)
                0x000000000800518c                _svfiprintf_r
                0x000000000800518c                _svfprintf_r
 .text._printf_common
                0x000000000800538c       0xde c:/st/stm32cubeide_1.12.1/stm32cubeide/plugins/com.st.stm32cube.ide.mcu.externaltools.gnu-tools-for-stm32.10.3-2021.10.win32_1.0.200.202301161003/tools/bin/../lib/gcc/arm-none-eabi/10.3.1/../../../../arm-none-eabi/lib/thumb/v7-m/nofp\libc_nano.a(lib_a-nano-vfprintf_i.o)
                0x000000000800538c                _printf_common
 *fill*         0x000000000800546a        0x2 
 .text._printf_i
                0x000000000800546c      0x24c c:/st/stm32cubeide_1.12.1/stm32cubeide/plugins/com.st.stm32cube.ide.mcu.externaltools.gnu-tools-for-stm32.10.3-2021.10.win32_1.0.200.202301161003/tools/bin/../lib/gcc/arm-none-eabi/10.3.1/../../../../arm-none-eabi/lib/thumb/v7-m/nofp\libc_nano.a(lib_a-nano-vfprintf_i.o)
                0x000000000800546c                _printf_i
 .text.memchr   0x00000000080056b8       0x1c c:/st/stm32cubeide_1.12.1/stm32cubeide/plugins/com.st.stm32cube.ide.mcu.externaltools.gnu-tools-for-stm32.10.3-2021.10.win32_1.0.200.202301161003/tools/bin/../lib/gcc/arm-none-eabi/10.3.1/../../../../arm-none-eabi/lib/thumb/v7-m/nofp\libc_nano.a(lib_a-memchr-stub.o)
                0x00000000080056b8                memchr
 .text.memmove  0x00000000080056d4       0x34 c:/st/stm32cubeide_1.12.1/stm32cubeide/plugins/com.st.stm32cube.ide.mcu.externaltools.gnu-tools-for-stm32.10.3-2021.10.win32_1.0.200.202301161003/tools/bin/../lib/gcc/arm-none-eabi/10.3.1/../../../../arm-none-eabi/lib/thumb/v7-m/nofp\libc_nano.a(lib_a-memmove.o)
                0x00000000080056d4                memmove
 .text._free_r  0x0000000008005708       0x90 c:/st/stm32cubeide_1.12.1/stm32cubeide/plugins/com.st.stm32cube.ide.mcu.externaltools.gnu-tools-for-stm32.10.3-2021.10.win32_1.0.200.202301161003/tools/bin/../lib/gcc/arm-none-eabi/10.3.1/../../../../arm-none-eabi/lib/thumb/v7-m/nofp\libc_nano.a(lib_a-nano-freer.o)
                0x0000000008005708                _free_r
 .text.sbrk_aligned
                0x0000000008005798       0x40 c:/st/stm32cubeide_1.12.1/stm32cubeide/plugins/com.st.stm32cube.ide.mcu.externaltools.gnu-tools-for-stm32.10.3-2021.10.win32_1.0.200.202301161003/tools/bin/../lib/gcc/arm-none-eabi/10.3.1/../../../../arm-none-eabi/lib/thumb/v7-m/nofp\libc_nano.a(lib_a-nano-mallocr.o)
 .text._malloc_r
                0x00000000080057d8       0xe8 c:/st/stm32cubeide_1.12.1/stm32cubeide/plugins/com.st.stm32cube.ide.mcu.externaltools.gnu-tools-for-stm32.10.3-2021.10.win32_1.0.200.202301161003/tools/bin/../lib/gcc/arm-none-eabi/10.3.1/../../../../arm-none-eabi/lib/thumb/v7-m/nofp\libc_nano.a(lib_a-nano-mallocr.o)
                0x00000000080057d8                _malloc_r
 .text._realloc_r
                0x00000000080058c0       0x5e c:/st/stm32cubeide_1.12.1/stm32cubeide/plugins/com.st.stm32cube.ide.mcu.externaltools.gnu-tools-for-stm32.10.3-2021.10.win32_1.0.200.202301161003/tools/bin/../lib/gcc/arm-none-eabi/10.3.1/../../../../arm-none-eabi/lib/thumb/v7-m/nofp\libc_nano.a(lib_a-nano-reallocr.o)
                0x00000000080058c0                _realloc_r
 *fill*         0x000000000800591e        0x2 
 .text._sbrk_r  0x0000000008005920       0x20 c:/st/stm32cubeide_1.12.1/stm32cubeide/plugins/com.st.stm32cube.ide.mcu.externaltools.gnu-tools-for-stm32.10.3-2021.10.win32_1.0.200.202301161003/tools/bin/../lib/gcc/arm-none-eabi/10.3.1/../../../../arm-none-eabi/lib/thumb/v7-m/nofp\libc_nano.a(lib_a-sbrkr.o)
                0x0000000008005920                _sbrk_r
 .text.__malloc_lock
                0x0000000008005940        0xc c:/st/stm32cubeide_1.12.1/stm32cubeide/plugins/com.st.stm32cube.ide.mcu.externaltools.gnu-tools-for-stm32.10.3-2021.10.win32_1.0.200.202301161003/tools/bin/../lib/gcc/arm-none-eabi/10.3.1/../../../../arm-none-eabi/lib/thumb/v7-m/nofp\libc_nano.a(lib_a-mlock.o)
                0x0000000008005940                __malloc_lock
 .text.__malloc_unlock
                0x000000000800594c        0xc c:/st/stm32cubeide_1.12.1/stm32cubeide/plugins/com.st.stm32cube.ide.mcu.externaltools.gnu-tools-for-stm32.10.3-2021.10.win32_1.0.200.202301161003/tools/bin/../lib/gcc/arm-none-eabi/10.3.1/../../../../arm-none-eabi/lib/thumb/v7-m/nofp\libc_nano.a(lib_a-mlock.o)
                0x000000000800594c                __malloc_unlock
 .text._malloc_usable_size_r
                0x0000000008005958       0x10 c:/st/stm32cubeide_1.12.1/stm32cubeide/plugins/com.st.stm32cube.ide.mcu.externaltools.gnu-tools-for-stm32.10.3-2021.10.win32_1.0.200.202301161003/tools/bin/../lib/gcc/arm-none-eabi/10.3.1/../../../../arm-none-eabi/lib/thumb/v7-m/nofp\libc_nano.a(lib_a-nano-msizer.o)
                0x0000000008005958                _malloc_usable_size_r
 .text.__retarget_lock_acquire_recursive
                0x0000000008005968        0x2 c:/st/stm32cubeide_1.12.1/stm32cubeide/plugins/com.st.stm32cube.ide.mcu.externaltools.gnu-tools-for-stm32.10.3-2021.10.win32_1.0.200.202301161003/tools/bin/../lib/gcc/arm-none-eabi/10.3.1/../../../../arm-none-eabi/lib/thumb/v7-m/nofp\libc_nano.a(lib_a-lock.o)
                0x0000000008005968                __retarget_lock_acquire_recursive
 .text.__retarget_lock_release_recursive
                0x000000000800596a        0x2 c:/st/stm32cubeide_1.12.1/stm32cubeide/plugins/com.st.stm32cube.ide.mcu.externaltools.gnu-tools-for-stm32.10.3-2021.10.win32_1.0.200.202301161003/tools/bin/../lib/gcc/arm-none-eabi/10.3.1/../../../../arm-none-eabi/lib/thumb/v7-m/nofp\libc_nano.a(lib_a-lock.o)
                0x000000000800596a                __retarget_lock_release_recursive
 *(.glue_7)
 .glue_7        0x000000000800596c        0x0 linker stubs
 *(.glue_7t)
 .glue_7t       0x000000000800596c        0x0 linker stubs
 *(.eh_frame)
 .eh_frame      0x000000000800596c        0x0 c:/st/stm32cubeide_1.12.1/stm32cubeide/plugins/com.st.stm32cube.ide.mcu.externaltools.gnu-tools-for-stm32.10.3-2021.10.win32_1.0.200.202301161003/tools/bin/../lib/gcc/arm-none-eabi/10.3.1/thumb/v7-m/nofp/crtbegin.o
 *(.init)
 .init          0x000000000800596c        0x4 c:/st/stm32cubeide_1.12.1/stm32cubeide/plugins/com.st.stm32cube.ide.mcu.externaltools.gnu-tools-for-stm32.10.3-2021.10.win32_1.0.200.202301161003/tools/bin/../lib/gcc/arm-none-eabi/10.3.1/thumb/v7-m/nofp/crti.o
                0x000000000800596c                _init
 .init          0x0000000008005970        0x8 c:/st/stm32cubeide_1.12.1/stm32cubeide/plugins/com.st.stm32cube.ide.mcu.externaltools.gnu-tools-for-stm32.10.3-2021.10.win32_1.0.200.202301161003/tools/bin/../lib/gcc/arm-none-eabi/10.3.1/thumb/v7-m/nofp/crtn.o
 *(.fini)
 .fini          0x0000000008005978        0x4 c:/st/stm32cubeide_1.12.1/stm32cubeide/plugins/com.st.stm32cube.ide.mcu.externaltools.gnu-tools-for-stm32.10.3-2021.10.win32_1.0.200.202301161003/tools/bin/../lib/gcc/arm-none-eabi/10.3.1/thumb/v7-m/nofp/crti.o
                0x0000000008005978                _fini
 .fini          0x000000000800597c        0x8 c:/st/stm32cubeide_1.12.1/stm32cubeide/plugins/com.st.stm32cube.ide.mcu.externaltools.gnu-tools-for-stm32.10.3-2021.10.win32_1.0.200.202301161003/tools/bin/../lib/gcc/arm-none-eabi/10.3.1/thumb/v7-m/nofp/crtn.o
                0x0000000008005984                . = ALIGN (0x4)
                0x0000000008005984                _etext = .

.vfp11_veneer   0x0000000008005984        0x0
 .vfp11_veneer  0x0000000008005984        0x0 linker stubs

.v4_bx          0x0000000008005984        0x0
 .v4_bx         0x0000000008005984        0x0 linker stubs

.iplt           0x0000000008005984        0x0
 .iplt          0x0000000008005984        0x0 c:/st/stm32cubeide_1.12.1/stm32cubeide/plugins/com.st.stm32cube.ide.mcu.externaltools.gnu-tools-for-stm32.10.3-2021.10.win32_1.0.200.202301161003/tools/bin/../lib/gcc/arm-none-eabi/10.3.1/thumb/v7-m/nofp/crtbegin.o

.rodata         0x0000000008005984      0x3f8
                0x0000000008005984                . = ALIGN (0x4)
 *(.rodata)
 .rodata        0x0000000008005984       0x17 ./Core/Src/geotextLib.o
 *fill*         0x000000000800599b        0x1 
 .rodata        0x000000000800599c       0x3d ./Core/Src/liquidcrystal_i2c.o
 *fill*         0x00000000080059d9        0x3 
 .rodata        0x00000000080059dc       0x63 ./Core/Src/main.o
 *fill*         0x0000000008005a3f        0x1 
 .rodata        0x0000000008005a40       0x91 ./Core/Src/quectelCommands.o
 *fill*         0x0000000008005ad1        0x3 
 .rodata        0x0000000008005ad4      0x14c ./Core/Src/rc522.o
 .rodata        0x0000000008005c20       0x10 ./Drivers/STM32F1xx_HAL_Driver/Src/stm32f1xx_hal_rcc.o
 *(.rodata*)
 .rodata.AHBPrescTable
                0x0000000008005c30       0x10 ./Core/Src/system_stm32f1xx.o
                0x0000000008005c30                AHBPrescTable
 .rodata.APBPrescTable
                0x0000000008005c40        0x8 ./Core/Src/system_stm32f1xx.o
                0x0000000008005c40                APBPrescTable
 .rodata._ctype_
                0x0000000008005c48      0x101 c:/st/stm32cubeide_1.12.1/stm32cubeide/plugins/com.st.stm32cube.ide.mcu.externaltools.gnu-tools-for-stm32.10.3-2021.10.win32_1.0.200.202301161003/tools/bin/../lib/gcc/arm-none-eabi/10.3.1/../../../../arm-none-eabi/lib/thumb/v7-m/nofp\libc_nano.a(lib_a-ctype_.o)
                0x0000000008005c48                _ctype_
 .rodata._svfprintf_r.str1.1
                0x0000000008005d49       0x11 c:/st/stm32cubeide_1.12.1/stm32cubeide/plugins/com.st.stm32cube.ide.mcu.externaltools.gnu-tools-for-stm32.10.3-2021.10.win32_1.0.200.202301161003/tools/bin/../lib/gcc/arm-none-eabi/10.3.1/../../../../arm-none-eabi/lib/thumb/v7-m/nofp\libc_nano.a(lib_a-nano-svfprintf.o)
 .rodata._printf_i.str1.1
                0x0000000008005d5a       0x22 c:/st/stm32cubeide_1.12.1/stm32cubeide/plugins/com.st.stm32cube.ide.mcu.externaltools.gnu-tools-for-stm32.10.3-2021.10.win32_1.0.200.202301161003/tools/bin/../lib/gcc/arm-none-eabi/10.3.1/../../../../arm-none-eabi/lib/thumb/v7-m/nofp\libc_nano.a(lib_a-nano-vfprintf_i.o)
                0x0000000008005d7c                . = ALIGN (0x4)

.rel.dyn        0x0000000008005d7c        0x0
 .rel.iplt      0x0000000008005d7c        0x0 c:/st/stm32cubeide_1.12.1/stm32cubeide/plugins/com.st.stm32cube.ide.mcu.externaltools.gnu-tools-for-stm32.10.3-2021.10.win32_1.0.200.202301161003/tools/bin/../lib/gcc/arm-none-eabi/10.3.1/thumb/v7-m/nofp/crtbegin.o

.ARM.extab      0x0000000008005d7c        0x0
                0x0000000008005d7c                . = ALIGN (0x4)
 *(.ARM.extab* .gnu.linkonce.armextab.*)
                0x0000000008005d7c                . = ALIGN (0x4)

.ARM            0x0000000008005d7c        0x0
                0x0000000008005d7c                . = ALIGN (0x4)
                0x0000000008005d7c                __exidx_start = .
 *(.ARM.exidx*)
                0x0000000008005d7c                __exidx_end = .
                0x0000000008005d7c                . = ALIGN (0x4)

.preinit_array  0x0000000008005d7c        0x0
                0x0000000008005d7c                . = ALIGN (0x4)
                0x0000000008005d7c                PROVIDE (__preinit_array_start = .)
 *(.preinit_array*)
                0x0000000008005d7c                PROVIDE (__preinit_array_end = .)
                0x0000000008005d7c                . = ALIGN (0x4)

.init_array     0x0000000008005d7c        0x4
                0x0000000008005d7c                . = ALIGN (0x4)
                0x0000000008005d7c                PROVIDE (__init_array_start = .)
 *(SORT_BY_NAME(.init_array.*))
 *(.init_array*)
 .init_array    0x0000000008005d7c        0x4 c:/st/stm32cubeide_1.12.1/stm32cubeide/plugins/com.st.stm32cube.ide.mcu.externaltools.gnu-tools-for-stm32.10.3-2021.10.win32_1.0.200.202301161003/tools/bin/../lib/gcc/arm-none-eabi/10.3.1/thumb/v7-m/nofp/crtbegin.o
                0x0000000008005d80                PROVIDE (__init_array_end = .)
                0x0000000008005d80                . = ALIGN (0x4)

.fini_array     0x0000000008005d80        0x4
                0x0000000008005d80                . = ALIGN (0x4)
                [!provide]                        PROVIDE (__fini_array_start = .)
 *(SORT_BY_NAME(.fini_array.*))
 *(.fini_array*)
 .fini_array    0x0000000008005d80        0x4 c:/st/stm32cubeide_1.12.1/stm32cubeide/plugins/com.st.stm32cube.ide.mcu.externaltools.gnu-tools-for-stm32.10.3-2021.10.win32_1.0.200.202301161003/tools/bin/../lib/gcc/arm-none-eabi/10.3.1/thumb/v7-m/nofp/crtbegin.o
                [!provide]                        PROVIDE (__fini_array_end = .)
                0x0000000008005d84                . = ALIGN (0x4)
                0x0000000008005d84                _sidata = LOADADDR (.data)

.data           0x0000000020000000      0x13c load address 0x0000000008005d84
                0x0000000020000000                . = ALIGN (0x4)
                0x0000000020000000                _sdata = .
 *(.data)
 *(.data*)
 .data.nGeo     0x0000000020000000        0x8 ./Core/Src/geotextLib.o
                0x0000000020000000                nGeo
 .data.sGeo     0x0000000020000008        0x8 ./Core/Src/geotextLib.o
                0x0000000020000008                sGeo
 .data.xGeo     0x0000000020000010        0x8 ./Core/Src/geotextLib.o
                0x0000000020000010                xGeo
 .data.dGeo     0x0000000020000018        0x8 ./Core/Src/geotextLib.o
                0x0000000020000018                dGeo
 .data.aGeo     0x0000000020000020        0x8 ./Core/Src/geotextLib.o
                0x0000000020000020                aGeo
 .data.SGeo     0x0000000020000028        0x8 ./Core/Src/geotextLib.o
                0x0000000020000028                SGeo
 .data.bGeo     0x0000000020000030        0x8 ./Core/Src/geotextLib.o
                0x0000000020000030                bGeo
 .data.iGeo     0x0000000020000038        0x8 ./Core/Src/geotextLib.o
                0x0000000020000038                iGeo
 .data.lGeo     0x0000000020000040        0x8 ./Core/Src/geotextLib.o
                0x0000000020000040                lGeo
 .data.cGeo     0x0000000020000048        0x8 ./Core/Src/geotextLib.o
                0x0000000020000048                cGeo
 .data.oGeo     0x0000000020000050        0x8 ./Core/Src/geotextLib.o
                0x0000000020000050                oGeo
 .data.tGeo     0x0000000020000058        0x8 ./Core/Src/geotextLib.o
                0x0000000020000058                tGeo
 .data.mGeo     0x0000000020000060        0x8 ./Core/Src/geotextLib.o
                0x0000000020000060                mGeo
 .data.zGeo     0x0000000020000068        0x8 ./Core/Src/geotextLib.o
                0x0000000020000068                zGeo
 .data.vGeo     0x0000000020000070        0x8 ./Core/Src/geotextLib.o
                0x0000000020000070                vGeo
 .data.rGeo     0x0000000020000078        0x8 ./Core/Src/geotextLib.o
                0x0000000020000078                rGeo
 .data.eGeo     0x0000000020000080        0x8 ./Core/Src/geotextLib.o
                0x0000000020000080                eGeo
 .data.special1
                0x0000000020000088        0x8 ./Core/Src/liquidcrystal_i2c.o
                0x0000000020000088                special1
 .data.special2
                0x0000000020000090        0x8 ./Core/Src/liquidcrystal_i2c.o
                0x0000000020000090                special2
 .data.check    0x0000000020000098        0x4 ./Core/Src/main.o
                0x0000000020000098                check
 .data.MQTT_PUB
                0x000000002000009c       0x2e ./Core/Src/quectelCommands.o
                0x000000002000009c                MQTT_PUB
 *fill*         0x00000000200000ca        0x2 
 .data.SystemCoreClock
                0x00000000200000cc        0x4 ./Core/Src/system_stm32f1xx.o
                0x00000000200000cc                SystemCoreClock
 .data.uwTickPrio
                0x00000000200000d0        0x4 ./Drivers/STM32F1xx_HAL_Driver/Src/stm32f1xx_hal.o
                0x00000000200000d0                uwTickPrio
 .data.uwTickFreq
                0x00000000200000d4        0x1 ./Drivers/STM32F1xx_HAL_Driver/Src/stm32f1xx_hal.o
                0x00000000200000d4                uwTickFreq
 *fill*         0x00000000200000d5        0x3 
 .data._impure_ptr
                0x00000000200000d8        0x4 c:/st/stm32cubeide_1.12.1/stm32cubeide/plugins/com.st.stm32cube.ide.mcu.externaltools.gnu-tools-for-stm32.10.3-2021.10.win32_1.0.200.202301161003/tools/bin/../lib/gcc/arm-none-eabi/10.3.1/../../../../arm-none-eabi/lib/thumb/v7-m/nofp\libc_nano.a(lib_a-impure.o)
                0x00000000200000d8                _impure_ptr
 .data.impure_data
                0x00000000200000dc       0x60 c:/st/stm32cubeide_1.12.1/stm32cubeide/plugins/com.st.stm32cube.ide.mcu.externaltools.gnu-tools-for-stm32.10.3-2021.10.win32_1.0.200.202301161003/tools/bin/../lib/gcc/arm-none-eabi/10.3.1/../../../../arm-none-eabi/lib/thumb/v7-m/nofp\libc_nano.a(lib_a-impure.o)
 *(.RamFunc)
 *(.RamFunc*)
                0x000000002000013c                . = ALIGN (0x4)
                0x000000002000013c                _edata = .

.igot.plt       0x000000002000013c        0x0 load address 0x0000000008005ec0
 .igot.plt      0x000000002000013c        0x0 c:/st/stm32cubeide_1.12.1/stm32cubeide/plugins/com.st.stm32cube.ide.mcu.externaltools.gnu-tools-for-stm32.10.3-2021.10.win32_1.0.200.202301161003/tools/bin/../lib/gcc/arm-none-eabi/10.3.1/thumb/v7-m/nofp/crtbegin.o
                0x000000002000013c                . = ALIGN (0x4)

.bss            0x000000002000013c      0x368 load address 0x0000000008005ec0
                0x000000002000013c                _sbss = .
                0x000000002000013c                __bss_start__ = _sbss
 *(.bss)
 .bss           0x000000002000013c       0x1c c:/st/stm32cubeide_1.12.1/stm32cubeide/plugins/com.st.stm32cube.ide.mcu.externaltools.gnu-tools-for-stm32.10.3-2021.10.win32_1.0.200.202301161003/tools/bin/../lib/gcc/arm-none-eabi/10.3.1/thumb/v7-m/nofp/crtbegin.o
 *(.bss*)
 .bss.dpFunction
                0x0000000020000158        0x1 ./Core/Src/liquidcrystal_i2c.o
                0x0000000020000158                dpFunction
 .bss.dpControl
                0x0000000020000159        0x1 ./Core/Src/liquidcrystal_i2c.o
                0x0000000020000159                dpControl
 .bss.dpMode    0x000000002000015a        0x1 ./Core/Src/liquidcrystal_i2c.o
                0x000000002000015a                dpMode
 .bss.dpRows    0x000000002000015b        0x1 ./Core/Src/liquidcrystal_i2c.o
                0x000000002000015b                dpRows
 .bss.dpBacklight
                0x000000002000015c        0x1 ./Core/Src/liquidcrystal_i2c.o
                0x000000002000015c                dpBacklight
 *fill*         0x000000002000015d        0x3 
 .bss.T         0x0000000020000160        0x4 ./Core/Src/main.o
                0x0000000020000160                T
 .bss.temp      0x0000000020000164        0x4 ./Core/Src/main.o
                0x0000000020000164                temp
 .bss.LENGTH    0x0000000020000168        0x4 ./Core/Src/main.o
                0x0000000020000168                LENGTH
 .bss.readSatus
                0x000000002000016c        0x1 ./Core/Src/main.o
                0x000000002000016c                readSatus
 *fill*         0x000000002000016d        0x3 
 .bss.postData  0x0000000020000170       0xff ./Core/Src/main.o
                0x0000000020000170                postData
 *fill*         0x000000002000026f        0x1 
 .bss.buffer    0x0000000020000270       0x80 ./Core/Src/main.o
                0x0000000020000270                buffer
 .bss.MQTT_CHECK_DATA
                0x00000000200002f0       0x64 ./Core/Src/main.o
                0x00000000200002f0                MQTT_CHECK_DATA
 .bss.count     0x0000000020000354        0x4 ./Core/Src/main.o
                0x0000000020000354                count
 .bss.hi2c1     0x0000000020000358       0x54 ./Core/Src/main.o
                0x0000000020000358                hi2c1
 .bss.hspi1     0x00000000200003ac       0x58 ./Core/Src/main.o
                0x00000000200003ac                hspi1
 .bss.huart1    0x0000000020000404       0x44 ./Core/Src/main.o
                0x0000000020000404                huart1
 .bss.huart2    0x0000000020000448       0x44 ./Core/Src/main.o
                0x0000000020000448                huart2
 .bss.__sbrk_heap_end
                0x000000002000048c        0x4 ./Core/Src/sysmem.o
 .bss.uwTick    0x0000000020000490        0x4 ./Drivers/STM32F1xx_HAL_Driver/Src/stm32f1xx_hal.o
                0x0000000020000490                uwTick
 .bss.__malloc_free_list
                0x0000000020000494        0x4 c:/st/stm32cubeide_1.12.1/stm32cubeide/plugins/com.st.stm32cube.ide.mcu.externaltools.gnu-tools-for-stm32.10.3-2021.10.win32_1.0.200.202301161003/tools/bin/../lib/gcc/arm-none-eabi/10.3.1/../../../../arm-none-eabi/lib/thumb/v7-m/nofp\libc_nano.a(lib_a-nano-mallocr.o)
                0x0000000020000494                __malloc_free_list
 .bss.__malloc_sbrk_start
                0x0000000020000498        0x4 c:/st/stm32cubeide_1.12.1/stm32cubeide/plugins/com.st.stm32cube.ide.mcu.externaltools.gnu-tools-for-stm32.10.3-2021.10.win32_1.0.200.202301161003/tools/bin/../lib/gcc/arm-none-eabi/10.3.1/../../../../arm-none-eabi/lib/thumb/v7-m/nofp\libc_nano.a(lib_a-nano-mallocr.o)
                0x0000000020000498                __malloc_sbrk_start
 .bss.errno     0x000000002000049c        0x4 c:/st/stm32cubeide_1.12.1/stm32cubeide/plugins/com.st.stm32cube.ide.mcu.externaltools.gnu-tools-for-stm32.10.3-2021.10.win32_1.0.200.202301161003/tools/bin/../lib/gcc/arm-none-eabi/10.3.1/../../../../arm-none-eabi/lib/thumb/v7-m/nofp\libc_nano.a(lib_a-reent.o)
                0x000000002000049c                errno
 .bss.__lock___malloc_recursive_mutex
                0x00000000200004a0        0x1 c:/st/stm32cubeide_1.12.1/stm32cubeide/plugins/com.st.stm32cube.ide.mcu.externaltools.gnu-tools-for-stm32.10.3-2021.10.win32_1.0.200.202301161003/tools/bin/../lib/gcc/arm-none-eabi/10.3.1/../../../../arm-none-eabi/lib/thumb/v7-m/nofp\libc_nano.a(lib_a-lock.o)
                0x00000000200004a0                __lock___malloc_recursive_mutex
 *(COMMON)
                0x00000000200004a4                . = ALIGN (0x4)
 *fill*         0x00000000200004a1        0x3 
                0x00000000200004a4                _ebss = .
                0x00000000200004a4                __bss_end__ = _ebss

._user_heap_stack
                0x00000000200004a4      0x604 load address 0x0000000008005ec0
                0x00000000200004a8                . = ALIGN (0x8)
 *fill*         0x00000000200004a4        0x4 
                [!provide]                        PROVIDE (end = .)
                0x00000000200004a8                PROVIDE (_end = .)
                0x00000000200006a8                . = (. + _Min_Heap_Size)
 *fill*         0x00000000200004a8      0x200 
                0x0000000020000aa8                . = (. + _Min_Stack_Size)
 *fill*         0x00000000200006a8      0x400 
                0x0000000020000aa8                . = ALIGN (0x8)

/DISCARD/
 libc.a(*)
 libm.a(*)
 libgcc.a(*)

.ARM.attributes
                0x0000000000000000       0x29
 *(.ARM.attributes)
 .ARM.attributes
                0x0000000000000000       0x1d c:/st/stm32cubeide_1.12.1/stm32cubeide/plugins/com.st.stm32cube.ide.mcu.externaltools.gnu-tools-for-stm32.10.3-2021.10.win32_1.0.200.202301161003/tools/bin/../lib/gcc/arm-none-eabi/10.3.1/thumb/v7-m/nofp/crti.o
 .ARM.attributes
                0x000000000000001d       0x2d c:/st/stm32cubeide_1.12.1/stm32cubeide/plugins/com.st.stm32cube.ide.mcu.externaltools.gnu-tools-for-stm32.10.3-2021.10.win32_1.0.200.202301161003/tools/bin/../lib/gcc/arm-none-eabi/10.3.1/thumb/v7-m/nofp/crtbegin.o
 .ARM.attributes
                0x000000000000004a       0x2d ./Core/Src/geotextLib.o
 .ARM.attributes
                0x0000000000000077       0x2d ./Core/Src/liquidcrystal_i2c.o
 .ARM.attributes
                0x00000000000000a4       0x2d ./Core/Src/main.o
 .ARM.attributes
                0x00000000000000d1       0x2d ./Core/Src/quectelCommands.o
 .ARM.attributes
                0x00000000000000fe       0x2d ./Core/Src/rc522.o
 .ARM.attributes
                0x000000000000012b       0x2d ./Core/Src/stm32f1xx_hal_msp.o
 .ARM.attributes
                0x0000000000000158       0x2d ./Core/Src/stm32f1xx_it.o
 .ARM.attributes
                0x0000000000000185       0x2d ./Core/Src/switchSounds.o
 .ARM.attributes
                0x00000000000001b2       0x2d ./Core/Src/sysmem.o
 .ARM.attributes
                0x00000000000001df       0x2d ./Core/Src/system_stm32f1xx.o
 .ARM.attributes
                0x000000000000020c       0x21 ./Core/Startup/startup_stm32f103cbtx.o
 .ARM.attributes
                0x000000000000022d       0x2d ./Drivers/STM32F1xx_HAL_Driver/Src/stm32f1xx_hal.o
 .ARM.attributes
                0x000000000000025a       0x2d ./Drivers/STM32F1xx_HAL_Driver/Src/stm32f1xx_hal_cortex.o
 .ARM.attributes
                0x0000000000000287       0x2d ./Drivers/STM32F1xx_HAL_Driver/Src/stm32f1xx_hal_dma.o
 .ARM.attributes
                0x00000000000002b4       0x2d ./Drivers/STM32F1xx_HAL_Driver/Src/stm32f1xx_hal_gpio.o
 .ARM.attributes
                0x00000000000002e1       0x2d ./Drivers/STM32F1xx_HAL_Driver/Src/stm32f1xx_hal_i2c.o
 .ARM.attributes
                0x000000000000030e       0x2d ./Drivers/STM32F1xx_HAL_Driver/Src/stm32f1xx_hal_rcc.o
 .ARM.attributes
                0x000000000000033b       0x2d ./Drivers/STM32F1xx_HAL_Driver/Src/stm32f1xx_hal_spi.o
 .ARM.attributes
                0x0000000000000368       0x2d ./Drivers/STM32F1xx_HAL_Driver/Src/stm32f1xx_hal_uart.o
 .ARM.attributes
                0x0000000000000395       0x2d c:/st/stm32cubeide_1.12.1/stm32cubeide/plugins/com.st.stm32cube.ide.mcu.externaltools.gnu-tools-for-stm32.10.3-2021.10.win32_1.0.200.202301161003/tools/bin/../lib/gcc/arm-none-eabi/10.3.1/../../../../arm-none-eabi/lib/thumb/v7-m/nofp\libc_nano.a(lib_a-atoi.o)
 .ARM.attributes
                0x00000000000003c2       0x2d c:/st/stm32cubeide_1.12.1/stm32cubeide/plugins/com.st.stm32cube.ide.mcu.externaltools.gnu-tools-for-stm32.10.3-2021.10.win32_1.0.200.202301161003/tools/bin/../lib/gcc/arm-none-eabi/10.3.1/../../../../arm-none-eabi/lib/thumb/v7-m/nofp\libc_nano.a(lib_a-errno.o)
 .ARM.attributes
                0x00000000000003ef       0x2d c:/st/stm32cubeide_1.12.1/stm32cubeide/plugins/com.st.stm32cube.ide.mcu.externaltools.gnu-tools-for-stm32.10.3-2021.10.win32_1.0.200.202301161003/tools/bin/../lib/gcc/arm-none-eabi/10.3.1/../../../../arm-none-eabi/lib/thumb/v7-m/nofp\libc_nano.a(lib_a-impure.o)
 .ARM.attributes
                0x000000000000041c       0x2d c:/st/stm32cubeide_1.12.1/stm32cubeide/plugins/com.st.stm32cube.ide.mcu.externaltools.gnu-tools-for-stm32.10.3-2021.10.win32_1.0.200.202301161003/tools/bin/../lib/gcc/arm-none-eabi/10.3.1/../../../../arm-none-eabi/lib/thumb/v7-m/nofp\libc_nano.a(lib_a-init.o)
 .ARM.attributes
                0x0000000000000449       0x2d c:/st/stm32cubeide_1.12.1/stm32cubeide/plugins/com.st.stm32cube.ide.mcu.externaltools.gnu-tools-for-stm32.10.3-2021.10.win32_1.0.200.202301161003/tools/bin/../lib/gcc/arm-none-eabi/10.3.1/../../../../arm-none-eabi/lib/thumb/v7-m/nofp\libc_nano.a(lib_a-memcpy-stub.o)
 .ARM.attributes
                0x0000000000000476       0x2d c:/st/stm32cubeide_1.12.1/stm32cubeide/plugins/com.st.stm32cube.ide.mcu.externaltools.gnu-tools-for-stm32.10.3-2021.10.win32_1.0.200.202301161003/tools/bin/../lib/gcc/arm-none-eabi/10.3.1/../../../../arm-none-eabi/lib/thumb/v7-m/nofp\libc_nano.a(lib_a-memset.o)
 .ARM.attributes
                0x00000000000004a3       0x2d c:/st/stm32cubeide_1.12.1/stm32cubeide/plugins/com.st.stm32cube.ide.mcu.externaltools.gnu-tools-for-stm32.10.3-2021.10.win32_1.0.200.202301161003/tools/bin/../lib/gcc/arm-none-eabi/10.3.1/../../../../arm-none-eabi/lib/thumb/v7-m/nofp\libc_nano.a(lib_a-sprintf.o)
 .ARM.attributes
                0x00000000000004d0       0x17 c:/st/stm32cubeide_1.12.1/stm32cubeide/plugins/com.st.stm32cube.ide.mcu.externaltools.gnu-tools-for-stm32.10.3-2021.10.win32_1.0.200.202301161003/tools/bin/../lib/gcc/arm-none-eabi/10.3.1/../../../../arm-none-eabi/lib/thumb/v7-m/nofp\libc_nano.a(lib_a-strlen.o)
 .ARM.attributes
                0x00000000000004e7       0x2d c:/st/stm32cubeide_1.12.1/stm32cubeide/plugins/com.st.stm32cube.ide.mcu.externaltools.gnu-tools-for-stm32.10.3-2021.10.win32_1.0.200.202301161003/tools/bin/../lib/gcc/arm-none-eabi/10.3.1/../../../../arm-none-eabi/lib/thumb/v7-m/nofp\libc_nano.a(lib_a-strncpy.o)
 .ARM.attributes
                0x0000000000000514       0x2d c:/st/stm32cubeide_1.12.1/stm32cubeide/plugins/com.st.stm32cube.ide.mcu.externaltools.gnu-tools-for-stm32.10.3-2021.10.win32_1.0.200.202301161003/tools/bin/../lib/gcc/arm-none-eabi/10.3.1/../../../../arm-none-eabi/lib/thumb/v7-m/nofp\libc_nano.a(lib_a-strtol.o)
 .ARM.attributes
                0x0000000000000541       0x2d c:/st/stm32cubeide_1.12.1/stm32cubeide/plugins/com.st.stm32cube.ide.mcu.externaltools.gnu-tools-for-stm32.10.3-2021.10.win32_1.0.200.202301161003/tools/bin/../lib/gcc/arm-none-eabi/10.3.1/../../../../arm-none-eabi/lib/thumb/v7-m/nofp\libc_nano.a(lib_a-ctype_.o)
 .ARM.attributes
                0x000000000000056e       0x2d c:/st/stm32cubeide_1.12.1/stm32cubeide/plugins/com.st.stm32cube.ide.mcu.externaltools.gnu-tools-for-stm32.10.3-2021.10.win32_1.0.200.202301161003/tools/bin/../lib/gcc/arm-none-eabi/10.3.1/../../../../arm-none-eabi/lib/thumb/v7-m/nofp\libc_nano.a(lib_a-nano-svfprintf.o)
 .ARM.attributes
                0x000000000000059b       0x2d c:/st/stm32cubeide_1.12.1/stm32cubeide/plugins/com.st.stm32cube.ide.mcu.externaltools.gnu-tools-for-stm32.10.3-2021.10.win32_1.0.200.202301161003/tools/bin/../lib/gcc/arm-none-eabi/10.3.1/../../../../arm-none-eabi/lib/thumb/v7-m/nofp\libc_nano.a(lib_a-nano-vfprintf_i.o)
 .ARM.attributes
                0x00000000000005c8       0x2d c:/st/stm32cubeide_1.12.1/stm32cubeide/plugins/com.st.stm32cube.ide.mcu.externaltools.gnu-tools-for-stm32.10.3-2021.10.win32_1.0.200.202301161003/tools/bin/../lib/gcc/arm-none-eabi/10.3.1/../../../../arm-none-eabi/lib/thumb/v7-m/nofp\libc_nano.a(lib_a-memchr-stub.o)
 .ARM.attributes
                0x00000000000005f5       0x2d c:/st/stm32cubeide_1.12.1/stm32cubeide/plugins/com.st.stm32cube.ide.mcu.externaltools.gnu-tools-for-stm32.10.3-2021.10.win32_1.0.200.202301161003/tools/bin/../lib/gcc/arm-none-eabi/10.3.1/../../../../arm-none-eabi/lib/thumb/v7-m/nofp\libc_nano.a(lib_a-memmove.o)
 .ARM.attributes
                0x0000000000000622       0x2d c:/st/stm32cubeide_1.12.1/stm32cubeide/plugins/com.st.stm32cube.ide.mcu.externaltools.gnu-tools-for-stm32.10.3-2021.10.win32_1.0.200.202301161003/tools/bin/../lib/gcc/arm-none-eabi/10.3.1/../../../../arm-none-eabi/lib/thumb/v7-m/nofp\libc_nano.a(lib_a-nano-freer.o)
 .ARM.attributes
                0x000000000000064f       0x2d c:/st/stm32cubeide_1.12.1/stm32cubeide/plugins/com.st.stm32cube.ide.mcu.externaltools.gnu-tools-for-stm32.10.3-2021.10.win32_1.0.200.202301161003/tools/bin/../lib/gcc/arm-none-eabi/10.3.1/../../../../arm-none-eabi/lib/thumb/v7-m/nofp\libc_nano.a(lib_a-nano-mallocr.o)
 .ARM.attributes
                0x000000000000067c       0x2d c:/st/stm32cubeide_1.12.1/stm32cubeide/plugins/com.st.stm32cube.ide.mcu.externaltools.gnu-tools-for-stm32.10.3-2021.10.win32_1.0.200.202301161003/tools/bin/../lib/gcc/arm-none-eabi/10.3.1/../../../../arm-none-eabi/lib/thumb/v7-m/nofp\libc_nano.a(lib_a-nano-reallocr.o)
 .ARM.attributes
                0x00000000000006a9       0x2d c:/st/stm32cubeide_1.12.1/stm32cubeide/plugins/com.st.stm32cube.ide.mcu.externaltools.gnu-tools-for-stm32.10.3-2021.10.win32_1.0.200.202301161003/tools/bin/../lib/gcc/arm-none-eabi/10.3.1/../../../../arm-none-eabi/lib/thumb/v7-m/nofp\libc_nano.a(lib_a-sbrkr.o)
 .ARM.attributes
                0x00000000000006d6       0x2d c:/st/stm32cubeide_1.12.1/stm32cubeide/plugins/com.st.stm32cube.ide.mcu.externaltools.gnu-tools-for-stm32.10.3-2021.10.win32_1.0.200.202301161003/tools/bin/../lib/gcc/arm-none-eabi/10.3.1/../../../../arm-none-eabi/lib/thumb/v7-m/nofp\libc_nano.a(lib_a-mlock.o)
 .ARM.attributes
                0x0000000000000703       0x2d c:/st/stm32cubeide_1.12.1/stm32cubeide/plugins/com.st.stm32cube.ide.mcu.externaltools.gnu-tools-for-stm32.10.3-2021.10.win32_1.0.200.202301161003/tools/bin/../lib/gcc/arm-none-eabi/10.3.1/../../../../arm-none-eabi/lib/thumb/v7-m/nofp\libc_nano.a(lib_a-nano-msizer.o)
 .ARM.attributes
                0x0000000000000730       0x2d c:/st/stm32cubeide_1.12.1/stm32cubeide/plugins/com.st.stm32cube.ide.mcu.externaltools.gnu-tools-for-stm32.10.3-2021.10.win32_1.0.200.202301161003/tools/bin/../lib/gcc/arm-none-eabi/10.3.1/../../../../arm-none-eabi/lib/thumb/v7-m/nofp\libc_nano.a(lib_a-reent.o)
 .ARM.attributes
                0x000000000000075d       0x2d c:/st/stm32cubeide_1.12.1/stm32cubeide/plugins/com.st.stm32cube.ide.mcu.externaltools.gnu-tools-for-stm32.10.3-2021.10.win32_1.0.200.202301161003/tools/bin/../lib/gcc/arm-none-eabi/10.3.1/../../../../arm-none-eabi/lib/thumb/v7-m/nofp\libc_nano.a(lib_a-lock.o)
 .ARM.attributes
                0x000000000000078a       0x1d c:/st/stm32cubeide_1.12.1/stm32cubeide/plugins/com.st.stm32cube.ide.mcu.externaltools.gnu-tools-for-stm32.10.3-2021.10.win32_1.0.200.202301161003/tools/bin/../lib/gcc/arm-none-eabi/10.3.1/thumb/v7-m/nofp/crtn.o
OUTPUT(lifOSMQTT.elf elf32-littlearm)
LOAD linker stubs
LOAD c:/st/stm32cubeide_1.12.1/stm32cubeide/plugins/com.st.stm32cube.ide.mcu.externaltools.gnu-tools-for-stm32.10.3-2021.10.win32_1.0.200.202301161003/tools/bin/../lib/gcc/arm-none-eabi/10.3.1/../../../../arm-none-eabi/lib/thumb/v7-m/nofp\libc.a
LOAD c:/st/stm32cubeide_1.12.1/stm32cubeide/plugins/com.st.stm32cube.ide.mcu.externaltools.gnu-tools-for-stm32.10.3-2021.10.win32_1.0.200.202301161003/tools/bin/../lib/gcc/arm-none-eabi/10.3.1/../../../../arm-none-eabi/lib/thumb/v7-m/nofp\libm.a
LOAD c:/st/stm32cubeide_1.12.1/stm32cubeide/plugins/com.st.stm32cube.ide.mcu.externaltools.gnu-tools-for-stm32.10.3-2021.10.win32_1.0.200.202301161003/tools/bin/../lib/gcc/arm-none-eabi/10.3.1/thumb/v7-m/nofp\libgcc.a

.debug_info     0x0000000000000000     0xdc7c
 .debug_info    0x0000000000000000      0x45b ./Core/Src/geotextLib.o
 .debug_info    0x000000000000045b      0xcce ./Core/Src/liquidcrystal_i2c.o
 .debug_info    0x0000000000001129     0x15a8 ./Core/Src/main.o
 .debug_info    0x00000000000026d1      0xc4a ./Core/Src/quectelCommands.o
 .debug_info    0x000000000000331b     0x1020 ./Core/Src/rc522.o
 .debug_info    0x000000000000433b     0x105a ./Core/Src/stm32f1xx_hal_msp.o
 .debug_info    0x0000000000005395      0x80d ./Core/Src/stm32f1xx_it.o
 .debug_info    0x0000000000005ba2      0x19e ./Core/Src/switchSounds.o
 .debug_info    0x0000000000005d40      0x171 ./Core/Src/sysmem.o
 .debug_info    0x0000000000005eb1      0x23d ./Core/Src/system_stm32f1xx.o
 .debug_info    0x00000000000060ee       0x22 ./Core/Startup/startup_stm32f103cbtx.o
 .debug_info    0x0000000000006110      0x734 ./Drivers/STM32F1xx_HAL_Driver/Src/stm32f1xx_hal.o
 .debug_info    0x0000000000006844      0xb20 ./Drivers/STM32F1xx_HAL_Driver/Src/stm32f1xx_hal_cortex.o
 .debug_info    0x0000000000007364      0x73f ./Drivers/STM32F1xx_HAL_Driver/Src/stm32f1xx_hal_dma.o
 .debug_info    0x0000000000007aa3      0x615 ./Drivers/STM32F1xx_HAL_Driver/Src/stm32f1xx_hal_gpio.o
 .debug_info    0x00000000000080b8     0x2734 ./Drivers/STM32F1xx_HAL_Driver/Src/stm32f1xx_hal_i2c.o
 .debug_info    0x000000000000a7ec      0x860 ./Drivers/STM32F1xx_HAL_Driver/Src/stm32f1xx_hal_rcc.o
 .debug_info    0x000000000000b04c     0x1658 ./Drivers/STM32F1xx_HAL_Driver/Src/stm32f1xx_hal_spi.o
 .debug_info    0x000000000000c6a4     0x15d8 ./Drivers/STM32F1xx_HAL_Driver/Src/stm32f1xx_hal_uart.o

.debug_abbrev   0x0000000000000000     0x268d
 .debug_abbrev  0x0000000000000000      0x13b ./Core/Src/geotextLib.o
 .debug_abbrev  0x000000000000013b      0x2d2 ./Core/Src/liquidcrystal_i2c.o
 .debug_abbrev  0x000000000000040d      0x347 ./Core/Src/main.o
 .debug_abbrev  0x0000000000000754      0x2eb ./Core/Src/quectelCommands.o
 .debug_abbrev  0x0000000000000a3f      0x313 ./Core/Src/rc522.o
 .debug_abbrev  0x0000000000000d52      0x1f0 ./Core/Src/stm32f1xx_hal_msp.o
 .debug_abbrev  0x0000000000000f42      0x1b7 ./Core/Src/stm32f1xx_it.o
 .debug_abbrev  0x00000000000010f9       0xd5 ./Core/Src/switchSounds.o
 .debug_abbrev  0x00000000000011ce       0xbb ./Core/Src/sysmem.o
 .debug_abbrev  0x0000000000001289      0x13b ./Core/Src/system_stm32f1xx.o
 .debug_abbrev  0x00000000000013c4       0x12 ./Core/Startup/startup_stm32f103cbtx.o
 .debug_abbrev  0x00000000000013d6      0x1fb ./Drivers/STM32F1xx_HAL_Driver/Src/stm32f1xx_hal.o
 .debug_abbrev  0x00000000000015d1      0x2ed ./Drivers/STM32F1xx_HAL_Driver/Src/stm32f1xx_hal_cortex.o
 .debug_abbrev  0x00000000000018be      0x1fe ./Drivers/STM32F1xx_HAL_Driver/Src/stm32f1xx_hal_dma.o
 .debug_abbrev  0x0000000000001abc      0x1bb ./Drivers/STM32F1xx_HAL_Driver/Src/stm32f1xx_hal_gpio.o
 .debug_abbrev  0x0000000000001c77      0x288 ./Drivers/STM32F1xx_HAL_Driver/Src/stm32f1xx_hal_i2c.o
 .debug_abbrev  0x0000000000001eff      0x2a8 ./Drivers/STM32F1xx_HAL_Driver/Src/stm32f1xx_hal_rcc.o
 .debug_abbrev  0x00000000000021a7      0x26e ./Drivers/STM32F1xx_HAL_Driver/Src/stm32f1xx_hal_spi.o
 .debug_abbrev  0x0000000000002415      0x278 ./Drivers/STM32F1xx_HAL_Driver/Src/stm32f1xx_hal_uart.o

.debug_aranges  0x0000000000000000      0xe78
 .debug_aranges
                0x0000000000000000       0x60 ./Core/Src/geotextLib.o
 .debug_aranges
                0x0000000000000060      0x120 ./Core/Src/liquidcrystal_i2c.o
 .debug_aranges
                0x0000000000000180       0x78 ./Core/Src/main.o
 .debug_aranges
                0x00000000000001f8       0x80 ./Core/Src/quectelCommands.o
 .debug_aranges
                0x0000000000000278       0xe0 ./Core/Src/rc522.o
 .debug_aranges
                0x0000000000000358       0x50 ./Core/Src/stm32f1xx_hal_msp.o
 .debug_aranges
                0x00000000000003a8       0x70 ./Core/Src/stm32f1xx_it.o
 .debug_aranges
                0x0000000000000418       0x38 ./Core/Src/switchSounds.o
 .debug_aranges
                0x0000000000000450       0x20 ./Core/Src/sysmem.o
 .debug_aranges
                0x0000000000000470       0x28 ./Core/Src/system_stm32f1xx.o
 .debug_aranges
                0x0000000000000498       0x28 ./Core/Startup/startup_stm32f103cbtx.o
 .debug_aranges
                0x00000000000004c0       0xe0 ./Drivers/STM32F1xx_HAL_Driver/Src/stm32f1xx_hal.o
 .debug_aranges
                0x00000000000005a0      0x100 ./Drivers/STM32F1xx_HAL_Driver/Src/stm32f1xx_hal_cortex.o
 .debug_aranges
                0x00000000000006a0       0x80 ./Drivers/STM32F1xx_HAL_Driver/Src/stm32f1xx_hal_dma.o
 .debug_aranges
                0x0000000000000720       0x58 ./Drivers/STM32F1xx_HAL_Driver/Src/stm32f1xx_hal_gpio.o
 .debug_aranges
                0x0000000000000778      0x2a0 ./Drivers/STM32F1xx_HAL_Driver/Src/stm32f1xx_hal_i2c.o
 .debug_aranges
                0x0000000000000a18       0x90 ./Drivers/STM32F1xx_HAL_Driver/Src/stm32f1xx_hal_rcc.o
 .debug_aranges
                0x0000000000000aa8      0x1d0 ./Drivers/STM32F1xx_HAL_Driver/Src/stm32f1xx_hal_spi.o
 .debug_aranges
                0x0000000000000c78      0x200 ./Drivers/STM32F1xx_HAL_Driver/Src/stm32f1xx_hal_uart.o

.debug_ranges   0x0000000000000000      0xda8
 .debug_ranges  0x0000000000000000       0x50 ./Core/Src/geotextLib.o
 .debug_ranges  0x0000000000000050      0x110 ./Core/Src/liquidcrystal_i2c.o
 .debug_ranges  0x0000000000000160       0x68 ./Core/Src/main.o
 .debug_ranges  0x00000000000001c8       0x70 ./Core/Src/quectelCommands.o
 .debug_ranges  0x0000000000000238       0xd0 ./Core/Src/rc522.o
 .debug_ranges  0x0000000000000308       0x40 ./Core/Src/stm32f1xx_hal_msp.o
 .debug_ranges  0x0000000000000348       0x60 ./Core/Src/stm32f1xx_it.o
 .debug_ranges  0x00000000000003a8       0x28 ./Core/Src/switchSounds.o
 .debug_ranges  0x00000000000003d0       0x10 ./Core/Src/sysmem.o
 .debug_ranges  0x00000000000003e0       0x18 ./Core/Src/system_stm32f1xx.o
 .debug_ranges  0x00000000000003f8       0x20 ./Core/Startup/startup_stm32f103cbtx.o
 .debug_ranges  0x0000000000000418       0xd0 ./Drivers/STM32F1xx_HAL_Driver/Src/stm32f1xx_hal.o
 .debug_ranges  0x00000000000004e8       0xf0 ./Drivers/STM32F1xx_HAL_Driver/Src/stm32f1xx_hal_cortex.o
 .debug_ranges  0x00000000000005d8       0x70 ./Drivers/STM32F1xx_HAL_Driver/Src/stm32f1xx_hal_dma.o
 .debug_ranges  0x0000000000000648       0x48 ./Drivers/STM32F1xx_HAL_Driver/Src/stm32f1xx_hal_gpio.o
 .debug_ranges  0x0000000000000690      0x2b8 ./Drivers/STM32F1xx_HAL_Driver/Src/stm32f1xx_hal_i2c.o
 .debug_ranges  0x0000000000000948       0x80 ./Drivers/STM32F1xx_HAL_Driver/Src/stm32f1xx_hal_rcc.o
 .debug_ranges  0x00000000000009c8      0x1c0 ./Drivers/STM32F1xx_HAL_Driver/Src/stm32f1xx_hal_spi.o
 .debug_ranges  0x0000000000000b88      0x220 ./Drivers/STM32F1xx_HAL_Driver/Src/stm32f1xx_hal_uart.o

.debug_macro    0x0000000000000000    0x18a17
 .debug_macro   0x0000000000000000      0x387 ./Core/Src/geotextLib.o
 .debug_macro   0x0000000000000387      0xa6c ./Core/Src/geotextLib.o
 .debug_macro   0x0000000000000df3      0x221 ./Core/Src/geotextLib.o
 .debug_macro   0x0000000000001014       0x2e ./Core/Src/geotextLib.o
 .debug_macro   0x0000000000001042       0x22 ./Core/Src/geotextLib.o
 .debug_macro   0x0000000000001064       0x22 ./Core/Src/geotextLib.o
 .debug_macro   0x0000000000001086       0x8e ./Core/Src/geotextLib.o
 .debug_macro   0x0000000000001114       0x51 ./Core/Src/geotextLib.o
 .debug_macro   0x0000000000001165      0x103 ./Core/Src/geotextLib.o
 .debug_macro   0x0000000000001268       0x6a ./Core/Src/geotextLib.o
 .debug_macro   0x00000000000012d2      0x1df ./Core/Src/geotextLib.o
 .debug_macro   0x00000000000014b1       0x1c ./Core/Src/geotextLib.o
 .debug_macro   0x00000000000014cd       0x22 ./Core/Src/geotextLib.o
 .debug_macro   0x00000000000014ef       0xbd ./Core/Src/geotextLib.o
 .debug_macro   0x00000000000015ac      0xd23 ./Core/Src/geotextLib.o
 .debug_macro   0x00000000000022cf     0xe09e ./Core/Src/geotextLib.o
 .debug_macro   0x000000000001036d       0x6d ./Core/Src/geotextLib.o
 .debug_macro   0x00000000000103da     0x3468 ./Core/Src/geotextLib.o
 .debug_macro   0x0000000000013842      0x174 ./Core/Src/geotextLib.o
 .debug_macro   0x00000000000139b6       0x5c ./Core/Src/geotextLib.o
 .debug_macro   0x0000000000013a12      0x5be ./Core/Src/geotextLib.o
 .debug_macro   0x0000000000013fd0      0x289 ./Core/Src/geotextLib.o
 .debug_macro   0x0000000000014259      0x1cb ./Core/Src/geotextLib.o
 .debug_macro   0x0000000000014424      0x114 ./Core/Src/geotextLib.o
 .debug_macro   0x0000000000014538      0x1b2 ./Core/Src/geotextLib.o
 .debug_macro   0x00000000000146ea       0x27 ./Core/Src/geotextLib.o
 .debug_macro   0x0000000000014711      0x136 ./Core/Src/geotextLib.o
 .debug_macro   0x0000000000014847      0x1bc ./Core/Src/geotextLib.o
 .debug_macro   0x0000000000014a03       0x34 ./Core/Src/geotextLib.o
 .debug_macro   0x0000000000014a37       0x3c ./Core/Src/geotextLib.o
 .debug_macro   0x0000000000014a73       0x57 ./Core/Src/geotextLib.o
 .debug_macro   0x0000000000014aca       0x88 ./Core/Src/geotextLib.o
 .debug_macro   0x0000000000014b52      0x241 ./Core/Src/geotextLib.o
 .debug_macro   0x0000000000014d93      0x287 ./Core/Src/geotextLib.o
 .debug_macro   0x000000000001501a      0x141 ./Core/Src/geotextLib.o
 .debug_macro   0x000000000001515b      0x217 ./Core/Src/geotextLib.o
 .debug_macro   0x0000000000015372      0x279 ./Core/Src/geotextLib.o
 .debug_macro   0x00000000000155eb       0x83 ./Core/Src/geotextLib.o
 .debug_macro   0x000000000001566e       0x1c ./Core/Src/geotextLib.o
 .debug_macro   0x000000000001568a       0xd6 ./Core/Src/geotextLib.o
 .debug_macro   0x0000000000015760       0x52 ./Core/Src/geotextLib.o
 .debug_macro   0x00000000000157b2       0x18 ./Core/Src/geotextLib.o
 .debug_macro   0x00000000000157ca       0x3c ./Core/Src/geotextLib.o
 .debug_macro   0x0000000000015806       0x34 ./Core/Src/geotextLib.o
 .debug_macro   0x000000000001583a       0x16 ./Core/Src/geotextLib.o
 .debug_macro   0x0000000000015850       0x35 ./Core/Src/geotextLib.o
 .debug_macro   0x0000000000015885      0x341 ./Core/Src/geotextLib.o
 .debug_macro   0x0000000000015bc6       0x10 ./Core/Src/geotextLib.o
 .debug_macro   0x0000000000015bd6       0x16 ./Core/Src/geotextLib.o
 .debug_macro   0x0000000000015bec       0x43 ./Core/Src/geotextLib.o
 .debug_macro   0x0000000000015c2f       0x34 ./Core/Src/geotextLib.o
 .debug_macro   0x0000000000015c63       0x10 ./Core/Src/geotextLib.o
 .debug_macro   0x0000000000015c73       0x58 ./Core/Src/geotextLib.o
 .debug_macro   0x0000000000015ccb       0x71 ./Core/Src/geotextLib.o
 .debug_macro   0x0000000000015d3c       0x1c ./Core/Src/geotextLib.o
 .debug_macro   0x0000000000015d58      0x12a ./Core/Src/geotextLib.o
 .debug_macro   0x0000000000015e82       0x10 ./Core/Src/geotextLib.o
 .debug_macro   0x0000000000015e92       0x1c ./Core/Src/geotextLib.o
 .debug_macro   0x0000000000015eae       0x52 ./Core/Src/geotextLib.o
 .debug_macro   0x0000000000015f00       0x22 ./Core/Src/geotextLib.o
 .debug_macro   0x0000000000015f22       0x10 ./Core/Src/geotextLib.o
 .debug_macro   0x0000000000015f32       0x52 ./Core/Src/geotextLib.o
 .debug_macro   0x0000000000015f84       0xd5 ./Core/Src/geotextLib.o
 .debug_macro   0x0000000000016059       0x1c ./Core/Src/geotextLib.o
 .debug_macro   0x0000000000016075       0x3d ./Core/Src/geotextLib.o
 .debug_macro   0x00000000000160b2       0x16 ./Core/Src/geotextLib.o
 .debug_macro   0x00000000000160c8      0x145 ./Core/Src/geotextLib.o
 .debug_macro   0x000000000001620d       0x16 ./Core/Src/geotextLib.o
 .debug_macro   0x0000000000016223       0x20 ./Core/Src/geotextLib.o
 .debug_macro   0x0000000000016243       0x16 ./Core/Src/geotextLib.o
 .debug_macro   0x0000000000016259       0x16 ./Core/Src/geotextLib.o
 .debug_macro   0x000000000001626f       0x29 ./Core/Src/geotextLib.o
 .debug_macro   0x0000000000016298      0x1b1 ./Core/Src/liquidcrystal_i2c.o
 .debug_macro   0x0000000000016449       0xd0 ./Core/Src/liquidcrystal_i2c.o
 .debug_macro   0x0000000000016519      0x3aa ./Core/Src/main.o
 .debug_macro   0x00000000000168c3      0x256 ./Core/Src/main.o
 .debug_macro   0x0000000000016b19      0x378 ./Core/Src/quectelCommands.o
 .debug_macro   0x0000000000016e91       0x22 ./Core/Src/quectelCommands.o
 .debug_macro   0x0000000000016eb3      0x33a ./Core/Src/rc522.o
 .debug_macro   0x00000000000171ed       0x10 ./Core/Src/rc522.o
 .debug_macro   0x00000000000171fd       0x1c ./Core/Src/rc522.o
 .debug_macro   0x0000000000017219      0x1b1 ./Core/Src/stm32f1xx_hal_msp.o
 .debug_macro   0x00000000000173ca      0x1bb ./Core/Src/stm32f1xx_it.o
 .debug_macro   0x0000000000017585      0x1b5 ./Core/Src/switchSounds.o
 .debug_macro   0x000000000001773a       0xff ./Core/Src/sysmem.o
 .debug_macro   0x0000000000017839      0x23b ./Core/Src/sysmem.o
 .debug_macro   0x0000000000017a74      0x1a2 ./Core/Src/system_stm32f1xx.o
 .debug_macro   0x0000000000017c16      0x1c6 ./Drivers/STM32F1xx_HAL_Driver/Src/stm32f1xx_hal.o
 .debug_macro   0x0000000000017ddc      0x1a2 ./Drivers/STM32F1xx_HAL_Driver/Src/stm32f1xx_hal_cortex.o
 .debug_macro   0x0000000000017f7e      0x1a2 ./Drivers/STM32F1xx_HAL_Driver/Src/stm32f1xx_hal_dma.o
 .debug_macro   0x0000000000018120      0x20d ./Drivers/STM32F1xx_HAL_Driver/Src/stm32f1xx_hal_gpio.o
 .debug_macro   0x000000000001832d      0x1e9 ./Drivers/STM32F1xx_HAL_Driver/Src/stm32f1xx_hal_i2c.o
 .debug_macro   0x0000000000018516      0x1b4 ./Drivers/STM32F1xx_HAL_Driver/Src/stm32f1xx_hal_rcc.o
 .debug_macro   0x00000000000186ca      0x1aa ./Drivers/STM32F1xx_HAL_Driver/Src/stm32f1xx_hal_spi.o
 .debug_macro   0x0000000000018874      0x1a3 ./Drivers/STM32F1xx_HAL_Driver/Src/stm32f1xx_hal_uart.o

.debug_line     0x0000000000000000    0x10c02
 .debug_line    0x0000000000000000      0xa7b ./Core/Src/geotextLib.o
 .debug_line    0x0000000000000a7b      0xa99 ./Core/Src/liquidcrystal_i2c.o
 .debug_line    0x0000000000001514      0xd47 ./Core/Src/main.o
 .debug_line    0x000000000000225b      0xc46 ./Core/Src/quectelCommands.o
 .debug_line    0x0000000000002ea1     0x128b ./Core/Src/rc522.o
 .debug_line    0x000000000000412c      0x7a2 ./Core/Src/stm32f1xx_hal_msp.o
 .debug_line    0x00000000000048ce      0x7a9 ./Core/Src/stm32f1xx_it.o
 .debug_line    0x0000000000005077      0x6dc ./Core/Src/switchSounds.o
 .debug_line    0x0000000000005753      0x4f4 ./Core/Src/sysmem.o
 .debug_line    0x0000000000005c47      0x6f5 ./Core/Src/system_stm32f1xx.o
 .debug_line    0x000000000000633c       0x87 ./Core/Startup/startup_stm32f103cbtx.o
 .debug_line    0x00000000000063c3      0x922 ./Drivers/STM32F1xx_HAL_Driver/Src/stm32f1xx_hal.o
 .debug_line    0x0000000000006ce5      0xb0a ./Drivers/STM32F1xx_HAL_Driver/Src/stm32f1xx_hal_cortex.o
 .debug_line    0x00000000000077ef      0xd7a ./Drivers/STM32F1xx_HAL_Driver/Src/stm32f1xx_hal_dma.o
 .debug_line    0x0000000000008569      0x9b9 ./Drivers/STM32F1xx_HAL_Driver/Src/stm32f1xx_hal_gpio.o
 .debug_line    0x0000000000008f22     0x3a0c ./Drivers/STM32F1xx_HAL_Driver/Src/stm32f1xx_hal_i2c.o
 .debug_line    0x000000000000c92e      0xd30 ./Drivers/STM32F1xx_HAL_Driver/Src/stm32f1xx_hal_rcc.o
 .debug_line    0x000000000000d65e     0x1ba7 ./Drivers/STM32F1xx_HAL_Driver/Src/stm32f1xx_hal_spi.o
 .debug_line    0x000000000000f205     0x19fd ./Drivers/STM32F1xx_HAL_Driver/Src/stm32f1xx_hal_uart.o

.debug_str      0x0000000000000000    0x87d64
 .debug_str     0x0000000000000000    0x832d0 ./Core/Src/geotextLib.o
                                      0x83610 (size before relaxing)
 .debug_str     0x00000000000832d0      0x79c ./Core/Src/liquidcrystal_i2c.o
                                      0x7fe56 (size before relaxing)
 .debug_str     0x0000000000083a6c     0x11a6 ./Core/Src/main.o
                                      0x84c0e (size before relaxing)
 .debug_str     0x0000000000084c12      0x19a ./Core/Src/quectelCommands.o
                                      0x838bf (size before relaxing)
 .debug_str     0x0000000000084dac      0x30a ./Core/Src/rc522.o
                                      0x841e0 (size before relaxing)
 .debug_str     0x00000000000850b6      0x37c ./Core/Src/stm32f1xx_hal_msp.o
                                      0x7ffad (size before relaxing)
 .debug_str     0x0000000000085432      0x149 ./Core/Src/stm32f1xx_it.o
                                      0x7f891 (size before relaxing)
 .debug_str     0x000000000008557b       0x2e ./Core/Src/switchSounds.o
                                      0x7f3fc (size before relaxing)
 .debug_str     0x00000000000855a9      0x4da ./Core/Src/sysmem.o
                                       0x5d70 (size before relaxing)
 .debug_str     0x0000000000085a83       0x6e ./Core/Src/system_stm32f1xx.o
                                      0x7f3c5 (size before relaxing)
 .debug_str     0x0000000000085af1       0x36 ./Core/Startup/startup_stm32f103cbtx.o
                                         0x72 (size before relaxing)
 .debug_str     0x0000000000085b27      0x369 ./Drivers/STM32F1xx_HAL_Driver/Src/stm32f1xx_hal.o
                                      0x7faf8 (size before relaxing)
 .debug_str     0x0000000000085e90      0x21b ./Drivers/STM32F1xx_HAL_Driver/Src/stm32f1xx_hal_cortex.o
                                      0x7fa44 (size before relaxing)
 .debug_str     0x00000000000860ab      0x235 ./Drivers/STM32F1xx_HAL_Driver/Src/stm32f1xx_hal_dma.o
                                      0x7f76e (size before relaxing)
 .debug_str     0x00000000000862e0      0x2ce ./Drivers/STM32F1xx_HAL_Driver/Src/stm32f1xx_hal_gpio.o
                                      0x7f74b (size before relaxing)
 .debug_str     0x00000000000865ae      0xb31 ./Drivers/STM32F1xx_HAL_Driver/Src/stm32f1xx_hal_i2c.o
                                      0x80439 (size before relaxing)
 .debug_str     0x00000000000870df      0x209 ./Drivers/STM32F1xx_HAL_Driver/Src/stm32f1xx_hal_rcc.o
                                      0x7f7f4 (size before relaxing)
 .debug_str     0x00000000000872e8      0x509 ./Drivers/STM32F1xx_HAL_Driver/Src/stm32f1xx_hal_spi.o
                                      0x7fcf1 (size before relaxing)
 .debug_str     0x00000000000877f1      0x573 ./Drivers/STM32F1xx_HAL_Driver/Src/stm32f1xx_hal_uart.o
                                      0x7fdff (size before relaxing)

.comment        0x0000000000000000       0x50
 .comment       0x0000000000000000       0x50 ./Core/Src/geotextLib.o
                                         0x51 (size before relaxing)
 .comment       0x0000000000000050       0x51 ./Core/Src/liquidcrystal_i2c.o
 .comment       0x0000000000000050       0x51 ./Core/Src/main.o
 .comment       0x0000000000000050       0x51 ./Core/Src/quectelCommands.o
 .comment       0x0000000000000050       0x51 ./Core/Src/rc522.o
 .comment       0x0000000000000050       0x51 ./Core/Src/stm32f1xx_hal_msp.o
 .comment       0x0000000000000050       0x51 ./Core/Src/stm32f1xx_it.o
 .comment       0x0000000000000050       0x51 ./Core/Src/switchSounds.o
 .comment       0x0000000000000050       0x51 ./Core/Src/sysmem.o
 .comment       0x0000000000000050       0x51 ./Core/Src/system_stm32f1xx.o
 .comment       0x0000000000000050       0x51 ./Drivers/STM32F1xx_HAL_Driver/Src/stm32f1xx_hal.o
 .comment       0x0000000000000050       0x51 ./Drivers/STM32F1xx_HAL_Driver/Src/stm32f1xx_hal_cortex.o
 .comment       0x0000000000000050       0x51 ./Drivers/STM32F1xx_HAL_Driver/Src/stm32f1xx_hal_dma.o
 .comment       0x0000000000000050       0x51 ./Drivers/STM32F1xx_HAL_Driver/Src/stm32f1xx_hal_gpio.o
 .comment       0x0000000000000050       0x51 ./Drivers/STM32F1xx_HAL_Driver/Src/stm32f1xx_hal_i2c.o
 .comment       0x0000000000000050       0x51 ./Drivers/STM32F1xx_HAL_Driver/Src/stm32f1xx_hal_rcc.o
 .comment       0x0000000000000050       0x51 ./Drivers/STM32F1xx_HAL_Driver/Src/stm32f1xx_hal_spi.o
 .comment       0x0000000000000050       0x51 ./Drivers/STM32F1xx_HAL_Driver/Src/stm32f1xx_hal_uart.o

.debug_frame    0x0000000000000000     0x3f8c
 .debug_frame   0x0000000000000000      0x154 ./Core/Src/geotextLib.o
 .debug_frame   0x0000000000000154      0x428 ./Core/Src/liquidcrystal_i2c.o
 .debug_frame   0x000000000000057c      0x188 ./Core/Src/main.o
 .debug_frame   0x0000000000000704      0x1e4 ./Core/Src/quectelCommands.o
 .debug_frame   0x00000000000008e8      0x3a8 ./Core/Src/rc522.o
 .debug_frame   0x0000000000000c90      0x110 ./Core/Src/stm32f1xx_hal_msp.o
 .debug_frame   0x0000000000000da0      0x13c ./Core/Src/stm32f1xx_it.o
 .debug_frame   0x0000000000000edc       0x80 ./Core/Src/switchSounds.o
 .debug_frame   0x0000000000000f5c       0x34 ./Core/Src/sysmem.o
 .debug_frame   0x0000000000000f90       0x58 ./Core/Src/system_stm32f1xx.o
 .debug_frame   0x0000000000000fe8      0x334 ./Drivers/STM32F1xx_HAL_Driver/Src/stm32f1xx_hal.o
 .debug_frame   0x000000000000131c      0x428 ./Drivers/STM32F1xx_HAL_Driver/Src/stm32f1xx_hal_cortex.o
 .debug_frame   0x0000000000001744      0x208 ./Drivers/STM32F1xx_HAL_Driver/Src/stm32f1xx_hal_dma.o
 .debug_frame   0x000000000000194c      0x14c ./Drivers/STM32F1xx_HAL_Driver/Src/stm32f1xx_hal_gpio.o
 .debug_frame   0x0000000000001a98      0xc5c ./Drivers/STM32F1xx_HAL_Driver/Src/stm32f1xx_hal_i2c.o
 .debug_frame   0x00000000000026f4      0x21c ./Drivers/STM32F1xx_HAL_Driver/Src/stm32f1xx_hal_rcc.o
 .debug_frame   0x0000000000002910      0x824 ./Drivers/STM32F1xx_HAL_Driver/Src/stm32f1xx_hal_spi.o
 .debug_frame   0x0000000000003134      0x914 ./Drivers/STM32F1xx_HAL_Driver/Src/stm32f1xx_hal_uart.o
 .debug_frame   0x0000000000003a48       0x30 c:/st/stm32cubeide_1.12.1/stm32cubeide/plugins/com.st.stm32cube.ide.mcu.externaltools.gnu-tools-for-stm32.10.3-2021.10.win32_1.0.200.202301161003/tools/bin/../lib/gcc/arm-none-eabi/10.3.1/../../../../arm-none-eabi/lib/thumb/v7-m/nofp\libc_nano.a(lib_a-atoi.o)
 .debug_frame   0x0000000000003a78       0x20 c:/st/stm32cubeide_1.12.1/stm32cubeide/plugins/com.st.stm32cube.ide.mcu.externaltools.gnu-tools-for-stm32.10.3-2021.10.win32_1.0.200.202301161003/tools/bin/../lib/gcc/arm-none-eabi/10.3.1/../../../../arm-none-eabi/lib/thumb/v7-m/nofp\libc_nano.a(lib_a-errno.o)
 .debug_frame   0x0000000000003a98       0x2c c:/st/stm32cubeide_1.12.1/stm32cubeide/plugins/com.st.stm32cube.ide.mcu.externaltools.gnu-tools-for-stm32.10.3-2021.10.win32_1.0.200.202301161003/tools/bin/../lib/gcc/arm-none-eabi/10.3.1/../../../../arm-none-eabi/lib/thumb/v7-m/nofp\libc_nano.a(lib_a-init.o)
 .debug_frame   0x0000000000003ac4       0x28 c:/st/stm32cubeide_1.12.1/stm32cubeide/plugins/com.st.stm32cube.ide.mcu.externaltools.gnu-tools-for-stm32.10.3-2021.10.win32_1.0.200.202301161003/tools/bin/../lib/gcc/arm-none-eabi/10.3.1/../../../../arm-none-eabi/lib/thumb/v7-m/nofp\libc_nano.a(lib_a-memcpy-stub.o)
 .debug_frame   0x0000000000003aec       0x20 c:/st/stm32cubeide_1.12.1/stm32cubeide/plugins/com.st.stm32cube.ide.mcu.externaltools.gnu-tools-for-stm32.10.3-2021.10.win32_1.0.200.202301161003/tools/bin/../lib/gcc/arm-none-eabi/10.3.1/../../../../arm-none-eabi/lib/thumb/v7-m/nofp\libc_nano.a(lib_a-memset.o)
 .debug_frame   0x0000000000003b0c       0x6c c:/st/stm32cubeide_1.12.1/stm32cubeide/plugins/com.st.stm32cube.ide.mcu.externaltools.gnu-tools-for-stm32.10.3-2021.10.win32_1.0.200.202301161003/tools/bin/../lib/gcc/arm-none-eabi/10.3.1/../../../../arm-none-eabi/lib/thumb/v7-m/nofp\libc_nano.a(lib_a-sprintf.o)
 .debug_frame   0x0000000000003b78       0x28 c:/st/stm32cubeide_1.12.1/stm32cubeide/plugins/com.st.stm32cube.ide.mcu.externaltools.gnu-tools-for-stm32.10.3-2021.10.win32_1.0.200.202301161003/tools/bin/../lib/gcc/arm-none-eabi/10.3.1/../../../../arm-none-eabi/lib/thumb/v7-m/nofp\libc_nano.a(lib_a-strncpy.o)
 .debug_frame   0x0000000000003ba0       0x64 c:/st/stm32cubeide_1.12.1/stm32cubeide/plugins/com.st.stm32cube.ide.mcu.externaltools.gnu-tools-for-stm32.10.3-2021.10.win32_1.0.200.202301161003/tools/bin/../lib/gcc/arm-none-eabi/10.3.1/../../../../arm-none-eabi/lib/thumb/v7-m/nofp\libc_nano.a(lib_a-strtol.o)
 .debug_frame   0x0000000000003c04       0x90 c:/st/stm32cubeide_1.12.1/stm32cubeide/plugins/com.st.stm32cube.ide.mcu.externaltools.gnu-tools-for-stm32.10.3-2021.10.win32_1.0.200.202301161003/tools/bin/../lib/gcc/arm-none-eabi/10.3.1/../../../../arm-none-eabi/lib/thumb/v7-m/nofp\libc_nano.a(lib_a-nano-svfprintf.o)
 .debug_frame   0x0000000000003c94       0x60 c:/st/stm32cubeide_1.12.1/stm32cubeide/plugins/com.st.stm32cube.ide.mcu.externaltools.gnu-tools-for-stm32.10.3-2021.10.win32_1.0.200.202301161003/tools/bin/../lib/gcc/arm-none-eabi/10.3.1/../../../../arm-none-eabi/lib/thumb/v7-m/nofp\libc_nano.a(lib_a-nano-vfprintf_i.o)
 .debug_frame   0x0000000000003cf4       0x28 c:/st/stm32cubeide_1.12.1/stm32cubeide/plugins/com.st.stm32cube.ide.mcu.externaltools.gnu-tools-for-stm32.10.3-2021.10.win32_1.0.200.202301161003/tools/bin/../lib/gcc/arm-none-eabi/10.3.1/../../../../arm-none-eabi/lib/thumb/v7-m/nofp\libc_nano.a(lib_a-memchr-stub.o)
 .debug_frame   0x0000000000003d1c       0x28 c:/st/stm32cubeide_1.12.1/stm32cubeide/plugins/com.st.stm32cube.ide.mcu.externaltools.gnu-tools-for-stm32.10.3-2021.10.win32_1.0.200.202301161003/tools/bin/../lib/gcc/arm-none-eabi/10.3.1/../../../../arm-none-eabi/lib/thumb/v7-m/nofp\libc_nano.a(lib_a-memmove.o)
 .debug_frame   0x0000000000003d44       0x38 c:/st/stm32cubeide_1.12.1/stm32cubeide/plugins/com.st.stm32cube.ide.mcu.externaltools.gnu-tools-for-stm32.10.3-2021.10.win32_1.0.200.202301161003/tools/bin/../lib/gcc/arm-none-eabi/10.3.1/../../../../arm-none-eabi/lib/thumb/v7-m/nofp\libc_nano.a(lib_a-nano-freer.o)