../Core/Src/main.c:82:6:HAL_UART_RxCpltCallback	16	static
../Core/Src/main.c:102:10:convertStringToHex	24	static
../Core/Src/main.c:129:7:convertNumberToCharArray	40	static
../Core/Src/main.c:156:10:convertIntToHex	24	static
../Core/Src/main.c:175:6:fleshArray	56	static
../Core/Src/main.c:213:6:jumpToAddress	32	static,ignoring_inline_asm
../Core/Src/main.c:226:6:led	24	static
../Core/Src/main.c:235:6:quectelInit	8	static
../Core/Src/main.c:269:12:flashCurTerminal	40	static
../Core/Src/main.c:289:5:main	56	static,ignoring_inline_asm
../Core/Src/main.c:452:6:SystemClock_Config	72	static
../Core/Src/main.c:492:13:MX_I2C1_Init	8	static
../Core/Src/main.c:526:13:MX_USART1_UART_Init	8	static
../Core/Src/main.c:559:13:MX_GPIO_Init	40	static
../Core/Src/main.c:595:6:Error_Handler	4	static,ignoring_inline_asm
