../Core/Src/main.c:78:6:HAL_UART_RxCpltCallback	16	static
../Core/Src/main.c:98:10:convertStringToHex	24	static
../Core/Src/main.c:125:7:convertNumberToCharArray	40	static
../Core/Src/main.c:152:10:convertIntToHex	24	static
../Core/Src/main.c:171:6:fleshArray	56	static
../Core/Src/main.c:209:6:jumpToAddress	32	static,ignoring_inline_asm
../Core/Src/main.c:222:6:led	24	static
../Core/Src/main.c:231:6:quectelInit	8	static
../Core/Src/main.c:265:12:flashCurTerminal	40	static
../Core/Src/main.c:285:5:main	56	static,ignoring_inline_asm
../Core/Src/main.c:450:6:SystemClock_Config	72	static
../Core/Src/main.c:490:13:MX_I2C1_Init	8	static
../Core/Src/main.c:524:13:MX_USART1_UART_Init	8	static
../Core/Src/main.c:557:13:MX_GPIO_Init	40	static
../Core/Src/main.c:593:6:Error_Handler	4	static,ignoring_inline_asm
