Archive member included to satisfy reference by file (symbol)

c:/st/stm32cubeide_1.11.2/stm32cubeide/plugins/com.st.stm32cube.ide.mcu.externaltools.gnu-tools-for-stm32.10.3-2021.10.win32_1.0.100.202210260954/tools/bin/../lib/gcc/arm-none-eabi/10.3.1/../../../../arm-none-eabi/lib/thumb/v7-m/nofp\libc_nano.a(lib_a-atoi.o)
                              ./Core/Src/main.o (atoi)
c:/st/stm32cubeide_1.11.2/stm32cubeide/plugins/com.st.stm32cube.ide.mcu.externaltools.gnu-tools-for-stm32.10.3-2021.10.win32_1.0.100.202210260954/tools/bin/../lib/gcc/arm-none-eabi/10.3.1/../../../../arm-none-eabi/lib/thumb/v7-m/nofp\libc_nano.a(lib_a-errno.o)
                              ./Core/Src/syscalls.o (__errno)
c:/st/stm32cubeide_1.11.2/stm32cubeide/plugins/com.st.stm32cube.ide.mcu.externaltools.gnu-tools-for-stm32.10.3-2021.10.win32_1.0.100.202210260954/tools/bin/../lib/gcc/arm-none-eabi/10.3.1/../../../../arm-none-eabi/lib/thumb/v7-m/nofp\libc_nano.a(lib_a-exit.o)
                              c:/st/stm32cubeide_1.11.2/stm32cubeide/plugins/com.st.stm32cube.ide.mcu.externaltools.gnu-tools-for-stm32.10.3-2021.10.win32_1.0.100.202210260954/tools/bin/../lib/gcc/arm-none-eabi/10.3.1/../../../../arm-none-eabi/lib/thumb/v7-m/nofp/crt0.o (exit)
c:/st/stm32cubeide_1.11.2/stm32cubeide/plugins/com.st.stm32cube.ide.mcu.externaltools.gnu-tools-for-stm32.10.3-2021.10.win32_1.0.100.202210260954/tools/bin/../lib/gcc/arm-none-eabi/10.3.1/../../../../arm-none-eabi/lib/thumb/v7-m/nofp\libc_nano.a(lib_a-impure.o)
                              c:/st/stm32cubeide_1.11.2/stm32cubeide/plugins/com.st.stm32cube.ide.mcu.externaltools.gnu-tools-for-stm32.10.3-2021.10.win32_1.0.100.202210260954/tools/bin/../lib/gcc/arm-none-eabi/10.3.1/../../../../arm-none-eabi/lib/thumb/v7-m/nofp\libc_nano.a(lib_a-exit.o) (_global_impure_ptr)
c:/st/stm32cubeide_1.11.2/stm32cubeide/plugins/com.st.stm32cube.ide.mcu.externaltools.gnu-tools-for-stm32.10.3-2021.10.win32_1.0.100.202210260954/tools/bin/../lib/gcc/arm-none-eabi/10.3.1/../../../../arm-none-eabi/lib/thumb/v7-m/nofp\libc_nano.a(lib_a-init.o)
                              c:/st/stm32cubeide_1.11.2/stm32cubeide/plugins/com.st.stm32cube.ide.mcu.externaltools.gnu-tools-for-stm32.10.3-2021.10.win32_1.0.100.202210260954/tools/bin/../lib/gcc/arm-none-eabi/10.3.1/../../../../arm-none-eabi/lib/thumb/v7-m/nofp/crt0.o (__libc_init_array)
c:/st/stm32cubeide_1.11.2/stm32cubeide/plugins/com.st.stm32cube.ide.mcu.externaltools.gnu-tools-for-stm32.10.3-2021.10.win32_1.0.100.202210260954/tools/bin/../lib/gcc/arm-none-eabi/10.3.1/../../../../arm-none-eabi/lib/thumb/v7-m/nofp\libc_nano.a(lib_a-memcpy-stub.o)
                              ./Core/Src/rc522.o (memcpy)
c:/st/stm32cubeide_1.11.2/stm32cubeide/plugins/com.st.stm32cube.ide.mcu.externaltools.gnu-tools-for-stm32.10.3-2021.10.win32_1.0.100.202210260954/tools/bin/../lib/gcc/arm-none-eabi/10.3.1/../../../../arm-none-eabi/lib/thumb/v7-m/nofp\libc_nano.a(lib_a-memset.o)
                              c:/st/stm32cubeide_1.11.2/stm32cubeide/plugins/com.st.stm32cube.ide.mcu.externaltools.gnu-tools-for-stm32.10.3-2021.10.win32_1.0.100.202210260954/tools/bin/../lib/gcc/arm-none-eabi/10.3.1/../../../../arm-none-eabi/lib/thumb/v7-m/nofp/crt0.o (memset)
c:/st/stm32cubeide_1.11.2/stm32cubeide/plugins/com.st.stm32cube.ide.mcu.externaltools.gnu-tools-for-stm32.10.3-2021.10.win32_1.0.100.202210260954/tools/bin/../lib/gcc/arm-none-eabi/10.3.1/../../../../arm-none-eabi/lib/thumb/v7-m/nofp\libc_nano.a(lib_a-sprintf.o)
                              ./Core/Src/quectelCommands.o (sprintf)
c:/st/stm32cubeide_1.11.2/stm32cubeide/plugins/com.st.stm32cube.ide.mcu.externaltools.gnu-tools-for-stm32.10.3-2021.10.win32_1.0.100.202210260954/tools/bin/../lib/gcc/arm-none-eabi/10.3.1/../../../../arm-none-eabi/lib/thumb/v7-m/nofp\libc_nano.a(lib_a-strlen.o)
                              ./Core/Src/main.o (strlen)
c:/st/stm32cubeide_1.11.2/stm32cubeide/plugins/com.st.stm32cube.ide.mcu.externaltools.gnu-tools-for-stm32.10.3-2021.10.win32_1.0.100.202210260954/tools/bin/../lib/gcc/arm-none-eabi/10.3.1/../../../../arm-none-eabi/lib/thumb/v7-m/nofp\libc_nano.a(lib_a-strncpy.o)
                              ./Core/Src/main.o (strncpy)
c:/st/stm32cubeide_1.11.2/stm32cubeide/plugins/com.st.stm32cube.ide.mcu.externaltools.gnu-tools-for-stm32.10.3-2021.10.win32_1.0.100.202210260954/tools/bin/../lib/gcc/arm-none-eabi/10.3.1/../../../../arm-none-eabi/lib/thumb/v7-m/nofp\libc_nano.a(lib_a-strtol.o)
                              c:/st/stm32cubeide_1.11.2/stm32cubeide/plugins/com.st.stm32cube.ide.mcu.externaltools.gnu-tools-for-stm32.10.3-2021.10.win32_1.0.100.202210260954/tools/bin/../lib/gcc/arm-none-eabi/10.3.1/../../../../arm-none-eabi/lib/thumb/v7-m/nofp\libc_nano.a(lib_a-atoi.o) (_strtol_r)
[...]
Memory Configuration

Name             Origin             Length             Attributes
RAM              0x0000000020000000 0x0000000000005000 xrw
FLASH            0x000000000800c000 0x0000000000020000 xr
*default*        0x0000000000000000 0xffffffffffffffff

Linker script and memory map

LOAD c:/st/stm32cubeide_1.11.2/stm32cubeide/plugins/com.st.stm32cube.ide.mcu.externaltools.gnu-tools-for-stm32.10.3-2021.10.win32_1.0.100.202210260954/tools/bin/../lib/gcc/arm-none-eabi/10.3.1/thumb/v7-m/nofp/crti.o
LOAD c:/st/stm32cubeide_1.11.2/stm32cubeide/plugins/com.st.stm32cube.ide.mcu.externaltools.gnu-tools-for-stm32.10.3-2021.10.win32_1.0.100.202210260954/tools/bin/../lib/gcc/arm-none-eabi/10.3.1/thumb/v7-m/nofp/crtbegin.o
LOAD c:/st/stm32cubeide_1.11.2/stm32cubeide/plugins/com.st.stm32cube.ide.mcu.externaltools.gnu-tools-for-stm32.10.3-2021.10.win32_1.0.100.202210260954/tools/bin/../lib/gcc/arm-none-eabi/10.3.1/../../../../arm-none-eabi/lib/thumb/v7-m/nofp/crt0.o
LOAD ./Core/Src/geotextLib.o
LOAD ./Core/Src/liquidcrystal_i2c.o
LOAD ./Core/Src/main.o
LOAD ./Core/Src/quectelCommands.o
LOAD ./Core/Src/rc522.o
LOAD ./Core/Src/stm32f1xx_hal_msp.o
LOAD ./Core/Src/stm32f1xx_it.o
LOAD ./Core/Src/switchSounds.o
LOAD ./Core/Src/syscalls.o
LOAD ./Core/Src/sysmem.o
LOAD ./Core/Src/system_stm32f1xx.o
LOAD ./Core/Startup/startup_stm32f103cbtx.o
LOAD ./Drivers/STM32F1xx_HAL_Driver/Src/stm32f1xx_hal.o
LOAD ./Drivers/STM32F1xx_HAL_Driver/Src/stm32f1xx_hal_cortex.o
LOAD ./Drivers/STM32F1xx_HAL_Driver/Src/stm32f1xx_hal_dma.o
LOAD ./Drivers/STM32F1xx_HAL_Driver/Src/stm32f1xx_hal_exti.o
LOAD ./Drivers/STM32F1xx_HAL_Driver/Src/stm32f1xx_hal_flash.o
LOAD ./Drivers/STM32F1xx_HAL_Driver/Src/stm32f1xx_hal_flash_ex.o
LOAD ./Drivers/STM32F1xx_HAL_Driver/Src/stm32f1xx_hal_gpio.o
LOAD ./Drivers/STM32F1xx_HAL_Driver/Src/stm32f1xx_hal_gpio_ex.o
LOAD ./Drivers/STM32F1xx_HAL_Driver/Src/stm32f1xx_hal_i2c.o
LOAD ./Drivers/STM32F1xx_HAL_Driver/Src/stm32f1xx_hal_pwr.o
LOAD ./Drivers/STM32F1xx_HAL_Driver/Src/stm32f1xx_hal_rcc.o
LOAD ./Drivers/STM32F1xx_HAL_Driver/Src/stm32f1xx_hal_rcc_ex.o
LOAD ./Drivers/STM32F1xx_HAL_Driver/Src/stm32f1xx_hal_spi.o
LOAD ./Drivers/STM32F1xx_HAL_Driver/Src/stm32f1xx_hal_tim.o
LOAD ./Drivers/STM32F1xx_HAL_Driver/Src/stm32f1xx_hal_tim_ex.o
LOAD ./Drivers/STM32F1xx_HAL_Driver/Src/stm32f1xx_hal_uart.o
START GROUP
LOAD c:/st/stm32cubeide_1.11.2/stm32cubeide/plugins/com.st.stm32cube.ide.mcu.externaltools.gnu-tools-for-stm32.10.3-2021.10.win32_1.0.100.202210260954/tools/bin/../lib/gcc/arm-none-eabi/10.3.1/../../../../arm-none-eabi/lib/thumb/v7-m/nofp\libc_nano.a
LOAD c:/st/stm32cubeide_1.11.2/stm32cubeide/plugins/com.st.stm32cube.ide.mcu.externaltools.gnu-tools-for-stm32.10.3-2021.10.win32_1.0.100.202210260954/tools/bin/../lib/gcc/arm-none-eabi/10.3.1/../../../../arm-none-eabi/lib/thumb/v7-m/nofp\libm.a
END GROUP
START GROUP
LOAD c:/st/stm32cubeide_1.11.2/stm32cubeide/plugins/com.st.stm32cube.ide.mcu.externaltools.gnu-tools-for-stm32.10.3-2021.10.win32_1.0.100.202210260954/tools/bin/../lib/gcc/arm-none-eabi/10.3.1/thumb/v7-m/nofp\libgcc.a
LOAD c:/st/stm32cubeide_1.11.2/stm32cubeide/plugins/com.st.stm32cube.ide.mcu.externaltools.gnu-tools-for-stm32.10.3-2021.10.win32_1.0.100.202210260954/tools/bin/../lib/gcc/arm-none-eabi/10.3.1/../../../../arm-none-eabi/lib/thumb/v7-m/nofp\libc_nano.a
END GROUP
START GROUP
LOAD c:/st/stm32cubeide_1.11.2/stm32cubeide/plugins/com.st.stm32cube.ide.mcu.externaltools.gnu-tools-for-stm32.10.3-2021.10.win32_1.0.100.202210260954/tools/bin/../lib/gcc/arm-none-eabi/10.3.1/thumb/v7-m/nofp\libgcc.a
LOAD c:/st/stm32cubeide_1.11.2/stm32cubeide/plugins/com.st.stm32cube.ide.mcu.externaltools.gnu-tools-for-stm32.10.3-2021.10.win32_1.0.100.202210260954/tools/bin/../lib/gcc/arm-none-eabi/10.3.1/../../../../arm-none-eabi/lib/thumb/v7-m/nofp\libc_nano.a
LOAD c:/st/stm32cubeide_1.11.2/stm32cubeide/plugins/com.st.stm32cube.ide.mcu.externaltools.gnu-tools-for-stm32.10.3-2021.10.win32_1.0.100.202210260954/tools/bin/../lib/gcc/arm-none-eabi/10.3.1/../../../../arm-none-eabi/lib/thumb/v7-m/nofp\libnosys.a
END GROUP
START GROUP
LOAD c:/st/stm32cubeide_1.11.2/stm32cubeide/plugins/com.st.stm32cube.ide.mcu.externaltools.gnu-tools-for-stm32.10.3-2021.10.win32_1.0.100.202210260954/tools/bin/../lib/gcc/arm-none-eabi/10.3.1/thumb/v7-m/nofp\libgcc.a
LOAD c:/st/stm32cubeide_1.11.2/stm32cubeide/plugins/com.st.stm32cube.ide.mcu.externaltools.gnu-tools-for-stm32.10.3-2021.10.win32_1.0.100.202210260954/tools/bin/../lib/gcc/arm-none-eabi/10.3.1/../../../../arm-none-eabi/lib/thumb/v7-m/nofp\libc_nano.a
LOAD c:/st/stm32cubeide_1.11.2/stm32cubeide/plugins/com.st.stm32cube.ide.mcu.externaltools.gnu-tools-for-stm32.10.3-2021.10.win32_1.0.100.202210260954/tools/bin/../lib/gcc/arm-none-eabi/10.3.1/../../../../arm-none-eabi/lib/thumb/v7-m/nofp\libnosys.a
END GROUP
LOAD c:/st/stm32cubeide_1.11.2/stm32cubeide/plugins/com.st.stm32cube.ide.mcu.externaltools.gnu-tools-for-stm32.10.3-2021.10.win32_1.0.100.202210260954/tools/bin/../lib/gcc/arm-none-eabi/10.3.1/thumb/v7-m/nofp/crtend.o
LOAD c:/st/stm32cubeide_1.11.2/stm32cubeide/plugins/com.st.stm32cube.ide.mcu.externaltools.gnu-tools-for-stm32.10.3-2021.10.win32_1.0.100.202210260954/tools/bin/../lib/gcc/arm-none-eabi/10.3.1/thumb/v7-m/nofp/crtn.o
                0x0000000020005000                _estack = (ORIGIN (RAM) + LENGTH (RAM))
                0x0000000000000200                _Min_Heap_Size = 0x200
                0x0000000000000400                _Min_Stack_Size = 0x400

.isr_vector     0x000000000800c000      0x10c
                0x000000000800c000                . = ALIGN (0x4)
 *(.isr_vector)
 .isr_vector    0x000000000800c000      0x10c ./Core/Startup/startup_stm32f103cbtx.o
                0x000000000800c000                g_pfnVectors
                0x000000000800c10c                . = ALIGN (0x4)

.text           0x000000000800c10c     0x5de8
                0x000000000800c10c                . = ALIGN (0x4)
 *(.text)
 .text          0x000000000800c10c       0x40 c:/st/stm32cubeide_1.11.2/stm32cubeide/plugins/com.st.stm32cube.ide.mcu.externaltools.gnu-tools-for-stm32.10.3-2021.10.win32_1.0.100.202210260954/tools/bin/../lib/gcc/arm-none-eabi/10.3.1/thumb/v7-m/nofp/crtbegin.o
 .text          0x000000000800c14c       0x10 c:/st/stm32cubeide_1.11.2/stm32cubeide/plugins/com.st.stm32cube.ide.mcu.externaltools.gnu-tools-for-stm32.10.3-2021.10.win32_1.0.100.202210260954/tools/bin/../lib/gcc/arm-none-eabi/10.3.1/../../../../arm-none-eabi/lib/thumb/v7-m/nofp\libc_nano.a(lib_a-strlen.o)
                0x000000000800c14c                strlen
 *(.text*)
 .text.printItvirteba
                0x000000000800c15c      0x148 ./Core/Src/geotextLib.o
                0x000000000800c15c                printItvirteba
 .text.printUcxoBaratia
                0x000000000800c2a4      0x174 ./Core/Src/geotextLib.o
                0x000000000800c2a4                printUcxoBaratia
 .text.printBlansiAraa
                0x000000000800c418      0x158 ./Core/Src/geotextLib.o
                0x000000000800c418                printBlansiAraa
 .text.printMiadetBarati
                0x000000000800c570      0x1a0 ./Core/Src/geotextLib.o
                0x000000000800c570                printMiadetBarati
 .text.printShecdoma
                0x000000000800c710      0x120 ./Core/Src/geotextLib.o
                0x000000000800c710                printShecdoma
 .text.printDaicadet
                0x000000000800c830      0x11c ./Core/Src/geotextLib.o
                0x000000000800c830                printDaicadet
 .text.printBalansi
                0x000000000800c94c      0x104 ./Core/Src/geotextLib.o
                0x000000000800c94c                printBalansi
 .text.HD44780_Init
                0x000000000800ca50      0x108 ./Core/Src/liquidcrystal_i2c.o
                0x000000000800ca50                HD44780_Init
 .text.HD44780_Clear
                0x000000000800cb58       0x16 ./Core/Src/liquidcrystal_i2c.o
                0x000000000800cb58                HD44780_Clear
 .text.HD44780_Home
                0x000000000800cb6e       0x16 ./Core/Src/liquidcrystal_i2c.o
                0x000000000800cb6e                HD44780_Home
 .text.HD44780_SetCursor
                0x000000000800cb84       0x64 ./Core/Src/liquidcrystal_i2c.o
                0x000000000800cb84                HD44780_SetCursor
 .text.HD44780_Display
                0x000000000800cbe8       0x2c ./Core/Src/liquidcrystal_i2c.o
                0x000000000800cbe8                HD44780_Display
 .text.HD44780_CreateSpecialChar
                0x000000000800cc14       0x52 ./Core/Src/liquidcrystal_i2c.o
                0x000000000800cc14                HD44780_CreateSpecialChar
 .text.HD44780_PrintSpecialChar
                0x000000000800cc66       0x1a ./Core/Src/liquidcrystal_i2c.o
                0x000000000800cc66                HD44780_PrintSpecialChar
 .text.HD44780_PrintStr
                0x000000000800cc80       0x2a ./Core/Src/liquidcrystal_i2c.o
                0x000000000800cc80                HD44780_PrintStr
 .text.SendCommand
                0x000000000800ccaa       0x1c ./Core/Src/liquidcrystal_i2c.o
 .text.SendChar
                0x000000000800ccc6       0x1c ./Core/Src/liquidcrystal_i2c.o
 .text.Send     0x000000000800cce2       0x42 ./Core/Src/liquidcrystal_i2c.o
 .text.Write4Bits
                0x000000000800cd24       0x22 ./Core/Src/liquidcrystal_i2c.o
 *fill*         0x000000000800cd46        0x2 
 .text.ExpanderWrite
                0x000000000800cd48       0x38 ./Core/Src/liquidcrystal_i2c.o
 .text.PulseEnable
                0x000000000800cd80       0x3a ./Core/Src/liquidcrystal_i2c.o
 *fill*         0x000000000800cdba        0x2 
 .text.DelayInit
                0x000000000800cdbc       0x50 ./Core/Src/liquidcrystal_i2c.o
 .text.DelayUS  0x000000000800ce0c       0x4c ./Core/Src/liquidcrystal_i2c.o
 .text.HAL_UART_RxCpltCallback
                0x000000000800ce58       0x60 ./Core/Src/main.o
                0x000000000800ce58                HAL_UART_RxCpltCallback
 .text.takeStatus
                0x000000000800ceb8       0x68 ./Core/Src/main.o
                0x000000000800ceb8                takeStatus
 .text.takeData
                0x000000000800cf20       0x98 ./Core/Src/main.o
                0x000000000800cf20                takeData
 .text.quectelInit
                0x000000000800cfb8       0xac ./Core/Src/main.o
                0x000000000800cfb8                quectelInit
 .text.main     0x000000000800d064      0x4c0 ./Core/Src/main.o
                0x000000000800d064                main
 .text.SystemClock_Config
                0x000000000800d524       0x8a ./Core/Src/main.o
                0x000000000800d524                SystemClock_Config
 *fill*         0x000000000800d5ae        0x2 
 .text.MX_I2C1_Init
                0x000000000800d5b0       0x5c ./Core/Src/main.o
 .text.MX_SPI1_Init
                0x000000000800d60c       0x6c ./Core/Src/main.o
 .text.MX_USART1_UART_Init
                0x000000000800d678       0x54 ./Core/Src/main.o
 .text.MX_USART2_UART_Init
                0x000000000800d6cc       0x54 ./Core/Src/main.o
 .text.MX_GPIO_Init
                0x000000000800d720      0x104 ./Core/Src/main.o
 .text.Error_Handler
                0x000000000800d824        0xa ./Core/Src/main.o
                0x000000000800d824                Error_Handler
 .text.checkCommand
                0x000000000800d82e       0x7e ./Core/Src/quectelCommands.o
                0x000000000800d82e                checkCommand
 .text.checkQueqtelWithNoEcho
                0x000000000800d8ac       0x78 ./Core/Src/quectelCommands.o
                0x000000000800d8ac                checkQueqtelWithNoEcho
 .text.ckeckQuectelSignalWithNoEcho
                0x000000000800d924       0x74 ./Core/Src/quectelCommands.o
                0x000000000800d924                ckeckQuectelSignalWithNoEcho
 .text.MQTTRecMod
                0x000000000800d998       0x8c ./Core/Src/quectelCommands.o
                0x000000000800d998                MQTTRecMod
 .text.MQTTOpenPort
                0x000000000800da24       0x8c ./Core/Src/quectelCommands.o
                0x000000000800da24                MQTTOpenPort
 .text.MQTTConnect
                0x000000000800dab0       0x8c ./Core/Src/quectelCommands.o
                0x000000000800dab0                MQTTConnect
 .text.MQTTSubToTopic
                0x000000000800db3c       0x2c ./Core/Src/quectelCommands.o
                0x000000000800db3c                MQTTSubToTopic
 .text.MQTTPubToTopic
                0x000000000800db68       0x38 ./Core/Src/quectelCommands.o
                0x000000000800db68                MQTTPubToTopic
 .text.SPI1SendByte
                0x000000000800dba0       0x30 ./Core/Src/rc522.o
                0x000000000800dba0                SPI1SendByte
 .text.SPI1_WriteReg
                0x000000000800dbd0       0x40 ./Core/Src/rc522.o
                0x000000000800dbd0                SPI1_WriteReg
 .text.SPI1_ReadReg
                0x000000000800dc10       0x40 ./Core/Src/rc522.o
                0x000000000800dc10                SPI1_ReadReg
 .text.MFRC522_WriteRegister
                0x000000000800dc50       0x30 ./Core/Src/rc522.o
                0x000000000800dc50                MFRC522_WriteRegister
 .text.MFRC522_ReadRegister
                0x000000000800dc80       0x34 ./Core/Src/rc522.o
                0x000000000800dc80                MFRC522_ReadRegister
 .text.MFRC522_SetBitMask
                0x000000000800dcb4       0x34 ./Core/Src/rc522.o
                0x000000000800dcb4                MFRC522_SetBitMask
 .text.MFRC522_ClearBitMask
                0x000000000800dce8       0x3c ./Core/Src/rc522.o
                0x000000000800dce8                MFRC522_ClearBitMask
 .text.MFRC522_Request
                0x000000000800dd24       0x4a ./Core/Src/rc522.o
                0x000000000800dd24                MFRC522_Request
 .text.MFRC522_ToCard
                0x000000000800dd6e      0x19e ./Core/Src/rc522.o
                0x000000000800dd6e                MFRC522_ToCard
 .text.MFRC522_Anticoll
                0x000000000800df0c       0x7a ./Core/Src/rc522.o
                0x000000000800df0c                MFRC522_Anticoll
 .text.MFRC522_CalculateCRC
                0x000000000800df86       0x92 ./Core/Src/rc522.o
                0x000000000800df86                MFRC522_CalculateCRC
 .text.MFRC522_SelectTag
                0x000000000800e018       0x84 ./Core/Src/rc522.o
                0x000000000800e018                MFRC522_SelectTag
 .text.MFRC522_Auth
                0x000000000800e09c       0xa6 ./Core/Src/rc522.o
                0x000000000800e09c                MFRC522_Auth
 .text.MFRC522_Read
                0x000000000800e142       0x58 ./Core/Src/rc522.o
                0x000000000800e142                MFRC522_Read
 .text.MFRC522_Init
                0x000000000800e19a       0x48 ./Core/Src/rc522.o
                0x000000000800e19a                MFRC522_Init
 .text.MFRC522_Reset
                0x000000000800e1e2       0x10 ./Core/Src/rc522.o
                0x000000000800e1e2                MFRC522_Reset
 .text.MFRC522_AntennaOn
                0x000000000800e1f2       0x2a ./Core/Src/rc522.o
                0x000000000800e1f2                MFRC522_AntennaOn
 .text.cardOperationWithBlockedSector
                0x000000000800e21c      0x2d4 ./Core/Src/rc522.o
                0x000000000800e21c                cardOperationWithBlockedSector
 .text.led      0x000000000800e4f0       0x50 ./Core/Src/rc522.o
                0x000000000800e4f0                led
 .text.HAL_MspInit
                0x000000000800e540       0x64 ./Core/Src/stm32f1xx_hal_msp.o
                0x000000000800e540                HAL_MspInit
 .text.HAL_I2C_MspInit
                0x000000000800e5a4       0x7c ./Core/Src/stm32f1xx_hal_msp.o
                0x000000000800e5a4                HAL_I2C_MspInit
 .text.HAL_SPI_MspInit
                0x000000000800e620       0x94 ./Core/Src/stm32f1xx_hal_msp.o
                0x000000000800e620                HAL_SPI_MspInit
 .text.HAL_UART_MspInit
                0x000000000800e6b4      0x118 ./Core/Src/stm32f1xx_hal_msp.o
                0x000000000800e6b4                HAL_UART_MspInit
 .text.__NVIC_SystemReset
                0x000000000800e7cc       0x2c ./Core/Src/stm32f1xx_it.o
 .text.NMI_Handler
                0x000000000800e7f8        0x6 ./Core/Src/stm32f1xx_it.o
                0x000000000800e7f8                NMI_Handler
 .text.HardFault_Handler
                0x000000000800e7fe        0x8 ./Core/Src/stm32f1xx_it.o
                0x000000000800e7fe                HardFault_Handler
 .text.MemManage_Handler
                0x000000000800e806        0x6 ./Core/Src/stm32f1xx_it.o
                0x000000000800e806                MemManage_Handler
 .text.BusFault_Handler
                0x000000000800e80c        0x6 ./Core/Src/stm32f1xx_it.o
                0x000000000800e80c                BusFault_Handler
 .text.UsageFault_Handler
                0x000000000800e812        0x6 ./Core/Src/stm32f1xx_it.o
                0x000000000800e812                UsageFault_Handler
 .text.SVC_Handler
                0x000000000800e818        0xc ./Core/Src/stm32f1xx_it.o
                0x000000000800e818                SVC_Handler
 .text.DebugMon_Handler
                0x000000000800e824        0xc ./Core/Src/stm32f1xx_it.o
                0x000000000800e824                DebugMon_Handler
 .text.PendSV_Handler
                0x000000000800e830        0xc ./Core/Src/stm32f1xx_it.o
                0x000000000800e830                PendSV_Handler
 .text.SysTick_Handler
                0x000000000800e83c        0xc ./Core/Src/stm32f1xx_it.o
                0x000000000800e83c                SysTick_Handler
 .text.USART1_IRQHandler
                0x000000000800e848       0x14 ./Core/Src/stm32f1xx_it.o
                0x000000000800e848                USART1_IRQHandler
 .text.AppruveSound
                0x000000000800e85c       0x60 ./Core/Src/switchSounds.o
                0x000000000800e85c                AppruveSound
 .text.RelaySwitch
                0x000000000800e8bc       0x24 ./Core/Src/switchSounds.o
                0x000000000800e8bc                RelaySwitch
 .text.ErrorSound
                0x000000000800e8e0       0x44 ./Core/Src/switchSounds.o
                0x000000000800e8e0                ErrorSound
 .text.CardReadSound
                0x000000000800e924       0x24 ./Core/Src/switchSounds.o
                0x000000000800e924                CardReadSound
 .text._sbrk    0x000000000800e948       0x6c ./Core/Src/sysmem.o
                0x000000000800e948                _sbrk
 .text.SystemInit
                0x000000000800e9b4        0xc ./Core/Src/system_stm32f1xx.o
                0x000000000800e9b4                SystemInit
 .text.Reset_Handler
                0x000000000800e9c0       0x48 ./Core/Startup/startup_stm32f103cbtx.o
                0x000000000800e9c0                Reset_Handler
 .text.Default_Handler
                0x000000000800ea08        0x2 ./Core/Startup/startup_stm32f103cbtx.o
                0x000000000800ea08                RTC_Alarm_IRQHandler
                0x000000000800ea08                EXTI2_IRQHandler
                0x000000000800ea08                TIM1_CC_IRQHandler
                0x000000000800ea08                PVD_IRQHandler
                0x000000000800ea08                EXTI3_IRQHandler
                0x000000000800ea08                EXTI0_IRQHandler
                0x000000000800ea08                I2C2_EV_IRQHandler
                0x000000000800ea08                ADC1_2_IRQHandler
                0x000000000800ea08                SPI1_IRQHandler
                0x000000000800ea08                TAMPER_IRQHandler
                0x000000000800ea08                DMA1_Channel4_IRQHandler
                0x000000000800ea08                USART3_IRQHandler
                0x000000000800ea08                RTC_IRQHandler
                0x000000000800ea08                DMA1_Channel7_IRQHandler
                0x000000000800ea08                CAN1_RX1_IRQHandler
                0x000000000800ea08                TIM4_IRQHandler
                0x000000000800ea08                I2C1_EV_IRQHandler
                0x000000000800ea08                DMA1_Channel6_IRQHandler
                0x000000000800ea08                TIM3_IRQHandler
                0x000000000800ea08                RCC_IRQHandler
                0x000000000800ea08                TIM1_TRG_COM_IRQHandler
                0x000000000800ea08                DMA1_Channel1_IRQHandler
                0x000000000800ea08                Default_Handler
                0x000000000800ea08                EXTI15_10_IRQHandler
                0x000000000800ea08                EXTI9_5_IRQHandler
                0x000000000800ea08                SPI2_IRQHandler
                0x000000000800ea08                DMA1_Channel5_IRQHandler
                0x000000000800ea08                EXTI4_IRQHandler
                0x000000000800ea08                USB_LP_CAN1_RX0_IRQHandler
                0x000000000800ea08                USB_HP_CAN1_TX_IRQHandler
                0x000000000800ea08                DMA1_Channel3_IRQHandler
                0x000000000800ea08                TIM1_UP_IRQHandler
                0x000000000800ea08                WWDG_IRQHandler
                0x000000000800ea08                TIM2_IRQHandler
                0x000000000800ea08                TIM1_BRK_IRQHandler
                0x000000000800ea08                EXTI1_IRQHandler
                0x000000000800ea08                USART2_IRQHandler
                0x000000000800ea08                I2C2_ER_IRQHandler
                0x000000000800ea08                DMA1_Channel2_IRQHandler
                0x000000000800ea08                CAN1_SCE_IRQHandler
                0x000000000800ea08                FLASH_IRQHandler
                0x000000000800ea08                I2C1_ER_IRQHandler
                0x000000000800ea08                USBWakeUp_IRQHandler
 *fill*         0x000000000800ea0a        0x2 
 .text.HAL_Init
                0x000000000800ea0c       0x2c ./Drivers/STM32F1xx_HAL_Driver/Src/stm32f1xx_hal.o
                0x000000000800ea0c                HAL_Init
 .text.HAL_InitTick
                0x000000000800ea38       0x60 ./Drivers/STM32F1xx_HAL_Driver/Src/stm32f1xx_hal.o
                0x000000000800ea38                HAL_InitTick
 .text.HAL_IncTick
                0x000000000800ea98       0x24 ./Drivers/STM32F1xx_HAL_Driver/Src/stm32f1xx_hal.o
                0x000000000800ea98                HAL_IncTick
 .text.HAL_GetTick
                0x000000000800eabc       0x14 ./Drivers/STM32F1xx_HAL_Driver/Src/stm32f1xx_hal.o
                0x000000000800eabc                HAL_GetTick
 .text.HAL_Delay
                0x000000000800ead0       0x48 ./Drivers/STM32F1xx_HAL_Driver/Src/stm32f1xx_hal.o
                0x000000000800ead0                HAL_Delay
 .text.__NVIC_SetPriorityGrouping
                0x000000000800eb18       0x48 ./Drivers/STM32F1xx_HAL_Driver/Src/stm32f1xx_hal_cortex.o
 .text.__NVIC_GetPriorityGrouping
                0x000000000800eb60       0x1c ./Drivers/STM32F1xx_HAL_Driver/Src/stm32f1xx_hal_cortex.o
 .text.__NVIC_EnableIRQ
                0x000000000800eb7c       0x38 ./Drivers/STM32F1xx_HAL_Driver/Src/stm32f1xx_hal_cortex.o
 .text.__NVIC_SetPriority
                0x000000000800ebb4       0x54 ./Drivers/STM32F1xx_HAL_Driver/Src/stm32f1xx_hal_cortex.o
 .text.NVIC_EncodePriority
                0x000000000800ec08       0x64 ./Drivers/STM32F1xx_HAL_Driver/Src/stm32f1xx_hal_cortex.o
 .text.__NVIC_SystemReset
                0x000000000800ec6c       0x2c ./Drivers/STM32F1xx_HAL_Driver/Src/stm32f1xx_hal_cortex.o
 .text.SysTick_Config
                0x000000000800ec98       0x44 ./Drivers/STM32F1xx_HAL_Driver/Src/stm32f1xx_hal_cortex.o
 .text.HAL_NVIC_SetPriorityGrouping
                0x000000000800ecdc       0x16 ./Drivers/STM32F1xx_HAL_Driver/Src/stm32f1xx_hal_cortex.o
                0x000000000800ecdc                HAL_NVIC_SetPriorityGrouping
 .text.HAL_NVIC_SetPriority
                0x000000000800ecf2       0x38 ./Drivers/STM32F1xx_HAL_Driver/Src/stm32f1xx_hal_cortex.o
                0x000000000800ecf2                HAL_NVIC_SetPriority
 .text.HAL_NVIC_EnableIRQ
                0x000000000800ed2a       0x1c ./Drivers/STM32F1xx_HAL_Driver/Src/stm32f1xx_hal_cortex.o
                0x000000000800ed2a                HAL_NVIC_EnableIRQ
 .text.HAL_NVIC_SystemReset
                0x000000000800ed46        0x8 ./Drivers/STM32F1xx_HAL_Driver/Src/stm32f1xx_hal_cortex.o
                0x000000000800ed46                HAL_NVIC_SystemReset
 .text.HAL_SYSTICK_Config
                0x000000000800ed4e       0x18 ./Drivers/STM32F1xx_HAL_Driver/Src/stm32f1xx_hal_cortex.o
                0x000000000800ed4e                HAL_SYSTICK_Config
 .text.HAL_DMA_Abort
                0x000000000800ed66       0x74 ./Drivers/STM32F1xx_HAL_Driver/Src/stm32f1xx_hal_dma.o
                0x000000000800ed66                HAL_DMA_Abort
 *fill*         0x000000000800edda        0x2 
 .text.HAL_DMA_Abort_IT
                0x000000000800eddc       0xec ./Drivers/STM32F1xx_HAL_Driver/Src/stm32f1xx_hal_dma.o
                0x000000000800eddc                HAL_DMA_Abort_IT
 .text.HAL_GPIO_Init
                0x000000000800eec8      0x308 ./Drivers/STM32F1xx_HAL_Driver/Src/stm32f1xx_hal_gpio.o
                0x000000000800eec8                HAL_GPIO_Init
 .text.HAL_GPIO_WritePin
                0x000000000800f1d0       0x30 ./Drivers/STM32F1xx_HAL_Driver/Src/stm32f1xx_hal_gpio.o
                0x000000000800f1d0                HAL_GPIO_WritePin
 .text.HAL_GPIO_TogglePin
                0x000000000800f200       0x32 ./Drivers/STM32F1xx_HAL_Driver/Src/stm32f1xx_hal_gpio.o
                0x000000000800f200                HAL_GPIO_TogglePin
 *fill*         0x000000000800f232        0x2 
 .text.HAL_I2C_Init
                0x000000000800f234      0x288 ./Drivers/STM32F1xx_HAL_Driver/Src/stm32f1xx_hal_i2c.o
                0x000000000800f234                HAL_I2C_Init
 .text.HAL_I2C_Master_Transmit
                0x000000000800f4bc      0x1fc ./Drivers/STM32F1xx_HAL_Driver/Src/stm32f1xx_hal_i2c.o
                0x000000000800f4bc                HAL_I2C_Master_Transmit
 .text.I2C_MasterRequestWrite
                0x000000000800f6b8      0x104 ./Drivers/STM32F1xx_HAL_Driver/Src/stm32f1xx_hal_i2c.o
 .text.I2C_WaitOnFlagUntilTimeout
                0x000000000800f7bc       0xae ./Drivers/STM32F1xx_HAL_Driver/Src/stm32f1xx_hal_i2c.o
 .text.I2C_WaitOnMasterAddressFlagUntilTimeout
                0x000000000800f86a       0xfe ./Drivers/STM32F1xx_HAL_Driver/Src/stm32f1xx_hal_i2c.o
 .text.I2C_WaitOnTXEFlagUntilTimeout
                0x000000000800f968       0x82 ./Drivers/STM32F1xx_HAL_Driver/Src/stm32f1xx_hal_i2c.o
 .text.I2C_WaitOnBTFFlagUntilTimeout
                0x000000000800f9ea       0x82 ./Drivers/STM32F1xx_HAL_Driver/Src/stm32f1xx_hal_i2c.o
 .text.I2C_IsAcknowledgeFailed
                0x000000000800fa6c       0x5c ./Drivers/STM32F1xx_HAL_Driver/Src/stm32f1xx_hal_i2c.o
 .text.HAL_RCC_OscConfig
                0x000000000800fac8      0x504 ./Drivers/STM32F1xx_HAL_Driver/Src/stm32f1xx_hal_rcc.o
                0x000000000800fac8                HAL_RCC_OscConfig
 .text.HAL_RCC_ClockConfig
                0x000000000800ffcc      0x1d4 ./Drivers/STM32F1xx_HAL_Driver/Src/stm32f1xx_hal_rcc.o
                0x000000000800ffcc                HAL_RCC_ClockConfig
 .text.HAL_RCC_GetSysClockFreq
                0x00000000080101a0       0xbc ./Drivers/STM32F1xx_HAL_Driver/Src/stm32f1xx_hal_rcc.o
                0x00000000080101a0                HAL_RCC_GetSysClockFreq
 .text.HAL_RCC_GetHCLKFreq
                0x000000000801025c       0x14 ./Drivers/STM32F1xx_HAL_Driver/Src/stm32f1xx_hal_rcc.o
                0x000000000801025c                HAL_RCC_GetHCLKFreq
 .text.HAL_RCC_GetPCLK1Freq
                0x0000000008010270       0x28 ./Drivers/STM32F1xx_HAL_Driver/Src/stm32f1xx_hal_rcc.o
                0x0000000008010270                HAL_RCC_GetPCLK1Freq
 .text.HAL_RCC_GetPCLK2Freq
                0x0000000008010298       0x28 ./Drivers/STM32F1xx_HAL_Driver/Src/stm32f1xx_hal_rcc.o
                0x0000000008010298                HAL_RCC_GetPCLK2Freq
 .text.RCC_Delay
                0x00000000080102c0       0x3c ./Drivers/STM32F1xx_HAL_Driver/Src/stm32f1xx_hal_rcc.o
 .text.HAL_SPI_Init
                0x00000000080102fc      0x108 ./Drivers/STM32F1xx_HAL_Driver/Src/stm32f1xx_hal_spi.o
                0x00000000080102fc                HAL_SPI_Init
 .text.HAL_SPI_TransmitReceive
                0x0000000008010404      0x344 ./Drivers/STM32F1xx_HAL_Driver/Src/stm32f1xx_hal_spi.o
                0x0000000008010404                HAL_SPI_TransmitReceive
 .text.SPI_WaitFlagStateUntilTimeout
                0x0000000008010748      0x110 ./Drivers/STM32F1xx_HAL_Driver/Src/stm32f1xx_hal_spi.o
 .text.SPI_EndRxTxTransaction
                0x0000000008010858       0x3c ./Drivers/STM32F1xx_HAL_Driver/Src/stm32f1xx_hal_spi.o
 .text.HAL_UART_Init
                0x0000000008010894       0x9a ./Drivers/STM32F1xx_HAL_Driver/Src/stm32f1xx_hal_uart.o
                0x0000000008010894                HAL_UART_Init
 .text.HAL_UART_Transmit
                0x000000000801092e      0x124 ./Drivers/STM32F1xx_HAL_Driver/Src/stm32f1xx_hal_uart.o
                0x000000000801092e                HAL_UART_Transmit
 .text.HAL_UART_Receive
                0x0000000008010a52      0x144 ./Drivers/STM32F1xx_HAL_Driver/Src/stm32f1xx_hal_uart.o
                0x0000000008010a52                HAL_UART_Receive
 .text.HAL_UART_Receive_IT
                0x0000000008010b96       0x60 ./Drivers/STM32F1xx_HAL_Driver/Src/stm32f1xx_hal_uart.o
                0x0000000008010b96                HAL_UART_Receive_IT
 *fill*         0x0000000008010bf6        0x2 
 .text.HAL_UART_IRQHandler
                0x0000000008010bf8      0x354 ./Drivers/STM32F1xx_HAL_Driver/Src/stm32f1xx_hal_uart.o
                0x0000000008010bf8                HAL_UART_IRQHandler
 .text.HAL_UART_TxCpltCallback
                0x0000000008010f4c       0x12 ./Drivers/STM32F1xx_HAL_Driver/Src/stm32f1xx_hal_uart.o
                0x0000000008010f4c                HAL_UART_TxCpltCallback
 .text.HAL_UART_ErrorCallback
                0x0000000008010f5e       0x12 ./Drivers/STM32F1xx_HAL_Driver/Src/stm32f1xx_hal_uart.o
                0x0000000008010f5e                HAL_UART_ErrorCallback
 .text.HAL_UARTEx_RxEventCallback
                0x0000000008010f70       0x16 ./Drivers/STM32F1xx_HAL_Driver/Src/stm32f1xx_hal_uart.o
                0x0000000008010f70                HAL_UARTEx_RxEventCallback
 .text.UART_WaitOnFlagUntilTimeout
                0x0000000008010f86       0x94 ./Drivers/STM32F1xx_HAL_Driver/Src/stm32f1xx_hal_uart.o
 .text.UART_Start_Receive_IT
                0x000000000801101a       0x72 ./Drivers/STM32F1xx_HAL_Driver/Src/stm32f1xx_hal_uart.o
                0x000000000801101a                UART_Start_Receive_IT
 .text.UART_EndRxTransfer
                0x000000000801108c       0x58 ./Drivers/STM32F1xx_HAL_Driver/Src/stm32f1xx_hal_uart.o
 .text.UART_DMAAbortOnError
                0x00000000080110e4       0x28 ./Drivers/STM32F1xx_HAL_Driver/Src/stm32f1xx_hal_uart.o
 .text.UART_Transmit_IT
                0x000000000801110c       0x9e ./Drivers/STM32F1xx_HAL_Driver/Src/stm32f1xx_hal_uart.o
 .text.UART_EndTransmit_IT
                0x00000000080111aa       0x30 ./Drivers/STM32F1xx_HAL_Driver/Src/stm32f1xx_hal_uart.o
 .text.UART_Receive_IT
                0x00000000080111da      0x152 ./Drivers/STM32F1xx_HAL_Driver/Src/stm32f1xx_hal_uart.o
 .text.UART_SetConfig
                0x000000000801132c      0x11c ./Drivers/STM32F1xx_HAL_Driver/Src/stm32f1xx_hal_uart.o
 .text.atoi     0x0000000008011448        0x8 c:/st/stm32cubeide_1.11.2/stm32cubeide/plugins/com.st.stm32cube.ide.mcu.externaltools.gnu-tools-for-stm32.10.3-2021.10.win32_1.0.100.202210260954/tools/bin/../lib/gcc/arm-none-eabi/10.3.1/../../../../arm-none-eabi/lib/thumb/v7-m/nofp\libc_nano.a(lib_a-atoi.o)
                0x0000000008011448                atoi
 .text.__errno  0x0000000008011450        0xc c:/st/stm32cubeide_1.11.2/stm32cubeide/plugins/com.st.stm32cube.ide.mcu.externaltools.gnu-tools-for-stm32.10.3-2021.10.win32_1.0.100.202210260954/tools/bin/../lib/gcc/arm-none-eabi/10.3.1/../../../../arm-none-eabi/lib/thumb/v7-m/nofp\libc_nano.a(lib_a-errno.o)
                0x0000000008011450                __errno
 .text.__libc_init_array
                0x000000000801145c       0x48 c:/st/stm32cubeide_1.11.2/stm32cubeide/plugins/com.st.stm32cube.ide.mcu.externaltools.gnu-tools-for-stm32.10.3-2021.10.win32_1.0.100.202210260954/tools/bin/../lib/gcc/arm-none-eabi/10.3.1/../../../../arm-none-eabi/lib/thumb/v7-m/nofp\libc_nano.a(lib_a-init.o)
                0x000000000801145c                __libc_init_array
 .text.memcpy   0x00000000080114a4       0x1c c:/st/stm32cubeide_1.11.2/stm32cubeide/plugins/com.st.stm32cube.ide.mcu.externaltools.gnu-tools-for-stm32.10.3-2021.10.win32_1.0.100.202210260954/tools/bin/../lib/gcc/arm-none-eabi/10.3.1/../../../../arm-none-eabi/lib/thumb/v7-m/nofp\libc_nano.a(lib_a-memcpy-stub.o)
                0x00000000080114a4                memcpy
 .text.memset   0x00000000080114c0       0x10 c:/st/stm32cubeide_1.11.2/stm32cubeide/plugins/com.st.stm32cube.ide.mcu.externaltools.gnu-tools-for-stm32.10.3-2021.10.win32_1.0.100.202210260954/tools/bin/../lib/gcc/arm-none-eabi/10.3.1/../../../../arm-none-eabi/lib/thumb/v7-m/nofp\libc_nano.a(lib_a-memset.o)
                0x00000000080114c0                memset
 .text.sprintf  0x00000000080114d0       0x40 c:/st/stm32cubeide_1.11.2/stm32cubeide/plugins/com.st.stm32cube.ide.mcu.externaltools.gnu-tools-for-stm32.10.3-2021.10.win32_1.0.100.202210260954/tools/bin/../lib/gcc/arm-none-eabi/10.3.1/../../../../arm-none-eabi/lib/thumb/v7-m/nofp\libc_nano.a(lib_a-sprintf.o)
                0x00000000080114d0                siprintf
                0x00000000080114d0                sprintf
 .text.strncpy  0x0000000008011510       0x26 c:/st/stm32cubeide_1.11.2/stm32cubeide/plugins/com.st.stm32cube.ide.mcu.externaltools.gnu-tools-for-stm32.10.3-2021.10.win32_1.0.100.202210260954/tools/bin/../lib/gcc/arm-none-eabi/10.3.1/../../../../arm-none-eabi/lib/thumb/v7-m/nofp\libc_nano.a(lib_a-strncpy.o)
                0x0000000008011510                strncpy
 *fill*         0x0000000008011536        0x2 
 .text._strtol_l.constprop.0
                0x0000000008011538       0xf8 c:/st/stm32cubeide_1.11.2/stm32cubeide/plugins/com.st.stm32cube.ide.mcu.externaltools.gnu-tools-for-stm32.10.3-2021.10.win32_1.0.100.202210260954/tools/bin/../lib/gcc/arm-none-eabi/10.3.1/../../../../arm-none-eabi/lib/thumb/v7-m/nofp\libc_nano.a(lib_a-strtol.o)
 .text.strtol   0x0000000008011630       0x14 c:/st/stm32cubeide_1.11.2/stm32cubeide/plugins/com.st.stm32cube.ide.mcu.externaltools.gnu-tools-for-stm32.10.3-2021.10.win32_1.0.100.202210260954/tools/bin/../lib/gcc/arm-none-eabi/10.3.1/../../../../arm-none-eabi/lib/thumb/v7-m/nofp\libc_nano.a(lib_a-strtol.o)
                0x0000000008011630                strtol
 .text.__ssputs_r
                0x0000000008011644       0xb6 c:/st/stm32cubeide_1.11.2/stm32cubeide/plugins/com.st.stm32cube.ide.mcu.externaltools.gnu-tools-for-stm32.10.3-2021.10.win32_1.0.100.202210260954/tools/bin/../lib/gcc/arm-none-eabi/10.3.1/../../../../arm-none-eabi/lib/thumb/v7-m/nofp\libc_nano.a(lib_a-nano-svfprintf.o)
                0x0000000008011644                __ssputs_r
 *fill*         0x00000000080116fa        0x2 
 .text._svfprintf_r
                0x00000000080116fc      0x200 c:/st/stm32cubeide_1.11.2/stm32cubeide/plugins/com.st.stm32cube.ide.mcu.externaltools.gnu-tools-for-stm32.10.3-2021.10.win32_1.0.100.202210260954/tools/bin/../lib/gcc/arm-none-eabi/10.3.1/../../../../arm-none-eabi/lib/thumb/v7-m/nofp\libc_nano.a(lib_a-nano-svfprintf.o)
                0x00000000080116fc                _svfiprintf_r
                0x00000000080116fc                _svfprintf_r
 .text._printf_common
                0x00000000080118fc       0xde c:/st/stm32cubeide_1.11.2/stm32cubeide/plugins/com.st.stm32cube.ide.mcu.externaltools.gnu-tools-for-stm32.10.3-2021.10.win32_1.0.100.202210260954/tools/bin/../lib/gcc/arm-none-eabi/10.3.1/../../../../arm-none-eabi/lib/thumb/v7-m/nofp\libc_nano.a(lib_a-nano-vfprintf_i.o)
                0x00000000080118fc                _printf_common
 *fill*         0x00000000080119da        0x2 
 .text._printf_i
                0x00000000080119dc      0x24c c:/st/stm32cubeide_1.11.2/stm32cubeide/plugins/com.st.stm32cube.ide.mcu.externaltools.gnu-tools-for-stm32.10.3-2021.10.win32_1.0.100.202210260954/tools/bin/../lib/gcc/arm-none-eabi/10.3.1/../../../../arm-none-eabi/lib/thumb/v7-m/nofp\libc_nano.a(lib_a-nano-vfprintf_i.o)
                0x00000000080119dc                _printf_i
 .text.memchr   0x0000000008011c28       0x1c c:/st/stm32cubeide_1.11.2/stm32cubeide/plugins/com.st.stm32cube.ide.mcu.externaltools.gnu-tools-for-stm32.10.3-2021.10.win32_1.0.100.202210260954/tools/bin/../lib/gcc/arm-none-eabi/10.3.1/../../../../arm-none-eabi/lib/thumb/v7-m/nofp\libc_nano.a(lib_a-memchr-stub.o)
                0x0000000008011c28                memchr
 .text.memmove  0x0000000008011c44       0x34 c:/st/stm32cubeide_1.11.2/stm32cubeide/plugins/com.st.stm32cube.ide.mcu.externaltools.gnu-tools-for-stm32.10.3-2021.10.win32_1.0.100.202210260954/tools/bin/../lib/gcc/arm-none-eabi/10.3.1/../../../../arm-none-eabi/lib/thumb/v7-m/nofp\libc_nano.a(lib_a-memmove.o)
                0x0000000008011c44                memmove
 .text._free_r  0x0000000008011c78       0x90 c:/st/stm32cubeide_1.11.2/stm32cubeide/plugins/com.st.stm32cube.ide.mcu.externaltools.gnu-tools-for-stm32.10.3-2021.10.win32_1.0.100.202210260954/tools/bin/../lib/gcc/arm-none-eabi/10.3.1/../../../../arm-none-eabi/lib/thumb/v7-m/nofp\libc_nano.a(lib_a-nano-freer.o)
                0x0000000008011c78                _free_r
 .text.sbrk_aligned
                0x0000000008011d08       0x40 c:/st/stm32cubeide_1.11.2/stm32cubeide/plugins/com.st.stm32cube.ide.mcu.externaltools.gnu-tools-for-stm32.10.3-2021.10.win32_1.0.100.202210260954/tools/bin/../lib/gcc/arm-none-eabi/10.3.1/../../../../arm-none-eabi/lib/thumb/v7-m/nofp\libc_nano.a(lib_a-nano-mallocr.o)
 .text._malloc_r
                0x0000000008011d48       0xe8 c:/st/stm32cubeide_1.11.2/stm32cubeide/plugins/com.st.stm32cube.ide.mcu.externaltools.gnu-tools-for-stm32.10.3-2021.10.win32_1.0.100.202210260954/tools/bin/../lib/gcc/arm-none-eabi/10.3.1/../../../../arm-none-eabi/lib/thumb/v7-m/nofp\libc_nano.a(lib_a-nano-mallocr.o)
                0x0000000008011d48                _malloc_r
 .text._realloc_r
                0x0000000008011e30       0x5e c:/st/stm32cubeide_1.11.2/stm32cubeide/plugins/com.st.stm32cube.ide.mcu.externaltools.gnu-tools-for-stm32.10.3-2021.10.win32_1.0.100.202210260954/tools/bin/../lib/gcc/arm-none-eabi/10.3.1/../../../../arm-none-eabi/lib/thumb/v7-m/nofp\libc_nano.a(lib_a-nano-reallocr.o)
                0x0000000008011e30                _realloc_r
 *fill*         0x0000000008011e8e        0x2 
 .text._sbrk_r  0x0000000008011e90       0x20 c:/st/stm32cubeide_1.11.2/stm32cubeide/plugins/com.st.stm32cube.ide.mcu.externaltools.gnu-tools-for-stm32.10.3-2021.10.win32_1.0.100.202210260954/tools/bin/../lib/gcc/arm-none-eabi/10.3.1/../../../../arm-none-eabi/lib/thumb/v7-m/nofp\libc_nano.a(lib_a-sbrkr.o)
                0x0000000008011e90                _sbrk_r
 .text.__malloc_lock
                0x0000000008011eb0        0xc c:/st/stm32cubeide_1.11.2/stm32cubeide/plugins/com.st.stm32cube.ide.mcu.externaltools.gnu-tools-for-stm32.10.3-2021.10.win32_1.0.100.202210260954/tools/bin/../lib/gcc/arm-none-eabi/10.3.1/../../../../arm-none-eabi/lib/thumb/v7-m/nofp\libc_nano.a(lib_a-mlock.o)
                0x0000000008011eb0                __malloc_lock
 .text.__malloc_unlock
                0x0000000008011ebc        0xc c:/st/stm32cubeide_1.11.2/stm32cubeide/plugins/com.st.stm32cube.ide.mcu.externaltools.gnu-tools-for-stm32.10.3-2021.10.win32_1.0.100.202210260954/tools/bin/../lib/gcc/arm-none-eabi/10.3.1/../../../../arm-none-eabi/lib/thumb/v7-m/nofp\libc_nano.a(lib_a-mlock.o)
                0x0000000008011ebc                __malloc_unlock
 .text._malloc_usable_size_r
                0x0000000008011ec8       0x10 c:/st/stm32cubeide_1.11.2/stm32cubeide/plugins/com.st.stm32cube.ide.mcu.externaltools.gnu-tools-for-stm32.10.3-2021.10.win32_1.0.100.202210260954/tools/bin/../lib/gcc/arm-none-eabi/10.3.1/../../../../arm-none-eabi/lib/thumb/v7-m/nofp\libc_nano.a(lib_a-nano-msizer.o)
                0x0000000008011ec8                _malloc_usable_size_r
 .text.__retarget_lock_acquire_recursive
                0x0000000008011ed8        0x2 c:/st/stm32cubeide_1.11.2/stm32cubeide/plugins/com.st.stm32cube.ide.mcu.externaltools.gnu-tools-for-stm32.10.3-2021.10.win32_1.0.100.202210260954/tools/bin/../lib/gcc/arm-none-eabi/10.3.1/../../../../arm-none-eabi/lib/thumb/v7-m/nofp\libc_nano.a(lib_a-lock.o)
                0x0000000008011ed8                __retarget_lock_acquire_recursive
 .text.__retarget_lock_release_recursive
                0x0000000008011eda        0x2 c:/st/stm32cubeide_1.11.2/stm32cubeide/plugins/com.st.stm32cube.ide.mcu.externaltools.gnu-tools-for-stm32.10.3-2021.10.win32_1.0.100.202210260954/tools/bin/../lib/gcc/arm-none-eabi/10.3.1/../../../../arm-none-eabi/lib/thumb/v7-m/nofp\libc_nano.a(lib_a-lock.o)
                0x0000000008011eda                __retarget_lock_release_recursive
 *(.glue_7)
 .glue_7        0x0000000008011edc        0x0 linker stubs
 *(.glue_7t)
 .glue_7t       0x0000000008011edc        0x0 linker stubs
 *(.eh_frame)
 .eh_frame      0x0000000008011edc        0x0 c:/st/stm32cubeide_1.11.2/stm32cubeide/plugins/com.st.stm32cube.ide.mcu.externaltools.gnu-tools-for-stm32.10.3-2021.10.win32_1.0.100.202210260954/tools/bin/../lib/gcc/arm-none-eabi/10.3.1/thumb/v7-m/nofp/crtbegin.o
 *(.init)
 .init          0x0000000008011edc        0x4 c:/st/stm32cubeide_1.11.2/stm32cubeide/plugins/com.st.stm32cube.ide.mcu.externaltools.gnu-tools-for-stm32.10.3-2021.10.win32_1.0.100.202210260954/tools/bin/../lib/gcc/arm-none-eabi/10.3.1/thumb/v7-m/nofp/crti.o
                0x0000000008011edc                _init
 .init          0x0000000008011ee0        0x8 c:/st/stm32cubeide_1.11.2/stm32cubeide/plugins/com.st.stm32cube.ide.mcu.externaltools.gnu-tools-for-stm32.10.3-2021.10.win32_1.0.100.202210260954/tools/bin/../lib/gcc/arm-none-eabi/10.3.1/thumb/v7-m/nofp/crtn.o
 *(.fini)
 .fini          0x0000000008011ee8        0x4 c:/st/stm32cubeide_1.11.2/stm32cubeide/plugins/com.st.stm32cube.ide.mcu.externaltools.gnu-tools-for-stm32.10.3-2021.10.win32_1.0.100.202210260954/tools/bin/../lib/gcc/arm-none-eabi/10.3.1/thumb/v7-m/nofp/crti.o
                0x0000000008011ee8                _fini
 .fini          0x0000000008011eec        0x8 c:/st/stm32cubeide_1.11.2/stm32cubeide/plugins/com.st.stm32cube.ide.mcu.externaltools.gnu-tools-for-stm32.10.3-2021.10.win32_1.0.100.202210260954/tools/bin/../lib/gcc/arm-none-eabi/10.3.1/thumb/v7-m/nofp/crtn.o
                0x0000000008011ef4                . = ALIGN (0x4)
                0x0000000008011ef4                _etext = .

.vfp11_veneer   0x0000000008011ef4        0x0
 .vfp11_veneer  0x0000000008011ef4        0x0 linker stubs

.v4_bx          0x0000000008011ef4        0x0
 .v4_bx         0x0000000008011ef4        0x0 linker stubs

.iplt           0x0000000008011ef4        0x0
 .iplt          0x0000000008011ef4        0x0 c:/st/stm32cubeide_1.11.2/stm32cubeide/plugins/com.st.stm32cube.ide.mcu.externaltools.gnu-tools-for-stm32.10.3-2021.10.win32_1.0.100.202210260954/tools/bin/../lib/gcc/arm-none-eabi/10.3.1/thumb/v7-m/nofp/crtbegin.o

.rodata         0x0000000008011ef4      0x39c
                0x0000000008011ef4                . = ALIGN (0x4)
 *(.rodata)
 .rodata        0x0000000008011ef4       0x17 ./Core/Src/geotextLib.o
 *fill*         0x0000000008011f0b        0x1 
 .rodata        0x0000000008011f0c       0x3d ./Core/Src/liquidcrystal_i2c.o
 *fill*         0x0000000008011f49        0x3 
 .rodata        0x0000000008011f4c        0x7 ./Core/Src/main.o
 *fill*         0x0000000008011f53        0x1 
 .rodata        0x0000000008011f54       0x91 ./Core/Src/quectelCommands.o
 *fill*         0x0000000008011fe5        0x3 
 .rodata        0x0000000008011fe8      0x14c ./Core/Src/rc522.o
 .rodata        0x0000000008012134       0x10 ./Drivers/STM32F1xx_HAL_Driver/Src/stm32f1xx_hal_rcc.o
 *(.rodata*)
 .rodata.AHBPrescTable
                0x0000000008012144       0x10 ./Core/Src/system_stm32f1xx.o
                0x0000000008012144                AHBPrescTable
 .rodata.APBPrescTable
                0x0000000008012154        0x8 ./Core/Src/system_stm32f1xx.o
                0x0000000008012154                APBPrescTable
 .rodata._ctype_
                0x000000000801215c      0x101 c:/st/stm32cubeide_1.11.2/stm32cubeide/plugins/com.st.stm32cube.ide.mcu.externaltools.gnu-tools-for-stm32.10.3-2021.10.win32_1.0.100.202210260954/tools/bin/../lib/gcc/arm-none-eabi/10.3.1/../../../../arm-none-eabi/lib/thumb/v7-m/nofp\libc_nano.a(lib_a-ctype_.o)
                0x000000000801215c                _ctype_
 .rodata._svfprintf_r.str1.1
                0x000000000801225d       0x11 c:/st/stm32cubeide_1.11.2/stm32cubeide/plugins/com.st.stm32cube.ide.mcu.externaltools.gnu-tools-for-stm32.10.3-2021.10.win32_1.0.100.202210260954/tools/bin/../lib/gcc/arm-none-eabi/10.3.1/../../../../arm-none-eabi/lib/thumb/v7-m/nofp\libc_nano.a(lib_a-nano-svfprintf.o)
 .rodata._printf_i.str1.1
                0x000000000801226e       0x22 c:/st/stm32cubeide_1.11.2/stm32cubeide/plugins/com.st.stm32cube.ide.mcu.externaltools.gnu-tools-for-stm32.10.3-2021.10.win32_1.0.100.202210260954/tools/bin/../lib/gcc/arm-none-eabi/10.3.1/../../../../arm-none-eabi/lib/thumb/v7-m/nofp\libc_nano.a(lib_a-nano-vfprintf_i.o)
                0x0000000008012290                . = ALIGN (0x4)

.rel.dyn        0x0000000008012290        0x0
 .rel.iplt      0x0000000008012290        0x0 c:/st/stm32cubeide_1.11.2/stm32cubeide/plugins/com.st.stm32cube.ide.mcu.externaltools.gnu-tools-for-stm32.10.3-2021.10.win32_1.0.100.202210260954/tools/bin/../lib/gcc/arm-none-eabi/10.3.1/thumb/v7-m/nofp/crtbegin.o

.ARM.extab      0x0000000008012290        0x0
                0x0000000008012290                . = ALIGN (0x4)
 *(.ARM.extab* .gnu.linkonce.armextab.*)
                0x0000000008012290                . = ALIGN (0x4)

.ARM            0x0000000008012290        0x0
                0x0000000008012290                . = ALIGN (0x4)
                0x0000000008012290                __exidx_start = .
 *(.ARM.exidx*)
                0x0000000008012290                __exidx_end = .
                0x0000000008012290                . = ALIGN (0x4)

.preinit_array  0x0000000008012290        0x0
                0x0000000008012290                . = ALIGN (0x4)
                0x0000000008012290                PROVIDE (__preinit_array_start = .)
 *(.preinit_array*)
                0x0000000008012290                PROVIDE (__preinit_array_end = .)
                0x0000000008012290                . = ALIGN (0x4)

.init_array     0x0000000008012290        0x4
                0x0000000008012290                . = ALIGN (0x4)
                0x0000000008012290                PROVIDE (__init_array_start = .)
 *(SORT_BY_NAME(.init_array.*))
 *(.init_array*)
 .init_array    0x0000000008012290        0x4 c:/st/stm32cubeide_1.11.2/stm32cubeide/plugins/com.st.stm32cube.ide.mcu.externaltools.gnu-tools-for-stm32.10.3-2021.10.win32_1.0.100.202210260954/tools/bin/../lib/gcc/arm-none-eabi/10.3.1/thumb/v7-m/nofp/crtbegin.o
                0x0000000008012294                PROVIDE (__init_array_end = .)
                0x0000000008012294                . = ALIGN (0x4)

.fini_array     0x0000000008012294        0x4
                0x0000000008012294                . = ALIGN (0x4)
                [!provide]                        PROVIDE (__fini_array_start = .)
 *(SORT_BY_NAME(.fini_array.*))
 *(.fini_array*)
 .fini_array    0x0000000008012294        0x4 c:/st/stm32cubeide_1.11.2/stm32cubeide/plugins/com.st.stm32cube.ide.mcu.externaltools.gnu-tools-for-stm32.10.3-2021.10.win32_1.0.100.202210260954/tools/bin/../lib/gcc/arm-none-eabi/10.3.1/thumb/v7-m/nofp/crtbegin.o
                [!provide]                        PROVIDE (__fini_array_end = .)
                0x0000000008012298                . = ALIGN (0x4)
                0x0000000008012298                _sidata = LOADADDR (.data)

.data           0x0000000020000000      0x1ec load address 0x0000000008012298
                0x0000000020000000                . = ALIGN (0x4)
                0x0000000020000000                _sdata = .
 *(.data)
 *(.data*)
 .data.nGeo     0x0000000020000000        0x8 ./Core/Src/geotextLib.o
                0x0000000020000000                nGeo
 .data.sGeo     0x0000000020000008        0x8 ./Core/Src/geotextLib.o
                0x0000000020000008                sGeo
 .data.xGeo     0x0000000020000010        0x8 ./Core/Src/geotextLib.o
                0x0000000020000010                xGeo
 .data.dGeo     0x0000000020000018        0x8 ./Core/Src/geotextLib.o
                0x0000000020000018                dGeo
 .data.TGeo     0x0000000020000020        0x8 ./Core/Src/geotextLib.o
                0x0000000020000020                TGeo
 .data.aGeo     0x0000000020000028        0x8 ./Core/Src/geotextLib.o
                0x0000000020000028                aGeo
 .data.SGeo     0x0000000020000030        0x8 ./Core/Src/geotextLib.o
                0x0000000020000030                SGeo
 .data.bGeo     0x0000000020000038        0x8 ./Core/Src/geotextLib.o
                0x0000000020000038                bGeo
 .data.iGeo     0x0000000020000040        0x8 ./Core/Src/geotextLib.o
                0x0000000020000040                iGeo
 .data.lGeo     0x0000000020000048        0x8 ./Core/Src/geotextLib.o
                0x0000000020000048                lGeo
 .data.cGeo     0x0000000020000050        0x8 ./Core/Src/geotextLib.o
                0x0000000020000050                cGeo
 .data.oGeo     0x0000000020000058        0x8 ./Core/Src/geotextLib.o
                0x0000000020000058                oGeo
 .data.tGeo     0x0000000020000060        0x8 ./Core/Src/geotextLib.o
                0x0000000020000060                tGeo
 .data.mGeo     0x0000000020000068        0x8 ./Core/Src/geotextLib.o
                0x0000000020000068                mGeo
 .data.vGeo     0x0000000020000070        0x8 ./Core/Src/geotextLib.o
                0x0000000020000070                vGeo
 .data.rGeo     0x0000000020000078        0x8 ./Core/Src/geotextLib.o
                0x0000000020000078                rGeo
 .data.eGeo     0x0000000020000080        0x8 ./Core/Src/geotextLib.o
                0x0000000020000080                eGeo
 .data.special1
                0x0000000020000088        0x8 ./Core/Src/liquidcrystal_i2c.o
                0x0000000020000088                special1
 .data.special2
                0x0000000020000090        0x8 ./Core/Src/liquidcrystal_i2c.o
                0x0000000020000090                special2
 .data.check    0x0000000020000098        0x4 ./Core/Src/main.o
                0x0000000020000098                check
 .data.MQTT_CHECK_DATA
                0x000000002000009c       0x1a ./Core/Src/main.o
                0x000000002000009c                MQTT_CHECK_DATA
 *fill*         0x00000000200000b6        0x2 
 .data.TXBuffer
                0x00000000200000b8        0x5 ./Core/Src/quectelCommands.o
                0x00000000200000b8                TXBuffer
 *fill*         0x00000000200000bd        0x3 
 .data.TXBuffer10
                0x00000000200000c0        0xb ./Core/Src/quectelCommands.o
                0x00000000200000c0                TXBuffer10
 *fill*         0x00000000200000cb        0x1 
 .data.config_recive_mod
                0x00000000200000cc       0x1e ./Core/Src/quectelCommands.o
                0x00000000200000cc                config_recive_mod
 *fill*         0x00000000200000ea        0x2 
 .data.MQTT_OPEN_PORT
                0x00000000200000ec       0x23 ./Core/Src/quectelCommands.o
                0x00000000200000ec                MQTT_OPEN_PORT
 *fill*         0x000000002000010f        0x1 
 .data.MQTT_CONNECT
                0x0000000020000110       0x11 ./Core/Src/quectelCommands.o
                0x0000000020000110                MQTT_CONNECT
 *fill*         0x0000000020000121        0x3 
 .data.MQTT_SUB_TO_TOPIC
                0x0000000020000124       0x26 ./Core/Src/quectelCommands.o
                0x0000000020000124                MQTT_SUB_TO_TOPIC
 *fill*         0x000000002000014a        0x2 
 .data.MQTT_PUB
                0x000000002000014c       0x2e ./Core/Src/quectelCommands.o
                0x000000002000014c                MQTT_PUB
 *fill*         0x000000002000017a        0x2 
 .data.SystemCoreClock
                0x000000002000017c        0x4 ./Core/Src/system_stm32f1xx.o
                0x000000002000017c                SystemCoreClock
 .data.uwTickPrio
                0x0000000020000180        0x4 ./Drivers/STM32F1xx_HAL_Driver/Src/stm32f1xx_hal.o
                0x0000000020000180                uwTickPrio
 .data.uwTickFreq
                0x0000000020000184        0x1 ./Drivers/STM32F1xx_HAL_Driver/Src/stm32f1xx_hal.o
                0x0000000020000184                uwTickFreq
 *fill*         0x0000000020000185        0x3 
 .data._impure_ptr
                0x0000000020000188        0x4 c:/st/stm32cubeide_1.11.2/stm32cubeide/plugins/com.st.stm32cube.ide.mcu.externaltools.gnu-tools-for-stm32.10.3-2021.10.win32_1.0.100.202210260954/tools/bin/../lib/gcc/arm-none-eabi/10.3.1/../../../../arm-none-eabi/lib/thumb/v7-m/nofp\libc_nano.a(lib_a-impure.o)
                0x0000000020000188                _impure_ptr
 .data.impure_data
                0x000000002000018c       0x60 c:/st/stm32cubeide_1.11.2/stm32cubeide/plugins/com.st.stm32cube.ide.mcu.externaltools.gnu-tools-for-stm32.10.3-2021.10.win32_1.0.100.202210260954/tools/bin/../lib/gcc/arm-none-eabi/10.3.1/../../../../arm-none-eabi/lib/thumb/v7-m/nofp\libc_nano.a(lib_a-impure.o)
 *(.RamFunc)
 *(.RamFunc*)
                0x00000000200001ec                . = ALIGN (0x4)
                0x00000000200001ec                _edata = .

.igot.plt       0x00000000200001ec        0x0 load address 0x0000000008012484
 .igot.plt      0x00000000200001ec        0x0 c:/st/stm32cubeide_1.11.2/stm32cubeide/plugins/com.st.stm32cube.ide.mcu.externaltools.gnu-tools-for-stm32.10.3-2021.10.win32_1.0.100.202210260954/tools/bin/../lib/gcc/arm-none-eabi/10.3.1/thumb/v7-m/nofp/crtbegin.o
                0x00000000200001ec                . = ALIGN (0x4)

.bss            0x00000000200001ec      0x384 load address 0x0000000008012484
                0x00000000200001ec                _sbss = .
                0x00000000200001ec                __bss_start__ = _sbss
 *(.bss)
 .bss           0x00000000200001ec       0x1c c:/st/stm32cubeide_1.11.2/stm32cubeide/plugins/com.st.stm32cube.ide.mcu.externaltools.gnu-tools-for-stm32.10.3-2021.10.win32_1.0.100.202210260954/tools/bin/../lib/gcc/arm-none-eabi/10.3.1/thumb/v7-m/nofp/crtbegin.o
 *(.bss*)
 .bss.dpFunction
                0x0000000020000208        0x1 ./Core/Src/liquidcrystal_i2c.o
                0x0000000020000208                dpFunction
 .bss.dpControl
                0x0000000020000209        0x1 ./Core/Src/liquidcrystal_i2c.o
                0x0000000020000209                dpControl
 .bss.dpMode    0x000000002000020a        0x1 ./Core/Src/liquidcrystal_i2c.o
                0x000000002000020a                dpMode
 .bss.dpRows    0x000000002000020b        0x1 ./Core/Src/liquidcrystal_i2c.o
                0x000000002000020b                dpRows
 .bss.dpBacklight
                0x000000002000020c        0x1 ./Core/Src/liquidcrystal_i2c.o
                0x000000002000020c                dpBacklight
 *fill*         0x000000002000020d        0x3 
 .bss.T         0x0000000020000210        0x4 ./Core/Src/main.o
                0x0000000020000210                T
 .bss.temp      0x0000000020000214        0x4 ./Core/Src/main.o
                0x0000000020000214                temp
 .bss.LENGTH    0x0000000020000218        0x4 ./Core/Src/main.o
                0x0000000020000218                LENGTH
 .bss.readSatus
                0x000000002000021c        0x1 ./Core/Src/main.o
                0x000000002000021c                readSatus
 *fill*         0x000000002000021d        0x3 
 .bss.postData  0x0000000020000220       0xff ./Core/Src/main.o
                0x0000000020000220                postData
 *fill*         0x000000002000031f        0x1 
 .bss.buffer    0x0000000020000320       0x80 ./Core/Src/main.o
                0x0000000020000320                buffer
 .bss.buffer1   0x00000000200003a0       0x80 ./Core/Src/main.o
                0x00000000200003a0                buffer1
 .bss.count     0x0000000020000420        0x4 ./Core/Src/main.o
                0x0000000020000420                count
 .bss.hi2c1     0x0000000020000424       0x54 ./Core/Src/main.o
                0x0000000020000424                hi2c1
 .bss.hspi1     0x0000000020000478       0x58 ./Core/Src/main.o
                0x0000000020000478                hspi1
 .bss.huart1    0x00000000200004d0       0x44 ./Core/Src/main.o
                0x00000000200004d0                huart1
 .bss.huart2    0x0000000020000514       0x44 ./Core/Src/main.o
                0x0000000020000514                huart2
 .bss.__sbrk_heap_end
                0x0000000020000558        0x4 ./Core/Src/sysmem.o
 .bss.uwTick    0x000000002000055c        0x4 ./Drivers/STM32F1xx_HAL_Driver/Src/stm32f1xx_hal.o
                0x000000002000055c                uwTick
 .bss.__malloc_free_list
                0x0000000020000560        0x4 c:/st/stm32cubeide_1.11.2/stm32cubeide/plugins/com.st.stm32cube.ide.mcu.externaltools.gnu-tools-for-stm32.10.3-2021.10.win32_1.0.100.202210260954/tools/bin/../lib/gcc/arm-none-eabi/10.3.1/../../../../arm-none-eabi/lib/thumb/v7-m/nofp\libc_nano.a(lib_a-nano-mallocr.o)
                0x0000000020000560                __malloc_free_list
 .bss.__malloc_sbrk_start
                0x0000000020000564        0x4 c:/st/stm32cubeide_1.11.2/stm32cubeide/plugins/com.st.stm32cube.ide.mcu.externaltools.gnu-tools-for-stm32.10.3-2021.10.win32_1.0.100.202210260954/tools/bin/../lib/gcc/arm-none-eabi/10.3.1/../../../../arm-none-eabi/lib/thumb/v7-m/nofp\libc_nano.a(lib_a-nano-mallocr.o)
                0x0000000020000564                __malloc_sbrk_start
 .bss.errno     0x0000000020000568        0x4 c:/st/stm32cubeide_1.11.2/stm32cubeide/plugins/com.st.stm32cube.ide.mcu.externaltools.gnu-tools-for-stm32.10.3-2021.10.win32_1.0.100.202210260954/tools/bin/../lib/gcc/arm-none-eabi/10.3.1/../../../../arm-none-eabi/lib/thumb/v7-m/nofp\libc_nano.a(lib_a-reent.o)
                0x0000000020000568                errno
 .bss.__lock___malloc_recursive_mutex
                0x000000002000056c        0x1 c:/st/stm32cubeide_1.11.2/stm32cubeide/plugins/com.st.stm32cube.ide.mcu.externaltools.gnu-tools-for-stm32.10.3-2021.10.win32_1.0.100.202210260954/tools/bin/../lib/gcc/arm-none-eabi/10.3.1/../../../../arm-none-eabi/lib/thumb/v7-m/nofp\libc_nano.a(lib_a-lock.o)
                0x000000002000056c                __lock___malloc_recursive_mutex
 *(COMMON)
                0x0000000020000570                . = ALIGN (0x4)
 *fill*         0x000000002000056d        0x3 
                0x0000000020000570                _ebss = .
                0x0000000020000570                __bss_end__ = _ebss

._user_heap_stack
                0x0000000020000570      0x600 load address 0x0000000008012484
                0x0000000020000570                . = ALIGN (0x8)
                [!provide]                        PROVIDE (end = .)
                0x0000000020000570                PROVIDE (_end = .)
                0x0000000020000770                . = (. + _Min_Heap_Size)
 *fill*         0x0000000020000570      0x200 
                0x0000000020000b70                . = (. + _Min_Stack_Size)
 *fill*         0x0000000020000770      0x400 
                0x0000000020000b70                . = ALIGN (0x8)

/DISCARD/
 libc.a(*)
 libm.a(*)
 libgcc.a(*)

.ARM.attributes
                0x0000000000000000       0x29
 *(.ARM.attributes)
 .ARM.attributes
                0x0000000000000000       0x1d c:/st/stm32cubeide_1.11.2/stm32cubeide/plugins/com.st.stm32cube.ide.mcu.externaltools.gnu-tools-for-stm32.10.3-2021.10.win32_1.0.100.202210260954/tools/bin/../lib/gcc/arm-none-eabi/10.3.1/thumb/v7-m/nofp/crti.o
 .ARM.attributes
                0x000000000000001d       0x2d c:/st/stm32cubeide_1.11.2/stm32cubeide/plugins/com.st.stm32cube.ide.mcu.externaltools.gnu-tools-for-stm32.10.3-2021.10.win32_1.0.100.202210260954/tools/bin/../lib/gcc/arm-none-eabi/10.3.1/thumb/v7-m/nofp/crtbegin.o
 .ARM.attributes
                0x000000000000004a       0x2d ./Core/Src/geotextLib.o
 .ARM.attributes
                0x0000000000000077       0x2d ./Core/Src/liquidcrystal_i2c.o
 .ARM.attributes
                0x00000000000000a4       0x2d ./Core/Src/main.o
 .ARM.attributes
                0x00000000000000d1       0x2d ./Core/Src/quectelCommands.o
 .ARM.attributes
                0x00000000000000fe       0x2d ./Core/Src/rc522.o
 .ARM.attributes
                0x000000000000012b       0x2d ./Core/Src/stm32f1xx_hal_msp.o
 .ARM.attributes
                0x0000000000000158       0x2d ./Core/Src/stm32f1xx_it.o
 .ARM.attributes
                0x0000000000000185       0x2d ./Core/Src/switchSounds.o
 .ARM.attributes
                0x00000000000001b2       0x2d ./Core/Src/sysmem.o
 .ARM.attributes
                0x00000000000001df       0x2d ./Core/Src/system_stm32f1xx.o
 .ARM.attributes
                0x000000000000020c       0x21 ./Core/Startup/startup_stm32f103cbtx.o
 .ARM.attributes
                0x000000000000022d       0x2d ./Drivers/STM32F1xx_HAL_Driver/Src/stm32f1xx_hal.o
 .ARM.attributes
                0x000000000000025a       0x2d ./Drivers/STM32F1xx_HAL_Driver/Src/stm32f1xx_hal_cortex.o
 .ARM.attributes
                0x0000000000000287       0x2d ./Drivers/STM32F1xx_HAL_Driver/Src/stm32f1xx_hal_dma.o
 .ARM.attributes
                0x00000000000002b4       0x2d ./Drivers/STM32F1xx_HAL_Driver/Src/stm32f1xx_hal_gpio.o
 .ARM.attributes
                0x00000000000002e1       0x2d ./Drivers/STM32F1xx_HAL_Driver/Src/stm32f1xx_hal_i2c.o
 .ARM.attributes
                0x000000000000030e       0x2d ./Drivers/STM32F1xx_HAL_Driver/Src/stm32f1xx_hal_rcc.o
 .ARM.attributes
                0x000000000000033b       0x2d ./Drivers/STM32F1xx_HAL_Driver/Src/stm32f1xx_hal_spi.o
 .ARM.attributes
                0x0000000000000368       0x2d ./Drivers/STM32F1xx_HAL_Driver/Src/stm32f1xx_hal_uart.o
 .ARM.attributes
                0x0000000000000395       0x2d c:/st/stm32cubeide_1.11.2/stm32cubeide/plugins/com.st.stm32cube.ide.mcu.externaltools.gnu-tools-for-stm32.10.3-2021.10.win32_1.0.100.202210260954/tools/bin/../lib/gcc/arm-none-eabi/10.3.1/../../../../arm-none-eabi/lib/thumb/v7-m/nofp\libc_nano.a(lib_a-atoi.o)
 .ARM.attributes
                0x00000000000003c2       0x2d c:/st/stm32cubeide_1.11.2/stm32cubeide/plugins/com.st.stm32cube.ide.mcu.externaltools.gnu-tools-for-stm32.10.3-2021.10.win32_1.0.100.202210260954/tools/bin/../lib/gcc/arm-none-eabi/10.3.1/../../../../arm-none-eabi/lib/thumb/v7-m/nofp\libc_nano.a(lib_a-errno.o)
 .ARM.attributes
                0x00000000000003ef       0x2d c:/st/stm32cubeide_1.11.2/stm32cubeide/plugins/com.st.stm32cube.ide.mcu.externaltools.gnu-tools-for-stm32.10.3-2021.10.win32_1.0.100.202210260954/tools/bin/../lib/gcc/arm-none-eabi/10.3.1/../../../../arm-none-eabi/lib/thumb/v7-m/nofp\libc_nano.a(lib_a-impure.o)
 .ARM.attributes
                0x000000000000041c       0x2d c:/st/stm32cubeide_1.11.2/stm32cubeide/plugins/com.st.stm32cube.ide.mcu.externaltools.gnu-tools-for-stm32.10.3-2021.10.win32_1.0.100.202210260954/tools/bin/../lib/gcc/arm-none-eabi/10.3.1/../../../../arm-none-eabi/lib/thumb/v7-m/nofp\libc_nano.a(lib_a-init.o)
 .ARM.attributes
                0x0000000000000449       0x2d c:/st/stm32cubeide_1.11.2/stm32cubeide/plugins/com.st.stm32cube.ide.mcu.externaltools.gnu-tools-for-stm32.10.3-2021.10.win32_1.0.100.202210260954/tools/bin/../lib/gcc/arm-none-eabi/10.3.1/../../../../arm-none-eabi/lib/thumb/v7-m/nofp\libc_nano.a(lib_a-memcpy-stub.o)
 .ARM.attributes
                0x0000000000000476       0x2d c:/st/stm32cubeide_1.11.2/stm32cubeide/plugins/com.st.stm32cube.ide.mcu.externaltools.gnu-tools-for-stm32.10.3-2021.10.win32_1.0.100.202210260954/tools/bin/../lib/gcc/arm-none-eabi/10.3.1/../../../../arm-none-eabi/lib/thumb/v7-m/nofp\libc_nano.a(lib_a-memset.o)
 .ARM.attributes
                0x00000000000004a3       0x2d c:/st/stm32cubeide_1.11.2/stm32cubeide/plugins/com.st.stm32cube.ide.mcu.externaltools.gnu-tools-for-stm32.10.3-2021.10.win32_1.0.100.202210260954/tools/bin/../lib/gcc/arm-none-eabi/10.3.1/../../../../arm-none-eabi/lib/thumb/v7-m/nofp\libc_nano.a(lib_a-sprintf.o)
 .ARM.attributes
                0x00000000000004d0       0x17 c:/st/stm32cubeide_1.11.2/stm32cubeide/plugins/com.st.stm32cube.ide.mcu.externaltools.gnu-tools-for-stm32.10.3-2021.10.win32_1.0.100.202210260954/tools/bin/../lib/gcc/arm-none-eabi/10.3.1/../../../../arm-none-eabi/lib/thumb/v7-m/nofp\libc_nano.a(lib_a-strlen.o)
 .ARM.attributes
                0x00000000000004e7       0x2d c:/st/stm32cubeide_1.11.2/stm32cubeide/plugins/com.st.stm32cube.ide.mcu.externaltools.gnu-tools-for-stm32.10.3-2021.10.win32_1.0.100.202210260954/tools/bin/../lib/gcc/arm-none-eabi/10.3.1/../../../../arm-none-eabi/lib/thumb/v7-m/nofp\libc_nano.a(lib_a-strncpy.o)
 .ARM.attributes
                0x0000000000000514       0x2d c:/st/stm32cubeide_1.11.2/stm32cubeide/plugins/com.st.stm32cube.ide.mcu.externaltools.gnu-tools-for-stm32.10.3-2021.10.win32_1.0.100.202210260954/tools/bin/../lib/gcc/arm-none-eabi/10.3.1/../../../../arm-none-eabi/lib/thumb/v7-m/nofp\libc_nano.a(lib_a-strtol.o)
 .ARM.attributes
                0x0000000000000541       0x2d c:/st/stm32cubeide_1.11.2/stm32cubeide/plugins/com.st.stm32cube.ide.mcu.externaltools.gnu-tools-for-stm32.10.3-2021.10.win32_1.0.100.202210260954/tools/bin/../lib/gcc/arm-none-eabi/10.3.1/../../../../arm-none-eabi/lib/thumb/v7-m/nofp\libc_nano.a(lib_a-ctype_.o)
 .ARM.attributes
                0x000000000000056e       0x2d c:/st/stm32cubeide_1.11.2/stm32cubeide/plugins/com.st.stm32cube.ide.mcu.externaltools.gnu-tools-for-stm32.10.3-2021.10.win32_1.0.100.202210260954/tools/bin/../lib/gcc/arm-none-eabi/10.3.1/../../../../arm-none-eabi/lib/thumb/v7-m/nofp\libc_nano.a(lib_a-nano-svfprintf.o)
 .ARM.attributes
                0x000000000000059b       0x2d c:/st/stm32cubeide_1.11.2/stm32cubeide/plugins/com.st.stm32cube.ide.mcu.externaltools.gnu-tools-for-stm32.10.3-2021.10.win32_1.0.100.202210260954/tools/bin/../lib/gcc/arm-none-eabi/10.3.1/../../../../arm-none-eabi/lib/thumb/v7-m/nofp\libc_nano.a(lib_a-nano-vfprintf_i.o)
 .ARM.attributes
                0x00000000000005c8       0x2d c:/st/stm32cubeide_1.11.2/stm32cubeide/plugins/com.st.stm32cube.ide.mcu.externaltools.gnu-tools-for-stm32.10.3-2021.10.win32_1.0.100.202210260954/tools/bin/../lib/gcc/arm-none-eabi/10.3.1/../../../../arm-none-eabi/lib/thumb/v7-m/nofp\libc_nano.a(lib_a-memchr-stub.o)
 .ARM.attributes
                0x00000000000005f5       0x2d c:/st/stm32cubeide_1.11.2/stm32cubeide/plugins/com.st.stm32cube.ide.mcu.externaltools.gnu-tools-for-stm32.10.3-2021.10.win32_1.0.100.202210260954/tools/bin/../lib/gcc/arm-none-eabi/10.3.1/../../../../arm-none-eabi/lib/thumb/v7-m/nofp\libc_nano.a(lib_a-memmove.o)
 .ARM.attributes
                0x0000000000000622       0x2d c:/st/stm32cubeide_1.11.2/stm32cubeide/plugins/com.st.stm32cube.ide.mcu.externaltools.gnu-tools-for-stm32.10.3-2021.10.win32_1.0.100.202210260954/tools/bin/../lib/gcc/arm-none-eabi/10.3.1/../../../../arm-none-eabi/lib/thumb/v7-m/nofp\libc_nano.a(lib_a-nano-freer.o)
 .ARM.attributes
                0x000000000000064f       0x2d c:/st/stm32cubeide_1.11.2/stm32cubeide/plugins/com.st.stm32cube.ide.mcu.externaltools.gnu-tools-for-stm32.10.3-2021.10.win32_1.0.100.202210260954/tools/bin/../lib/gcc/arm-none-eabi/10.3.1/../../../../arm-none-eabi/lib/thumb/v7-m/nofp\libc_nano.a(lib_a-nano-mallocr.o)
 .ARM.attributes
                0x000000000000067c       0x2d c:/st/stm32cubeide_1.11.2/stm32cubeide/plugins/com.st.stm32cube.ide.mcu.externaltools.gnu-tools-for-stm32.10.3-2021.10.win32_1.0.100.202210260954/tools/bin/../lib/gcc/arm-none-eabi/10.3.1/../../../../arm-none-eabi/lib/thumb/v7-m/nofp\libc_nano.a(lib_a-nano-reallocr.o)
 .ARM.attributes
                0x00000000000006a9       0x2d c:/st/stm32cubeide_1.11.2/stm32cubeide/plugins/com.st.stm32cube.ide.mcu.externaltools.gnu-tools-for-stm32.10.3-2021.10.win32_1.0.100.202210260954/tools/bin/../lib/gcc/arm-none-eabi/10.3.1/../../../../arm-none-eabi/lib/thumb/v7-m/nofp\libc_nano.a(lib_a-sbrkr.o)
 .ARM.attributes
                0x00000000000006d6       0x2d c:/st/stm32cubeide_1.11.2/stm32cubeide/plugins/com.st.stm32cube.ide.mcu.externaltools.gnu-tools-for-stm32.10.3-2021.10.win32_1.0.100.202210260954/tools/bin/../lib/gcc/arm-none-eabi/10.3.1/../../../../arm-none-eabi/lib/thumb/v7-m/nofp\libc_nano.a(lib_a-mlock.o)
 .ARM.attributes
                0x0000000000000703       0x2d c:/st/stm32cubeide_1.11.2/stm32cubeide/plugins/com.st.stm32cube.ide.mcu.externaltools.gnu-tools-for-stm32.10.3-2021.10.win32_1.0.100.202210260954/tools/bin/../lib/gcc/arm-none-eabi/10.3.1/../../../../arm-none-eabi/lib/thumb/v7-m/nofp\libc_nano.a(lib_a-nano-msizer.o)
 .ARM.attributes
                0x0000000000000730       0x2d c:/st/stm32cubeide_1.11.2/stm32cubeide/plugins/com.st.stm32cube.ide.mcu.externaltools.gnu-tools-for-stm32.10.3-2021.10.win32_1.0.100.202210260954/tools/bin/../lib/gcc/arm-none-eabi/10.3.1/../../../../arm-none-eabi/lib/thumb/v7-m/nofp\libc_nano.a(lib_a-reent.o)
 .ARM.attributes
                0x000000000000075d       0x2d c:/st/stm32cubeide_1.11.2/stm32cubeide/plugins/com.st.stm32cube.ide.mcu.externaltools.gnu-tools-for-stm32.10.3-2021.10.win32_1.0.100.202210260954/tools/bin/../lib/gcc/arm-none-eabi/10.3.1/../../../../arm-none-eabi/lib/thumb/v7-m/nofp\libc_nano.a(lib_a-lock.o)
 .ARM.attributes
                0x000000000000078a       0x1d c:/st/stm32cubeide_1.11.2/stm32cubeide/plugins/com.st.stm32cube.ide.mcu.externaltools.gnu-tools-for-stm32.10.3-2021.10.win32_1.0.100.202210260954/tools/bin/../lib/gcc/arm-none-eabi/10.3.1/thumb/v7-m/nofp/crtn.o
OUTPUT(lifOSMQTT_UPDATE.elf elf32-littlearm)
LOAD linker stubs
LOAD c:/st/stm32cubeide_1.11.2/stm32cubeide/plugins/com.st.stm32cube.ide.mcu.externaltools.gnu-tools-for-stm32.10.3-2021.10.win32_1.0.100.202210260954/tools/bin/../lib/gcc/arm-none-eabi/10.3.1/../../../../arm-none-eabi/lib/thumb/v7-m/nofp\libc.a
LOAD c:/st/stm32cubeide_1.11.2/stm32cubeide/plugins/com.st.stm32cube.ide.mcu.externaltools.gnu-tools-for-stm32.10.3-2021.10.win32_1.0.100.202210260954/tools/bin/../lib/gcc/arm-none-eabi/10.3.1/../../../../arm-none-eabi/lib/thumb/v7-m/nofp\libm.a
LOAD c:/st/stm32cubeide_1.11.2/stm32cubeide/plugins/com.st.stm32cube.ide.mcu.externaltools.gnu-tools-for-stm32.10.3-2021.10.win32_1.0.100.202210260954/tools/bin/../lib/gcc/arm-none-eabi/10.3.1/thumb/v7-m/nofp\libgcc.a

.debug_info     0x0000000000000000     0xdd2a
 .debug_info    0x0000000000000000      0x45b ./Core/Src/geotextLib.o
 .debug_info    0x000000000000045b      0xcce ./Core/Src/liquidcrystal_i2c.o
 .debug_info    0x0000000000001129     0x1656 ./Core/Src/main.o
 .debug_info    0x000000000000277f      0xc4a ./Core/Src/quectelCommands.o
 .debug_info    0x00000000000033c9     0x1020 ./Core/Src/rc522.o
 .debug_info    0x00000000000043e9     0x105a ./Core/Src/stm32f1xx_hal_msp.o
 .debug_info    0x0000000000005443      0x80d ./Core/Src/stm32f1xx_it.o
 .debug_info    0x0000000000005c50      0x19e ./Core/Src/switchSounds.o
 .debug_info    0x0000000000005dee      0x171 ./Core/Src/sysmem.o
 .debug_info    0x0000000000005f5f      0x23d ./Core/Src/system_stm32f1xx.o
 .debug_info    0x000000000000619c       0x22 ./Core/Startup/startup_stm32f103cbtx.o
 .debug_info    0x00000000000061be      0x734 ./Drivers/STM32F1xx_HAL_Driver/Src/stm32f1xx_hal.o
 .debug_info    0x00000000000068f2      0xb20 ./Drivers/STM32F1xx_HAL_Driver/Src/stm32f1xx_hal_cortex.o
 .debug_info    0x0000000000007412      0x73f ./Drivers/STM32F1xx_HAL_Driver/Src/stm32f1xx_hal_dma.o
 .debug_info    0x0000000000007b51      0x615 ./Drivers/STM32F1xx_HAL_Driver/Src/stm32f1xx_hal_gpio.o
 .debug_info    0x0000000000008166     0x2734 ./Drivers/STM32F1xx_HAL_Driver/Src/stm32f1xx_hal_i2c.o
 .debug_info    0x000000000000a89a      0x860 ./Drivers/STM32F1xx_HAL_Driver/Src/stm32f1xx_hal_rcc.o
 .debug_info    0x000000000000b0fa     0x1658 ./Drivers/STM32F1xx_HAL_Driver/Src/stm32f1xx_hal_spi.o
 .debug_info    0x000000000000c752     0x15d8 ./Drivers/STM32F1xx_HAL_Driver/Src/stm32f1xx_hal_uart.o

.debug_abbrev   0x0000000000000000     0x268d
 .debug_abbrev  0x0000000000000000      0x13b ./Core/Src/geotextLib.o
 .debug_abbrev  0x000000000000013b      0x2d2 ./Core/Src/liquidcrystal_i2c.o
 .debug_abbrev  0x000000000000040d      0x347 ./Core/Src/main.o
 .debug_abbrev  0x0000000000000754      0x2eb ./Core/Src/quectelCommands.o
 .debug_abbrev  0x0000000000000a3f      0x313 ./Core/Src/rc522.o
 .debug_abbrev  0x0000000000000d52      0x1f0 ./Core/Src/stm32f1xx_hal_msp.o
 .debug_abbrev  0x0000000000000f42      0x1b7 ./Core/Src/stm32f1xx_it.o
 .debug_abbrev  0x00000000000010f9       0xd5 ./Core/Src/switchSounds.o
 .debug_abbrev  0x00000000000011ce       0xbb ./Core/Src/sysmem.o
 .debug_abbrev  0x0000000000001289      0x13b ./Core/Src/system_stm32f1xx.o
 .debug_abbrev  0x00000000000013c4       0x12 ./Core/Startup/startup_stm32f103cbtx.o
 .debug_abbrev  0x00000000000013d6      0x1fb ./Drivers/STM32F1xx_HAL_Driver/Src/stm32f1xx_hal.o
 .debug_abbrev  0x00000000000015d1      0x2ed ./Drivers/STM32F1xx_HAL_Driver/Src/stm32f1xx_hal_cortex.o
 .debug_abbrev  0x00000000000018be      0x1fe ./Drivers/STM32F1xx_HAL_Driver/Src/stm32f1xx_hal_dma.o
 .debug_abbrev  0x0000000000001abc      0x1bb ./Drivers/STM32F1xx_HAL_Driver/Src/stm32f1xx_hal_gpio.o
 .debug_abbrev  0x0000000000001c77      0x288 ./Drivers/STM32F1xx_HAL_Driver/Src/stm32f1xx_hal_i2c.o
 .debug_abbrev  0x0000000000001eff      0x2a8 ./Drivers/STM32F1xx_HAL_Driver/Src/stm32f1xx_hal_rcc.o
 .debug_abbrev  0x00000000000021a7      0x26e ./Drivers/STM32F1xx_HAL_Driver/Src/stm32f1xx_hal_spi.o
 .debug_abbrev  0x0000000000002415      0x278 ./Drivers/STM32F1xx_HAL_Driver/Src/stm32f1xx_hal_uart.o

.debug_aranges  0x0000000000000000      0xe78
 .debug_aranges
                0x0000000000000000       0x60 ./Core/Src/geotextLib.o
 .debug_aranges
                0x0000000000000060      0x120 ./Core/Src/liquidcrystal_i2c.o
 .debug_aranges
                0x0000000000000180       0x78 ./Core/Src/main.o
 .debug_aranges
                0x00000000000001f8       0x80 ./Core/Src/quectelCommands.o
 .debug_aranges
                0x0000000000000278       0xe0 ./Core/Src/rc522.o
 .debug_aranges
                0x0000000000000358       0x50 ./Core/Src/stm32f1xx_hal_msp.o
 .debug_aranges
                0x00000000000003a8       0x70 ./Core/Src/stm32f1xx_it.o
 .debug_aranges
                0x0000000000000418       0x38 ./Core/Src/switchSounds.o
 .debug_aranges
                0x0000000000000450       0x20 ./Core/Src/sysmem.o
 .debug_aranges
                0x0000000000000470       0x28 ./Core/Src/system_stm32f1xx.o
 .debug_aranges
                0x0000000000000498       0x28 ./Core/Startup/startup_stm32f103cbtx.o
 .debug_aranges
                0x00000000000004c0       0xe0 ./Drivers/STM32F1xx_HAL_Driver/Src/stm32f1xx_hal.o
 .debug_aranges
                0x00000000000005a0      0x100 ./Drivers/STM32F1xx_HAL_Driver/Src/stm32f1xx_hal_cortex.o
 .debug_aranges
                0x00000000000006a0       0x80 ./Drivers/STM32F1xx_HAL_Driver/Src/stm32f1xx_hal_dma.o
 .debug_aranges
                0x0000000000000720       0x58 ./Drivers/STM32F1xx_HAL_Driver/Src/stm32f1xx_hal_gpio.o
 .debug_aranges
                0x0000000000000778      0x2a0 ./Drivers/STM32F1xx_HAL_Driver/Src/stm32f1xx_hal_i2c.o
 .debug_aranges
                0x0000000000000a18       0x90 ./Drivers/STM32F1xx_HAL_Driver/Src/stm32f1xx_hal_rcc.o
 .debug_aranges
                0x0000000000000aa8      0x1d0 ./Drivers/STM32F1xx_HAL_Driver/Src/stm32f1xx_hal_spi.o
 .debug_aranges
                0x0000000000000c78      0x200 ./Drivers/STM32F1xx_HAL_Driver/Src/stm32f1xx_hal_uart.o

.debug_ranges   0x0000000000000000      0xda8
 .debug_ranges  0x0000000000000000       0x50 ./Core/Src/geotextLib.o
 .debug_ranges  0x0000000000000050      0x110 ./Core/Src/liquidcrystal_i2c.o
 .debug_ranges  0x0000000000000160       0x68 ./Core/Src/main.o
 .debug_ranges  0x00000000000001c8       0x70 ./Core/Src/quectelCommands.o
 .debug_ranges  0x0000000000000238       0xd0 ./Core/Src/rc522.o
 .debug_ranges  0x0000000000000308       0x40 ./Core/Src/stm32f1xx_hal_msp.o
 .debug_ranges  0x0000000000000348       0x60 ./Core/Src/stm32f1xx_it.o
 .debug_ranges  0x00000000000003a8       0x28 ./Core/Src/switchSounds.o
 .debug_ranges  0x00000000000003d0       0x10 ./Core/Src/sysmem.o
 .debug_ranges  0x00000000000003e0       0x18 ./Core/Src/system_stm32f1xx.o
 .debug_ranges  0x00000000000003f8       0x20 ./Core/Startup/startup_stm32f103cbtx.o
 .debug_ranges  0x0000000000000418       0xd0 ./Drivers/STM32F1xx_HAL_Driver/Src/stm32f1xx_hal.o
 .debug_ranges  0x00000000000004e8       0xf0 ./Drivers/STM32F1xx_HAL_Driver/Src/stm32f1xx_hal_cortex.o
 .debug_ranges  0x00000000000005d8       0x70 ./Drivers/STM32F1xx_HAL_Driver/Src/stm32f1xx_hal_dma.o
 .debug_ranges  0x0000000000000648       0x48 ./Drivers/STM32F1xx_HAL_Driver/Src/stm32f1xx_hal_gpio.o
 .debug_ranges  0x0000000000000690      0x2b8 ./Drivers/STM32F1xx_HAL_Driver/Src/stm32f1xx_hal_i2c.o
 .debug_ranges  0x0000000000000948       0x80 ./Drivers/STM32F1xx_HAL_Driver/Src/stm32f1xx_hal_rcc.o
 .debug_ranges  0x00000000000009c8      0x1c0 ./Drivers/STM32F1xx_HAL_Driver/Src/stm32f1xx_hal_spi.o
 .debug_ranges  0x0000000000000b88      0x220 ./Drivers/STM32F1xx_HAL_Driver/Src/stm32f1xx_hal_uart.o

.debug_macro    0x0000000000000000    0x18a11
 .debug_macro   0x0000000000000000      0x387 ./Core/Src/geotextLib.o
 .debug_macro   0x0000000000000387      0xa6c ./Core/Src/geotextLib.o
 .debug_macro   0x0000000000000df3      0x221 ./Core/Src/geotextLib.o
 .debug_macro   0x0000000000001014       0x2e ./Core/Src/geotextLib.o
 .debug_macro   0x0000000000001042       0x22 ./Core/Src/geotextLib.o
 .debug_macro   0x0000000000001064       0x22 ./Core/Src/geotextLib.o
 .debug_macro   0x0000000000001086       0x8e ./Core/Src/geotextLib.o
 .debug_macro   0x0000000000001114       0x51 ./Core/Src/geotextLib.o
 .debug_macro   0x0000000000001165      0x103 ./Core/Src/geotextLib.o
 .debug_macro   0x0000000000001268       0x6a ./Core/Src/geotextLib.o
 .debug_macro   0x00000000000012d2      0x1df ./Core/Src/geotextLib.o
 .debug_macro   0x00000000000014b1       0x1c ./Core/Src/geotextLib.o
 .debug_macro   0x00000000000014cd       0x22 ./Core/Src/geotextLib.o
 .debug_macro   0x00000000000014ef       0xbd ./Core/Src/geotextLib.o
 .debug_macro   0x00000000000015ac      0xd23 ./Core/Src/geotextLib.o
 .debug_macro   0x00000000000022cf     0xe09e ./Core/Src/geotextLib.o
 .debug_macro   0x000000000001036d       0x6d ./Core/Src/geotextLib.o
 .debug_macro   0x00000000000103da     0x3468 ./Core/Src/geotextLib.o
 .debug_macro   0x0000000000013842      0x174 ./Core/Src/geotextLib.o
 .debug_macro   0x00000000000139b6       0x5c ./Core/Src/geotextLib.o
 .debug_macro   0x0000000000013a12      0x5be ./Core/Src/geotextLib.o
 .debug_macro   0x0000000000013fd0      0x289 ./Core/Src/geotextLib.o
 .debug_macro   0x0000000000014259      0x1cb ./Core/Src/geotextLib.o
 .debug_macro   0x0000000000014424      0x114 ./Core/Src/geotextLib.o
 .debug_macro   0x0000000000014538      0x1b2 ./Core/Src/geotextLib.o
 .debug_macro   0x00000000000146ea       0x27 ./Core/Src/geotextLib.o
 .debug_macro   0x0000000000014711      0x136 ./Core/Src/geotextLib.o
 .debug_macro   0x0000000000014847      0x1bc ./Core/Src/geotextLib.o
 .debug_macro   0x0000000000014a03       0x34 ./Core/Src/geotextLib.o
 .debug_macro   0x0000000000014a37       0x3c ./Core/Src/geotextLib.o
 .debug_macro   0x0000000000014a73       0x57 ./Core/Src/geotextLib.o
 .debug_macro   0x0000000000014aca       0x88 ./Core/Src/geotextLib.o
 .debug_macro   0x0000000000014b52      0x241 ./Core/Src/geotextLib.o
 .debug_macro   0x0000000000014d93      0x287 ./Core/Src/geotextLib.o
 .debug_macro   0x000000000001501a      0x141 ./Core/Src/geotextLib.o
 .debug_macro   0x000000000001515b      0x217 ./Core/Src/geotextLib.o
 .debug_macro   0x0000000000015372      0x279 ./Core/Src/geotextLib.o
 .debug_macro   0x00000000000155eb       0x83 ./Core/Src/geotextLib.o
 .debug_macro   0x000000000001566e       0x1c ./Core/Src/geotextLib.o
 .debug_macro   0x000000000001568a       0xd6 ./Core/Src/geotextLib.o
 .debug_macro   0x0000000000015760       0x52 ./Core/Src/geotextLib.o
 .debug_macro   0x00000000000157b2       0x18 ./Core/Src/geotextLib.o
 .debug_macro   0x00000000000157ca       0x3c ./Core/Src/geotextLib.o
 .debug_macro   0x0000000000015806       0x34 ./Core/Src/geotextLib.o
 .debug_macro   0x000000000001583a       0x16 ./Core/Src/geotextLib.o
 .debug_macro   0x0000000000015850       0x35 ./Core/Src/geotextLib.o
 .debug_macro   0x0000000000015885      0x341 ./Core/Src/geotextLib.o
 .debug_macro   0x0000000000015bc6       0x10 ./Core/Src/geotextLib.o
 .debug_macro   0x0000000000015bd6       0x16 ./Core/Src/geotextLib.o
 .debug_macro   0x0000000000015bec       0x43 ./Core/Src/geotextLib.o
 .debug_macro   0x0000000000015c2f       0x34 ./Core/Src/geotextLib.o
 .debug_macro   0x0000000000015c63       0x10 ./Core/Src/geotextLib.o
 .debug_macro   0x0000000000015c73       0x58 ./Core/Src/geotextLib.o
 .debug_macro   0x0000000000015ccb       0x71 ./Core/Src/geotextLib.o
 .debug_macro   0x0000000000015d3c       0x1c ./Core/Src/geotextLib.o
 .debug_macro   0x0000000000015d58      0x12a ./Core/Src/geotextLib.o
 .debug_macro   0x0000000000015e82       0x10 ./Core/Src/geotextLib.o
 .debug_macro   0x0000000000015e92       0x1c ./Core/Src/geotextLib.o
 .debug_macro   0x0000000000015eae       0x52 ./Core/Src/geotextLib.o
 .debug_macro   0x0000000000015f00       0x22 ./Core/Src/geotextLib.o
 .debug_macro   0x0000000000015f22       0x10 ./Core/Src/geotextLib.o
 .debug_macro   0x0000000000015f32       0x52 ./Core/Src/geotextLib.o
 .debug_macro   0x0000000000015f84       0xd5 ./Core/Src/geotextLib.o
 .debug_macro   0x0000000000016059       0x1c ./Core/Src/geotextLib.o
 .debug_macro   0x0000000000016075       0x3d ./Core/Src/geotextLib.o
 .debug_macro   0x00000000000160b2       0x16 ./Core/Src/geotextLib.o
 .debug_macro   0x00000000000160c8      0x145 ./Core/Src/geotextLib.o
 .debug_macro   0x000000000001620d       0x16 ./Core/Src/geotextLib.o
 .debug_macro   0x0000000000016223       0x20 ./Core/Src/geotextLib.o
 .debug_macro   0x0000000000016243       0x16 ./Core/Src/geotextLib.o
 .debug_macro   0x0000000000016259       0x16 ./Core/Src/geotextLib.o
 .debug_macro   0x000000000001626f       0x29 ./Core/Src/geotextLib.o
 .debug_macro   0x0000000000016298      0x1b1 ./Core/Src/liquidcrystal_i2c.o
 .debug_macro   0x0000000000016449       0xd0 ./Core/Src/liquidcrystal_i2c.o
 .debug_macro   0x0000000000016519      0x3a4 ./Core/Src/main.o
 .debug_macro   0x00000000000168bd      0x256 ./Core/Src/main.o
 .debug_macro   0x0000000000016b13      0x378 ./Core/Src/quectelCommands.o
 .debug_macro   0x0000000000016e8b       0x22 ./Core/Src/quectelCommands.o
 .debug_macro   0x0000000000016ead      0x33a ./Core/Src/rc522.o
 .debug_macro   0x00000000000171e7       0x10 ./Core/Src/rc522.o
 .debug_macro   0x00000000000171f7       0x1c ./Core/Src/rc522.o
 .debug_macro   0x0000000000017213      0x1b1 ./Core/Src/stm32f1xx_hal_msp.o
 .debug_macro   0x00000000000173c4      0x1bb ./Core/Src/stm32f1xx_it.o
 .debug_macro   0x000000000001757f      0x1b5 ./Core/Src/switchSounds.o
 .debug_macro   0x0000000000017734       0xff ./Core/Src/sysmem.o
 .debug_macro   0x0000000000017833      0x23b ./Core/Src/sysmem.o
 .debug_macro   0x0000000000017a6e      0x1a2 ./Core/Src/system_stm32f1xx.o
 .debug_macro   0x0000000000017c10      0x1c6 ./Drivers/STM32F1xx_HAL_Driver/Src/stm32f1xx_hal.o
 .debug_macro   0x0000000000017dd6      0x1a2 ./Drivers/STM32F1xx_HAL_Driver/Src/stm32f1xx_hal_cortex.o
 .debug_macro   0x0000000000017f78      0x1a2 ./Drivers/STM32F1xx_HAL_Driver/Src/stm32f1xx_hal_dma.o
 .debug_macro   0x000000000001811a      0x20d ./Drivers/STM32F1xx_HAL_Driver/Src/stm32f1xx_hal_gpio.o
 .debug_macro   0x0000000000018327      0x1e9 ./Drivers/STM32F1xx_HAL_Driver/Src/stm32f1xx_hal_i2c.o
 .debug_macro   0x0000000000018510      0x1b4 ./Drivers/STM32F1xx_HAL_Driver/Src/stm32f1xx_hal_rcc.o
 .debug_macro   0x00000000000186c4      0x1aa ./Drivers/STM32F1xx_HAL_Driver/Src/stm32f1xx_hal_spi.o
 .debug_macro   0x000000000001886e      0x1a3 ./Drivers/STM32F1xx_HAL_Driver/Src/stm32f1xx_hal_uart.o

.debug_line     0x0000000000000000    0x10c1f
 .debug_line    0x0000000000000000      0xa7b ./Core/Src/geotextLib.o
 .debug_line    0x0000000000000a7b      0xa99 ./Core/Src/liquidcrystal_i2c.o
 .debug_line    0x0000000000001514      0xd64 ./Core/Src/main.o
 .debug_line    0x0000000000002278      0xc46 ./Core/Src/quectelCommands.o
 .debug_line    0x0000000000002ebe     0x128b ./Core/Src/rc522.o
 .debug_line    0x0000000000004149      0x7a2 ./Core/Src/stm32f1xx_hal_msp.o
 .debug_line    0x00000000000048eb      0x7a9 ./Core/Src/stm32f1xx_it.o
 .debug_line    0x0000000000005094      0x6dc ./Core/Src/switchSounds.o
 .debug_line    0x0000000000005770      0x4f4 ./Core/Src/sysmem.o
 .debug_line    0x0000000000005c64      0x6f5 ./Core/Src/system_stm32f1xx.o
 .debug_line    0x0000000000006359       0x87 ./Core/Startup/startup_stm32f103cbtx.o
 .debug_line    0x00000000000063e0      0x922 ./Drivers/STM32F1xx_HAL_Driver/Src/stm32f1xx_hal.o
 .debug_line    0x0000000000006d02      0xb0a ./Drivers/STM32F1xx_HAL_Driver/Src/stm32f1xx_hal_cortex.o
 .debug_line    0x000000000000780c      0xd7a ./Drivers/STM32F1xx_HAL_Driver/Src/stm32f1xx_hal_dma.o
 .debug_line    0x0000000000008586      0x9b9 ./Drivers/STM32F1xx_HAL_Driver/Src/stm32f1xx_hal_gpio.o
 .debug_line    0x0000000000008f3f     0x3a0c ./Drivers/STM32F1xx_HAL_Driver/Src/stm32f1xx_hal_i2c.o
 .debug_line    0x000000000000c94b      0xd30 ./Drivers/STM32F1xx_HAL_Driver/Src/stm32f1xx_hal_rcc.o
 .debug_line    0x000000000000d67b     0x1ba7 ./Drivers/STM32F1xx_HAL_Driver/Src/stm32f1xx_hal_spi.o
 .debug_line    0x000000000000f222     0x19fd ./Drivers/STM32F1xx_HAL_Driver/Src/stm32f1xx_hal_uart.o

.debug_str      0x0000000000000000    0x87d71
 .debug_str     0x0000000000000000    0x832bf ./Core/Src/geotextLib.o
                                      0x835ff (size before relaxing)
 .debug_str     0x00000000000832bf      0x79c ./Core/Src/liquidcrystal_i2c.o
                                      0x7fe45 (size before relaxing)
 .debug_str     0x0000000000083a5b     0x11cd ./Core/Src/main.o
                                      0x84c26 (size before relaxing)
 .debug_str     0x0000000000084c28      0x191 ./Core/Src/quectelCommands.o
                                      0x838ae (size before relaxing)
 .debug_str     0x0000000000084db9      0x30a ./Core/Src/rc522.o
                                      0x841cf (size before relaxing)
 .debug_str     0x00000000000850c3      0x37c ./Core/Src/stm32f1xx_hal_msp.o
                                      0x7ff9c (size before relaxing)
 .debug_str     0x000000000008543f      0x149 ./Core/Src/stm32f1xx_it.o
                                      0x7f880 (size before relaxing)
 .debug_str     0x0000000000085588       0x2e ./Core/Src/switchSounds.o
                                      0x7f3eb (size before relaxing)
 .debug_str     0x00000000000855b6      0x4da ./Core/Src/sysmem.o
                                       0x5d5f (size before relaxing)
 .debug_str     0x0000000000085a90       0x6e ./Core/Src/system_stm32f1xx.o
                                      0x7f3b4 (size before relaxing)
 .debug_str     0x0000000000085afe       0x36 ./Core/Startup/startup_stm32f103cbtx.o
                                         0x79 (size before relaxing)
 .debug_str     0x0000000000085b34      0x369 ./Drivers/STM32F1xx_HAL_Driver/Src/stm32f1xx_hal.o
                                      0x7fae7 (size before relaxing)
 .debug_str     0x0000000000085e9d      0x21b ./Drivers/STM32F1xx_HAL_Driver/Src/stm32f1xx_hal_cortex.o
                                      0x7fa33 (size before relaxing)
 .debug_str     0x00000000000860b8      0x235 ./Drivers/STM32F1xx_HAL_Driver/Src/stm32f1xx_hal_dma.o
                                      0x7f75d (size before relaxing)
 .debug_str     0x00000000000862ed      0x2ce ./Drivers/STM32F1xx_HAL_Driver/Src/stm32f1xx_hal_gpio.o
                                      0x7f73a (size before relaxing)
 .debug_str     0x00000000000865bb      0xb31 ./Drivers/STM32F1xx_HAL_Driver/Src/stm32f1xx_hal_i2c.o
                                      0x80428 (size before relaxing)
 .debug_str     0x00000000000870ec      0x209 ./Drivers/STM32F1xx_HAL_Driver/Src/stm32f1xx_hal_rcc.o
                                      0x7f7e3 (size before relaxing)
 .debug_str     0x00000000000872f5      0x509 ./Drivers/STM32F1xx_HAL_Driver/Src/stm32f1xx_hal_spi.o
                                      0x7fce0 (size before relaxing)
 .debug_str     0x00000000000877fe      0x573 ./Drivers/STM32F1xx_HAL_Driver/Src/stm32f1xx_hal_uart.o
                                      0x7fdee (size before relaxing)

.comment        0x0000000000000000       0x50
 .comment       0x0000000000000000       0x50 ./Core/Src/geotextLib.o
                                         0x51 (size before relaxing)
 .comment       0x0000000000000050       0x51 ./Core/Src/liquidcrystal_i2c.o
 .comment       0x0000000000000050       0x51 ./Core/Src/main.o
 .comment       0x0000000000000050       0x51 ./Core/Src/quectelCommands.o
 .comment       0x0000000000000050       0x51 ./Core/Src/rc522.o
 .comment       0x0000000000000050       0x51 ./Core/Src/stm32f1xx_hal_msp.o
 .comment       0x0000000000000050       0x51 ./Core/Src/stm32f1xx_it.o
 .comment       0x0000000000000050       0x51 ./Core/Src/switchSounds.o
 .comment       0x0000000000000050       0x51 ./Core/Src/sysmem.o
 .comment       0x0000000000000050       0x51 ./Core/Src/system_stm32f1xx.o
 .comment       0x0000000000000050       0x51 ./Drivers/STM32F1xx_HAL_Driver/Src/stm32f1xx_hal.o
 .comment       0x0000000000000050       0x51 ./Drivers/STM32F1xx_HAL_Driver/Src/stm32f1xx_hal_cortex.o
 .comment       0x0000000000000050       0x51 ./Drivers/STM32F1xx_HAL_Driver/Src/stm32f1xx_hal_dma.o
 .comment       0x0000000000000050       0x51 ./Drivers/STM32F1xx_HAL_Driver/Src/stm32f1xx_hal_gpio.o
 .comment       0x0000000000000050       0x51 ./Drivers/STM32F1xx_HAL_Driver/Src/stm32f1xx_hal_i2c.o
 .comment       0x0000000000000050       0x51 ./Drivers/STM32F1xx_HAL_Driver/Src/stm32f1xx_hal_rcc.o
 .comment       0x0000000000000050       0x51 ./Drivers/STM32F1xx_HAL_Driver/Src/stm32f1xx_hal_spi.o
 .comment       0x0000000000000050       0x51 ./Drivers/STM32F1xx_HAL_Driver/Src/stm32f1xx_hal_uart.o

.debug_frame    0x0000000000000000     0x3f8c
 .debug_frame   0x0000000000000000      0x154 ./Core/Src/geotextLib.o
 .debug_frame   0x0000000000000154      0x428 ./Core/Src/liquidcrystal_i2c.o
 .debug_frame   0x000000000000057c      0x188 ./Core/Src/main.o
 .debug_frame   0x0000000000000704      0x1e4 ./Core/Src/quectelCommands.o
 .debug_frame   0x00000000000008e8      0x3a8 ./Core/Src/rc522.o
 .debug_frame   0x0000000000000c90      0x110 ./Core/Src/stm32f1xx_hal_msp.o
 .debug_frame   0x0000000000000da0      0x13c ./Core/Src/stm32f1xx_it.o
 .debug_frame   0x0000000000000edc       0x80 ./Core/Src/switchSounds.o
 .debug_frame   0x0000000000000f5c       0x34 ./Core/Src/sysmem.o
 .debug_frame   0x0000000000000f90       0x58 ./Core/Src/system_stm32f1xx.o
 .debug_frame   0x0000000000000fe8      0x334 ./Drivers/STM32F1xx_HAL_Driver/Src/stm32f1xx_hal.o
 .debug_frame   0x000000000000131c      0x428 ./Drivers/STM32F1xx_HAL_Driver/Src/stm32f1xx_hal_cortex.o
 .debug_frame   0x0000000000001744      0x208 ./Drivers/STM32F1xx_HAL_Driver/Src/stm32f1xx_hal_dma.o
 .debug_frame   0x000000000000194c      0x14c ./Drivers/STM32F1xx_HAL_Driver/Src/stm32f1xx_hal_gpio.o
 .debug_frame   0x0000000000001a98      0xc5c ./Drivers/STM32F1xx_HAL_Driver/Src/stm32f1xx_hal_i2c.o
 .debug_frame   0x00000000000026f4      0x21c ./Drivers/STM32F1xx_HAL_Driver/Src/stm32f1xx_hal_rcc.o
 .debug_frame   0x0000000000002910      0x824 ./Drivers/STM32F1xx_HAL_Driver/Src/stm32f1xx_hal_spi.o
 .debug_frame   0x0000000000003134      0x914 ./Drivers/STM32F1xx_HAL_Driver/Src/stm32f1xx_hal_uart.o
 .debug_frame   0x0000000000003a48       0x30 c:/st/stm32cubeide_1.11.2/stm32cubeide/plugins/com.st.stm32cube.ide.mcu.externaltools.gnu-tools-for-stm32.10.3-2021.10.win32_1.0.100.202210260954/tools/bin/../lib/gcc/arm-none-eabi/10.3.1/../../../../arm-none-eabi/lib/thumb/v7-m/nofp\libc_nano.a(lib_a-atoi.o)
 .debug_frame   0x0000000000003a78       0x20 c:/st/stm32cubeide_1.11.2/stm32cubeide/plugins/com.st.stm32cube.ide.mcu.externaltools.gnu-tools-for-stm32.10.3-2021.10.win32_1.0.100.202210260954/tools/bin/../lib/gcc/arm-none-eabi/10.3.1/../../../../arm-none-eabi/lib/thumb/v7-m/nofp\libc_nano.a(lib_a-errno.o)
 .debug_frame   0x0000000000003a98       0x2c c:/st/stm32cubeide_1.11.2/stm32cubeide/plugins/com.st.stm32cube.ide.mcu.externaltools.gnu-tools-for-stm32.10.3-2021.10.win32_1.0.100.202210260954/tools/bin/../lib/gcc/arm-none-eabi/10.3.1/../../../../arm-none-eabi/lib/thumb/v7-m/nofp\libc_nano.a(lib_a-init.o)
 .debug_frame   0x0000000000003ac4       0x28 c:/st/stm32cubeide_1.11.2/stm32cubeide/plugins/com.st.stm32cube.ide.mcu.externaltools.gnu-tools-for-stm32.10.3-2021.10.win32_1.0.100.202210260954/tools/bin/../lib/gcc/arm-none-eabi/10.3.1/../../../../arm-none-eabi/lib/thumb/v7-m/nofp\libc_nano.a(lib_a-memcpy-stub.o)