../Core/Src/main.c:88:6:HAL_UART_RxCpltCallback	16	static
../Core/Src/main.c:138:5:takeStatus	32	static
../Core/Src/main.c:157:6:takeData	40	static
../Core/Src/main.c:185:6:insert	40	static
../Core/Src/main.c:206:5:main	88	static,ignoring_inline_asm
../Core/Src/main.c:425:6:SystemClock_Config	72	static
../Core/Src/main.c:465:13:MX_I2C1_Init	8	static
../Core/Src/main.c:499:13:MX_SPI1_Init	8	static
../Core/Src/main.c:537:13:MX_USART1_UART_Init	8	static
../Core/Src/main.c:570:13:MX_USART2_UART_Init	8	static
../Core/Src/main.c:603:13:MX_GPIO_Init	40	static
../Core/Src/main.c:653:6:Error_Handler	4	static,ignoring_inline_asm
