../Core/Src/main.c:101:6:HAL_UART_RxCpltCallback	16	static
../Core/Src/main.c:123:6:HAL_TIM_PeriodElapsedCallback	16	static
../Core/Src/main.c:152:6:reloadSoundTIM	8	static
../Core/Src/main.c:156:6:reloadRelayTIM	8	static
../Core/Src/main.c:196:5:main	80	static,ignoring_inline_asm
../Core/Src/main.c:424:6:SystemClock_Config	72	static
../Core/Src/main.c:464:13:MX_I2C1_Init	8	static
../Core/Src/main.c:498:13:MX_SPI1_Init	8	static
../Core/Src/main.c:536:13:MX_TIM1_Init	32	static
../Core/Src/main.c:582:13:MX_TIM2_Init	32	static
../Core/Src/main.c:627:13:MX_USART1_UART_Init	8	static
../Core/Src/main.c:660:13:MX_USART2_UART_Init	8	static
../Core/Src/main.c:693:13:MX_GPIO_Init	40	static
../Core/Src/main.c:747:6:Error_Handler	4	static,ignoring_inline_asm
