../Core/Src/rc522.c:36:9:SPI1SendByte	32	static
../Core/Src/rc522.c:44:6:SPI1_WriteReg	16	static
../Core/Src/rc522.c:51:9:SPI1_ReadReg	24	static
../Core/Src/rc522.c:61:6:MFRC522_WriteRegister	16	static
../Core/Src/rc522.c:66:9:MFRC522_ReadRegister	24	static
../Core/Src/rc522.c:74:9:MFRC522_Check	24	static
../Core/Src/rc522.c:82:9:MFRC522_Compare	24	static
../Core/Src/rc522.c:90:6:MFRC522_SetBitMask	16	static
../Core/Src/rc522.c:94:6:MFRC522_ClearBitMask	16	static
../Core/Src/rc522.c:98:9:MFRC522_Request	32	static
../Core/Src/rc522.c:109:9:MFRC522_ToCard	40	static
../Core/Src/rc522.c:172:9:MFRC522_Anticoll	32	static
../Core/Src/rc522.c:190:6:MFRC522_CalculateCRC	40	static
../Core/Src/rc522.c:213:9:MFRC522_SelectTag	40	static
../Core/Src/rc522.c:229:9:MFRC522_Auth	48	static
../Core/Src/rc522.c:245:9:MFRC522_Read	32	static
../Core/Src/rc522.c:257:9:MFRC522_Write	48	static
../Core/Src/rc522.c:278:6:MFRC522_Init	8	static
../Core/Src/rc522.c:290:6:MFRC522_Reset	8	static
../Core/Src/rc522.c:294:6:MFRC522_AntennaOn	16	static
../Core/Src/rc522.c:301:6:MFRC522_AntennaOff	8	static
../Core/Src/rc522.c:305:6:MFRC522_Halt	24	static
../Core/Src/rc522.c:315:9:cardOperationWithBlockedSector	472	static
../Core/Src/rc522.c:409:6:cardOperation	720	static
../Core/Src/rc522.c:586:6:led	24	static
