../Core/Src/rc522.c:42:7:convertNumberToCharArray	40	static
../Core/Src/rc522.c:69:9:SPI1SendByte	32	static
../Core/Src/rc522.c:77:6:SPI1_WriteReg	16	static
../Core/Src/rc522.c:84:9:SPI1_ReadReg	24	static
../Core/Src/rc522.c:94:6:MFRC522_WriteRegister	16	static
../Core/Src/rc522.c:99:9:MFRC522_ReadRegister	24	static
../Core/Src/rc522.c:107:9:MFRC522_Check	24	static
../Core/Src/rc522.c:115:9:MFRC522_Compare	24	static
../Core/Src/rc522.c:123:6:MFRC522_SetBitMask	16	static
../Core/Src/rc522.c:127:6:MFRC522_ClearBitMask	16	static
../Core/Src/rc522.c:131:9:MFRC522_Request	32	static
../Core/Src/rc522.c:142:9:MFRC522_ToCard	40	static
../Core/Src/rc522.c:205:9:MFRC522_Anticoll	32	static
../Core/Src/rc522.c:223:6:MFRC522_CalculateCRC	40	static
../Core/Src/rc522.c:246:9:MFRC522_SelectTag	40	static
../Core/Src/rc522.c:262:9:MFRC522_Auth	48	static
../Core/Src/rc522.c:278:9:MFRC522_Read	32	static
../Core/Src/rc522.c:290:9:MFRC522_Write	48	static
../Core/Src/rc522.c:311:6:MFRC522_Init	8	static
../Core/Src/rc522.c:323:6:MFRC522_Reset	8	static
../Core/Src/rc522.c:327:6:MFRC522_AntennaOn	16	static
../Core/Src/rc522.c:334:6:MFRC522_AntennaOff	8	static
../Core/Src/rc522.c:338:6:MFRC522_Halt	24	static
../Core/Src/rc522.c:348:9:cardOperationWithBlockedSector	472	static
../Core/Src/rc522.c:443:6:cardOperation	720	static
../Core/Src/rc522.c:620:6:led	24	static
