../Core/Src/rc522.c:34:9:SPI1SendByte	32	static
../Core/Src/rc522.c:42:6:SPI1_WriteReg	16	static
../Core/Src/rc522.c:49:9:SPI1_ReadReg	24	static
../Core/Src/rc522.c:59:6:MFRC522_WriteRegister	16	static
../Core/Src/rc522.c:64:9:MFRC522_ReadRegister	24	static
../Core/Src/rc522.c:72:9:MFRC522_Check	24	static
../Core/Src/rc522.c:80:9:MFRC522_Compare	24	static
../Core/Src/rc522.c:88:6:MFRC522_SetBitMask	16	static
../Core/Src/rc522.c:92:6:MFRC522_ClearBitMask	16	static
../Core/Src/rc522.c:96:9:MFRC522_Request	32	static
../Core/Src/rc522.c:107:9:MFRC522_ToCard	40	static
../Core/Src/rc522.c:170:9:MFRC522_Anticoll	32	static
../Core/Src/rc522.c:188:6:MFRC522_CalculateCRC	40	static
../Core/Src/rc522.c:211:9:MFRC522_SelectTag	40	static
../Core/Src/rc522.c:227:9:MFRC522_Auth	48	static
../Core/Src/rc522.c:243:9:MFRC522_Read	32	static
../Core/Src/rc522.c:255:9:MFRC522_Write	48	static
../Core/Src/rc522.c:276:6:MFRC522_Init	8	static
../Core/Src/rc522.c:288:6:MFRC522_Reset	8	static
../Core/Src/rc522.c:292:6:MFRC522_AntennaOn	16	static
../Core/Src/rc522.c:299:6:MFRC522_AntennaOff	8	static
../Core/Src/rc522.c:303:6:MFRC522_Halt	24	static
../Core/Src/rc522.c:313:9:cardOperationWithBlockedSector	472	static
../Core/Src/rc522.c:407:6:cardOperation	720	static
../Core/Src/rc522.c:584:6:led	24	static
