../Core/Src/main.c:88:6:HAL_UART_RxCpltCallback	16	static
../Core/Src/main.c:136:5:takeStatus	32	static
../Core/Src/main.c:153:6:takeData	40	static
../Core/Src/main.c:179:6:quectelInit	8	static
../Core/Src/main.c:221:5:main	96	static
../Core/Src/main.c:439:6:SystemClock_Config	72	static
../Core/Src/main.c:479:13:MX_I2C1_Init	8	static
../Core/Src/main.c:513:13:MX_SPI1_Init	8	static
../Core/Src/main.c:551:13:MX_USART1_UART_Init	8	static
../Core/Src/main.c:584:13:MX_USART2_UART_Init	8	static
../Core/Src/main.c:617:13:MX_GPIO_Init	40	static
../Core/Src/main.c:667:6:Error_Handler	4	static,ignoring_inline_asm
